Archive member included to satisfy reference by file (symbol)

c:/program files (x86)/atmel/studio/7.0/toolchain/arm/arm-gnu-toolchain/bin/../lib/gcc/arm-none-eabi/6.3.1/thumb/v7e-m\libgcc.a(_arm_addsubdf3.o)
                              src/main.o (__aeabi_dadd)
c:/program files (x86)/atmel/studio/7.0/toolchain/arm/arm-gnu-toolchain/bin/../lib/gcc/arm-none-eabi/6.3.1/../../../../arm-none-eabi/lib/thumb/v7e-m\libc.a(lib_a-exit.o)
                              c:/program files (x86)/atmel/studio/7.0/toolchain/arm/arm-gnu-toolchain/bin/../lib/gcc/arm-none-eabi/6.3.1/../../../../arm-none-eabi/lib/thumb/v7e-m/crt0.o (exit)
c:/program files (x86)/atmel/studio/7.0/toolchain/arm/arm-gnu-toolchain/bin/../lib/gcc/arm-none-eabi/6.3.1/../../../../arm-none-eabi/lib/thumb/v7e-m\libc.a(lib_a-impure.o)
                              c:/program files (x86)/atmel/studio/7.0/toolchain/arm/arm-gnu-toolchain/bin/../lib/gcc/arm-none-eabi/6.3.1/../../../../arm-none-eabi/lib/thumb/v7e-m\libc.a(lib_a-exit.o) (_global_impure_ptr)
c:/program files (x86)/atmel/studio/7.0/toolchain/arm/arm-gnu-toolchain/bin/../lib/gcc/arm-none-eabi/6.3.1/../../../../arm-none-eabi/lib/thumb/v7e-m\libc.a(lib_a-init.o)
                              c:/program files (x86)/atmel/studio/7.0/toolchain/arm/arm-gnu-toolchain/bin/../lib/gcc/arm-none-eabi/6.3.1/../../../../arm-none-eabi/lib/thumb/v7e-m/crt0.o (__libc_init_array)
c:/program files (x86)/atmel/studio/7.0/toolchain/arm/arm-gnu-toolchain/bin/../lib/gcc/arm-none-eabi/6.3.1/../../../../arm-none-eabi/lib/thumb/v7e-m\libc.a(lib_a-memset.o)
                              c:/program files (x86)/atmel/studio/7.0/toolchain/arm/arm-gnu-toolchain/bin/../lib/gcc/arm-none-eabi/6.3.1/../../../../arm-none-eabi/lib/thumb/v7e-m/crt0.o (memset)
c:/program files (x86)/atmel/studio/7.0/toolchain/arm/arm-gnu-toolchain/bin/../lib/gcc/arm-none-eabi/6.3.1/../../../../arm-none-eabi/lib/thumb/v7e-m\libc.a(lib_a-sprintf.o)
                              src/main.o (sprintf)
c:/program files (x86)/atmel/studio/7.0/toolchain/arm/arm-gnu-toolchain/bin/../lib/gcc/arm-none-eabi/6.3.1/../../../../arm-none-eabi/lib/thumb/v7e-m\libc.a(lib_a-svfprintf.o)
                              c:/program files (x86)/atmel/studio/7.0/toolchain/arm/arm-gnu-toolchain/bin/../lib/gcc/arm-none-eabi/6.3.1/../../../../arm-none-eabi/lib/thumb/v7e-m\libc.a(lib_a-sprintf.o) (_svfprintf_r)
c:/program files (x86)/atmel/studio/7.0/toolchain/arm/arm-gnu-toolchain/bin/../lib/gcc/arm-none-eabi/6.3.1/../../../../arm-none-eabi/lib/thumb/v7e-m\libc.a(lib_a-__call_atexit.o)
                              c:/program files (x86)/atmel/studio/7.0/toolchain/arm/arm-gnu-toolchain/bin/../lib/gcc/arm-none-eabi/6.3.1/../../../../arm-none-eabi/lib/thumb/v7e-m\libc.a(lib_a-exit.o) (__call_exitprocs)
c:/program files (x86)/atmel/studio/7.0/toolchain/arm/arm-gnu-toolchain/bin/../lib/gcc/arm-none-eabi/6.3.1/../../../../arm-none-eabi/lib/thumb/v7e-m\libc.a(lib_a-atexit.o)
                              c:/program files (x86)/atmel/studio/7.0/toolchain/arm/arm-gnu-toolchain/bin/../lib/gcc/arm-none-eabi/6.3.1/../../../../arm-none-eabi/lib/thumb/v7e-m\libc.a(lib_a-__call_atexit.o) (atexit)
c:/program files (x86)/atmel/studio/7.0/toolchain/arm/arm-gnu-toolchain/bin/../lib/gcc/arm-none-eabi/6.3.1/../../../../arm-none-eabi/lib/thumb/v7e-m\libc.a(lib_a-dtoa.o)
                              c:/program files (x86)/atmel/studio/7.0/toolchain/arm/arm-gnu-toolchain/bin/../lib/gcc/arm-none-eabi/6.3.1/../../../../arm-none-eabi/lib/thumb/v7e-m\libc.a(lib_a-svfprintf.o) (_dtoa_r)
c:/program files (x86)/atmel/studio/7.0/toolchain/arm/arm-gnu-toolchain/bin/../lib/gcc/arm-none-eabi/6.3.1/../../../../arm-none-eabi/lib/thumb/v7e-m\libc.a(lib_a-fini.o)
                              c:/program files (x86)/atmel/studio/7.0/toolchain/arm/arm-gnu-toolchain/bin/../lib/gcc/arm-none-eabi/6.3.1/../../../../arm-none-eabi/lib/thumb/v7e-m\libc.a(lib_a-__call_atexit.o) (__libc_fini_array)
c:/program files (x86)/atmel/studio/7.0/toolchain/arm/arm-gnu-toolchain/bin/../lib/gcc/arm-none-eabi/6.3.1/../../../../arm-none-eabi/lib/thumb/v7e-m\libc.a(lib_a-localeconv.o)
                              c:/program files (x86)/atmel/studio/7.0/toolchain/arm/arm-gnu-toolchain/bin/../lib/gcc/arm-none-eabi/6.3.1/../../../../arm-none-eabi/lib/thumb/v7e-m\libc.a(lib_a-svfprintf.o) (_localeconv_r)
c:/program files (x86)/atmel/studio/7.0/toolchain/arm/arm-gnu-toolchain/bin/../lib/gcc/arm-none-eabi/6.3.1/../../../../arm-none-eabi/lib/thumb/v7e-m\libc.a(lib_a-lock.o)
                              c:/program files (x86)/atmel/studio/7.0/toolchain/arm/arm-gnu-toolchain/bin/../lib/gcc/arm-none-eabi/6.3.1/../../../../arm-none-eabi/lib/thumb/v7e-m\libc.a(lib_a-__call_atexit.o) (__retarget_lock_acquire_recursive)
c:/program files (x86)/atmel/studio/7.0/toolchain/arm/arm-gnu-toolchain/bin/../lib/gcc/arm-none-eabi/6.3.1/../../../../arm-none-eabi/lib/thumb/v7e-m\libc.a(lib_a-mallocr.o)
[...]
Memory Configuration

Name             Origin             Length             Attributes
rom              0x00400000         0x00200000         xr
ram              0x20400000         0x00060000         xrw
*default*        0x00000000         0xffffffff

Linker script and memory map

LOAD c:/program files (x86)/atmel/studio/7.0/toolchain/arm/arm-gnu-toolchain/bin/../lib/gcc/arm-none-eabi/6.3.1/thumb/v7e-m/crti.o
LOAD c:/program files (x86)/atmel/studio/7.0/toolchain/arm/arm-gnu-toolchain/bin/../lib/gcc/arm-none-eabi/6.3.1/thumb/v7e-m/crtbegin.o
LOAD c:/program files (x86)/atmel/studio/7.0/toolchain/arm/arm-gnu-toolchain/bin/../lib/gcc/arm-none-eabi/6.3.1/../../../../arm-none-eabi/lib/thumb/v7e-m/crt0.o
LOAD src/ASF/common/services/sleepmgr/sam/sleepmgr.o
LOAD src/ASF/sam/drivers/spi/spi.o
LOAD src/ASF/sam/drivers/tc/tc.o
LOAD src/gfx_mono_framebuffer.o
LOAD src/gfx_mono_generic.o
LOAD src/gfx_mono_text.o
LOAD src/gfx_mono_ug_2832hsweg04.o
LOAD src/ssd1306.o
LOAD src/sysfont.o
LOAD src/ASF/common/services/delay/sam/cycle_counter.o
LOAD src/ASF/common/services/clock/same70/sysclk.o
LOAD src/ASF/common/utils/interrupt/interrupt_sam_nvic.o
LOAD src/ASF/sam/boards/same70_xplained/init.o
LOAD src/ASF/sam/drivers/mpu/mpu.o
LOAD src/ASF/sam/drivers/pio/pio.o
LOAD src/ASF/sam/drivers/pio/pio_handler.o
LOAD src/ASF/sam/drivers/pmc/pmc.o
LOAD src/ASF/sam/drivers/pmc/sleep.o
LOAD src/ASF/sam/utils/cmsis/same70/source/templates/gcc/startup_same70.o
LOAD src/ASF/sam/utils/cmsis/same70/source/templates/system_same70.o
LOAD src/ASF/sam/utils/syscalls/gcc/syscalls.o
LOAD src/main.o
START GROUP
LOAD ../src/ASF/thirdparty/CMSIS/Lib/GCC\libarm_cortexM7lfsp_math_softfp.a
LOAD c:/program files (x86)/atmel/studio/7.0/toolchain/arm/arm-gnu-toolchain/bin/../lib/gcc/arm-none-eabi/6.3.1/../../../../arm-none-eabi/lib/thumb/v7e-m\libm.a
END GROUP
START GROUP
LOAD c:/program files (x86)/atmel/studio/7.0/toolchain/arm/arm-gnu-toolchain/bin/../lib/gcc/arm-none-eabi/6.3.1/thumb/v7e-m\libgcc.a
LOAD c:/program files (x86)/atmel/studio/7.0/toolchain/arm/arm-gnu-toolchain/bin/../lib/gcc/arm-none-eabi/6.3.1/../../../../arm-none-eabi/lib/thumb/v7e-m\libc.a
END GROUP
LOAD c:/program files (x86)/atmel/studio/7.0/toolchain/arm/arm-gnu-toolchain/bin/../lib/gcc/arm-none-eabi/6.3.1/thumb/v7e-m/crtend.o
LOAD c:/program files (x86)/atmel/studio/7.0/toolchain/arm/arm-gnu-toolchain/bin/../lib/gcc/arm-none-eabi/6.3.1/thumb/v7e-m/crtn.o
                0x00002000                STACK_SIZE = DEFINED (STACK_SIZE)?STACK_SIZE:0x2000
                0x2045fffc                __ram_end__ = ((ORIGIN (ram) + LENGTH (ram)) - 0x4)
                0x00000200                HEAP_SIZE = DEFINED (HEAP_SIZE)?HEAP_SIZE:0x200

.text           0x00400000     0x6acc
                0x00400000                . = ALIGN (0x4)
                0x00400000                _sfixed = .
 *(.vectors .vectors.*)
 .vectors       0x00400000      0x140 src/ASF/sam/utils/cmsis/same70/source/templates/gcc/startup_same70.o
                0x00400000                exception_table
 *(.text .text.* .gnu.linkonce.t.*)
 .text          0x00400140       0x6c c:/program files (x86)/atmel/studio/7.0/toolchain/arm/arm-gnu-toolchain/bin/../lib/gcc/arm-none-eabi/6.3.1/thumb/v7e-m/crtbegin.o
 .text.spi_enable_clock
                0x004001ac       0x2c src/ASF/sam/drivers/spi/spi.o
                0x004001ac                spi_enable_clock
 .text.spi_set_peripheral_chip_select_value
                0x004001d8       0x16 src/ASF/sam/drivers/spi/spi.o
                0x004001d8                spi_set_peripheral_chip_select_value
 .text.spi_write
                0x004001ee       0x34 src/ASF/sam/drivers/spi/spi.o
                0x004001ee                spi_write
 .text.spi_set_clock_polarity
                0x00400222       0x1e src/ASF/sam/drivers/spi/spi.o
                0x00400222                spi_set_clock_polarity
 .text.spi_set_clock_phase
                0x00400240       0x1e src/ASF/sam/drivers/spi/spi.o
                0x00400240                spi_set_clock_phase
 .text.spi_configure_cs_behavior
                0x0040025e       0x46 src/ASF/sam/drivers/spi/spi.o
                0x0040025e                spi_configure_cs_behavior
 .text.spi_set_bits_per_transfer
                0x004002a4       0x14 src/ASF/sam/drivers/spi/spi.o
                0x004002a4                spi_set_bits_per_transfer
 .text.spi_calc_baudrate_div
                0x004002b8       0x16 src/ASF/sam/drivers/spi/spi.o
                0x004002b8                spi_calc_baudrate_div
 .text.spi_set_baudrate_div
                0x004002ce       0x28 src/ASF/sam/drivers/spi/spi.o
                0x004002ce                spi_set_baudrate_div
 .text.tc_init  0x004002f6       0x1a src/ASF/sam/drivers/tc/tc.o
                0x004002f6                tc_init
 .text.tc_start
                0x00400310        0x8 src/ASF/sam/drivers/tc/tc.o
                0x00400310                tc_start
 .text.tc_write_rc
                0x00400318        0x8 src/ASF/sam/drivers/tc/tc.o
                0x00400318                tc_write_rc
 .text.tc_enable_interrupt
                0x00400320        0x8 src/ASF/sam/drivers/tc/tc.o
                0x00400320                tc_enable_interrupt
 .text.tc_get_status
                0x00400328        0x8 src/ASF/sam/drivers/tc/tc.o
                0x00400328                tc_get_status
 .text.tc_find_mck_divisor
                0x00400330       0x70 src/ASF/sam/drivers/tc/tc.o
                0x00400330                tc_find_mck_divisor
 .text.gfx_mono_set_framebuffer
                0x004003a0        0xc src/gfx_mono_framebuffer.o
                0x004003a0                gfx_mono_set_framebuffer
 .text.gfx_mono_framebuffer_put_byte
                0x004003ac       0x10 src/gfx_mono_framebuffer.o
                0x004003ac                gfx_mono_framebuffer_put_byte
 .text.gfx_mono_framebuffer_get_byte
                0x004003bc       0x10 src/gfx_mono_framebuffer.o
                0x004003bc                gfx_mono_framebuffer_get_byte
 .text.gfx_mono_generic_draw_horizontal_line
                0x004003cc       0xd0 src/gfx_mono_generic.o
                0x004003cc                gfx_mono_generic_draw_horizontal_line
 .text.gfx_mono_generic_draw_filled_rect
                0x0040049c       0x38 src/gfx_mono_generic.o
                0x0040049c                gfx_mono_generic_draw_filled_rect
 .text.gfx_mono_draw_char
                0x004004d4       0xac src/gfx_mono_text.o
                0x004004d4                gfx_mono_draw_char
 .text.gfx_mono_draw_string
                0x00400580       0x48 src/gfx_mono_text.o
                0x00400580                gfx_mono_draw_string
 .text.gfx_mono_ssd1306_put_byte
                0x004005c8       0x50 src/gfx_mono_ug_2832hsweg04.o
                0x004005c8                gfx_mono_ssd1306_put_byte
 .text.gfx_mono_ssd1306_init
                0x00400618       0x50 src/gfx_mono_ug_2832hsweg04.o
                0x00400618                gfx_mono_ssd1306_init
 .text.gfx_mono_ssd1306_draw_pixel
                0x00400668       0x64 src/gfx_mono_ug_2832hsweg04.o
                0x00400668                gfx_mono_ssd1306_draw_pixel
 .text.gfx_mono_ssd1306_get_byte
                0x004006cc        0xc src/gfx_mono_ug_2832hsweg04.o
                0x004006cc                gfx_mono_ssd1306_get_byte
 .text.ssd1306_write_command
                0x004006d8       0x40 src/ssd1306.o
                0x004006d8                ssd1306_write_command
 .text.ssd1306_init
                0x00400718      0x1e0 src/ssd1306.o
                0x00400718                ssd1306_init
 .text.ssd1306_write_data
                0x004008f8       0x40 src/ssd1306.o
                0x004008f8                ssd1306_write_data
 .text.sysclk_init
                0x00400938       0x70 src/ASF/common/services/clock/same70/sysclk.o
                0x00400938                sysclk_init
 .text.board_init
                0x004009a8      0x140 src/ASF/sam/boards/same70_xplained/init.o
                0x004009a8                board_init
 .text.pio_set  0x00400ae8        0x4 src/ASF/sam/drivers/pio/pio.o
                0x00400ae8                pio_set
 .text.pio_clear
                0x00400aec        0x4 src/ASF/sam/drivers/pio/pio.o
                0x00400aec                pio_clear
 .text.pio_set_peripheral
                0x00400af0       0x92 src/ASF/sam/drivers/pio/pio.o
                0x00400af0                pio_set_peripheral
 .text.pio_set_input
                0x00400b82       0x36 src/ASF/sam/drivers/pio/pio.o
                0x00400b82                pio_set_input
 .text.pio_set_output
                0x00400bb8       0x28 src/ASF/sam/drivers/pio/pio.o
                0x00400bb8                pio_set_output
 .text.pio_configure
                0x00400be0       0x90 src/ASF/sam/drivers/pio/pio.o
                0x00400be0                pio_configure
 .text.pio_get_output_data_status
                0x00400c70        0xc src/ASF/sam/drivers/pio/pio.o
                0x00400c70                pio_get_output_data_status
 .text.pio_configure_interrupt
                0x00400c7c       0x32 src/ASF/sam/drivers/pio/pio.o
                0x00400c7c                pio_configure_interrupt
 .text.pio_enable_interrupt
                0x00400cae        0x4 src/ASF/sam/drivers/pio/pio.o
                0x00400cae                pio_enable_interrupt
 .text.pio_get_interrupt_status
                0x00400cb2        0x4 src/ASF/sam/drivers/pio/pio.o
                0x00400cb2                pio_get_interrupt_status
 .text.pio_get_interrupt_mask
                0x00400cb6        0x4 src/ASF/sam/drivers/pio/pio.o
                0x00400cb6                pio_get_interrupt_mask
 *fill*         0x00400cba        0x2 
 .text.pio_handler_process
                0x00400cbc       0x50 src/ASF/sam/drivers/pio/pio_handler.o
                0x00400cbc                pio_handler_process
 .text.pio_handler_set
                0x00400d0c       0x70 src/ASF/sam/drivers/pio/pio_handler.o
                0x00400d0c                pio_handler_set
 .text.PIOA_Handler
                0x00400d7c       0x14 src/ASF/sam/drivers/pio/pio_handler.o
                0x00400d7c                PIOA_Handler
 .text.PIOB_Handler
                0x00400d90       0x14 src/ASF/sam/drivers/pio/pio_handler.o
                0x00400d90                PIOB_Handler
 .text.PIOC_Handler
                0x00400da4       0x14 src/ASF/sam/drivers/pio/pio_handler.o
                0x00400da4                PIOC_Handler
 .text.PIOD_Handler
                0x00400db8       0x14 src/ASF/sam/drivers/pio/pio_handler.o
                0x00400db8                PIOD_Handler
 .text.PIOE_Handler
                0x00400dcc       0x14 src/ASF/sam/drivers/pio/pio_handler.o
                0x00400dcc                PIOE_Handler
 .text.pmc_mck_set_division
                0x00400de0       0x38 src/ASF/sam/drivers/pmc/pmc.o
                0x00400de0                pmc_mck_set_division
 .text.pmc_switch_mck_to_pllack
                0x00400e18       0x64 src/ASF/sam/drivers/pmc/pmc.o
                0x00400e18                pmc_switch_mck_to_pllack
 .text.pmc_switch_mainck_to_xtal
                0x00400e7c       0x54 src/ASF/sam/drivers/pmc/pmc.o
                0x00400e7c                pmc_switch_mainck_to_xtal
 .text.pmc_osc_is_ready_mainck
                0x00400ed0       0x10 src/ASF/sam/drivers/pmc/pmc.o
                0x00400ed0                pmc_osc_is_ready_mainck
 .text.pmc_disable_pllack
                0x00400ee0       0x10 src/ASF/sam/drivers/pmc/pmc.o
                0x00400ee0                pmc_disable_pllack
 .text.pmc_is_locked_pllack
                0x00400ef0       0x10 src/ASF/sam/drivers/pmc/pmc.o
                0x00400ef0                pmc_is_locked_pllack
 .text.pmc_enable_periph_clk
                0x00400f00       0x54 src/ASF/sam/drivers/pmc/pmc.o
                0x00400f00                pmc_enable_periph_clk
 .text.Dummy_Handler
                0x00400f54        0x2 src/ASF/sam/utils/cmsis/same70/source/templates/gcc/startup_same70.o
                0x00400f54                DACC_Handler
                0x00400f54                DebugMon_Handler
                0x00400f54                UART3_Handler
                0x00400f54                UART2_Handler
                0x00400f54                TRNG_Handler
                0x00400f54                HardFault_Handler
                0x00400f54                TC2_Handler
                0x00400f54                SysTick_Handler
                0x00400f54                AFEC1_Handler
                0x00400f54                PendSV_Handler
                0x00400f54                NMI_Handler
                0x00400f54                TC7_Handler
                0x00400f54                QSPI_Handler
                0x00400f54                ISI_Handler
                0x00400f54                TC9_Handler
                0x00400f54                RSWDT_Handler
                0x00400f54                MCAN1_Handler
                0x00400f54                USART0_Handler
                0x00400f54                RTT_Handler
                0x00400f54                USBHS_Handler
                0x00400f54                RTC_Handler
                0x00400f54                UsageFault_Handler
                0x00400f54                TC6_Handler
                0x00400f54                WDT_Handler
                0x00400f54                TC4_Handler
                0x00400f54                TC1_Handler
                0x00400f54                HSMCI_Handler
                0x00400f54                UART1_Handler
                0x00400f54                TC3_Handler
                0x00400f54                Dummy_Handler
                0x00400f54                TWIHS1_Handler
                0x00400f54                XDMAC_Handler
                0x00400f54                UART4_Handler
                0x00400f54                PWM1_Handler
                0x00400f54                USART1_Handler
                0x00400f54                PWM0_Handler
                0x00400f54                AFEC0_Handler
                0x00400f54                SSC_Handler
                0x00400f54                TC11_Handler
                0x00400f54                ACC_Handler
                0x00400f54                PMC_Handler
                0x00400f54                GMAC_Handler
                0x00400f54                MemManage_Handler
                0x00400f54                SUPC_Handler
                0x00400f54                SVC_Handler
                0x00400f54                TC8_Handler
                0x00400f54                EFC_Handler
                0x00400f54                USART2_Handler
                0x00400f54                SDRAMC_Handler
                0x00400f54                SPI1_Handler
                0x00400f54                MCAN0_Handler
                0x00400f54                TC10_Handler
                0x00400f54                TWIHS2_Handler
                0x00400f54                UART0_Handler
                0x00400f54                BusFault_Handler
                0x00400f54                RSTC_Handler
                0x00400f54                TC5_Handler
                0x00400f54                ICM_Handler
                0x00400f54                AES_Handler
                0x00400f54                TWIHS0_Handler
                0x00400f54                SPI0_Handler
 *fill*         0x00400f56        0x2 
 .text.Reset_Handler
                0x00400f58       0xc8 src/ASF/sam/utils/cmsis/same70/source/templates/gcc/startup_same70.o
                0x00400f58                Reset_Handler
 .text.SystemCoreClockUpdate
                0x00401020      0x10c src/ASF/sam/utils/cmsis/same70/source/templates/system_same70.o
                0x00401020                SystemCoreClockUpdate
 .text.system_init_flash
                0x0040112c       0x8c src/ASF/sam/utils/cmsis/same70/source/templates/system_same70.o
                0x0040112c                system_init_flash
 .text._sbrk    0x004011b8       0x38 src/ASF/sam/utils/syscalls/gcc/syscalls.o
                0x004011b8                _sbrk
 .text.but1_callback
                0x004011f0       0x14 src/main.o
                0x004011f0                but1_callback
 *fill*         0x00401204        0x4 
 .text.TC0_Handler
                0x00401208       0x4c src/main.o
                0x00401208                TC0_Handler
 .text.pin_toggle
                0x00401254       0x2c src/main.o
                0x00401254                pin_toggle
 .text.io_init  0x00401280       0xa4 src/main.o
                0x00401280                io_init
 .text.TC_init  0x00401324       0x94 src/main.o
                0x00401324                TC_init
 .text.main     0x004013b8       0xe0 src/main.o
                0x004013b8                main
 .text          0x00401498      0x370 c:/program files (x86)/atmel/studio/7.0/toolchain/arm/arm-gnu-toolchain/bin/../lib/gcc/arm-none-eabi/6.3.1/thumb/v7e-m\libgcc.a(_arm_addsubdf3.o)
                0x00401498                __aeabi_drsub
                0x004014a0                __aeabi_dsub
                0x004014a0                __subdf3
                0x004014a4                __aeabi_dadd
                0x004014a4                __adddf3
                0x0040171c                __floatunsidf
                0x0040171c                __aeabi_ui2d
                0x0040173c                __floatsidf
                0x0040173c                __aeabi_i2d
                0x00401760                __aeabi_f2d
                0x00401760                __extendsfdf2
                0x0040179c                __floatundidf
                0x0040179c                __aeabi_ul2d
                0x004017ac                __floatdidf
                0x004017ac                __aeabi_l2d
 .text.__libc_init_array
                0x00401808       0x50 c:/program files (x86)/atmel/studio/7.0/toolchain/arm/arm-gnu-toolchain/bin/../lib/gcc/arm-none-eabi/6.3.1/../../../../arm-none-eabi/lib/thumb/v7e-m\libc.a(lib_a-init.o)
                0x00401808                __libc_init_array
 .text.memset   0x00401858       0x9c c:/program files (x86)/atmel/studio/7.0/toolchain/arm/arm-gnu-toolchain/bin/../lib/gcc/arm-none-eabi/6.3.1/../../../../arm-none-eabi/lib/thumb/v7e-m\libc.a(lib_a-memset.o)
                0x00401858                memset
 .text.sprintf  0x004018f4       0x4c c:/program files (x86)/atmel/studio/7.0/toolchain/arm/arm-gnu-toolchain/bin/../lib/gcc/arm-none-eabi/6.3.1/../../../../arm-none-eabi/lib/thumb/v7e-m\libc.a(lib_a-sprintf.o)
                0x004018f4                sprintf
 .text._svfprintf_r
                0x00401940     0x145c c:/program files (x86)/atmel/studio/7.0/toolchain/arm/arm-gnu-toolchain/bin/../lib/gcc/arm-none-eabi/6.3.1/../../../../arm-none-eabi/lib/thumb/v7e-m\libc.a(lib_a-svfprintf.o)
                0x00401940                _svfprintf_r
 .text.startup.register_fini
                0x00402d9c       0x14 c:/program files (x86)/atmel/studio/7.0/toolchain/arm/arm-gnu-toolchain/bin/../lib/gcc/arm-none-eabi/6.3.1/../../../../arm-none-eabi/lib/thumb/v7e-m\libc.a(lib_a-__call_atexit.o)
 .text.atexit   0x00402db0        0xc c:/program files (x86)/atmel/studio/7.0/toolchain/arm/arm-gnu-toolchain/bin/../lib/gcc/arm-none-eabi/6.3.1/../../../../arm-none-eabi/lib/thumb/v7e-m\libc.a(lib_a-atexit.o)
                0x00402db0                atexit
 .text.quorem   0x00402dbc      0x128 c:/program files (x86)/atmel/studio/7.0/toolchain/arm/arm-gnu-toolchain/bin/../lib/gcc/arm-none-eabi/6.3.1/../../../../arm-none-eabi/lib/thumb/v7e-m\libc.a(lib_a-dtoa.o)
 *fill*         0x00402ee4        0x4 
 .text._dtoa_r  0x00402ee8      0xe54 c:/program files (x86)/atmel/studio/7.0/toolchain/arm/arm-gnu-toolchain/bin/../lib/gcc/arm-none-eabi/6.3.1/../../../../arm-none-eabi/lib/thumb/v7e-m\libc.a(lib_a-dtoa.o)
                0x00402ee8                _dtoa_r
 .text.__libc_fini_array
                0x00403d3c       0x34 c:/program files (x86)/atmel/studio/7.0/toolchain/arm/arm-gnu-toolchain/bin/../lib/gcc/arm-none-eabi/6.3.1/../../../../arm-none-eabi/lib/thumb/v7e-m\libc.a(lib_a-fini.o)
                0x00403d3c                __libc_fini_array
 .text._localeconv_r
                0x00403d70       0x1c c:/program files (x86)/atmel/studio/7.0/toolchain/arm/arm-gnu-toolchain/bin/../lib/gcc/arm-none-eabi/6.3.1/../../../../arm-none-eabi/lib/thumb/v7e-m\libc.a(lib_a-localeconv.o)
                0x00403d70                _localeconv_r
 .text.__retarget_lock_acquire_recursive
                0x00403d8c        0x4 c:/program files (x86)/atmel/studio/7.0/toolchain/arm/arm-gnu-toolchain/bin/../lib/gcc/arm-none-eabi/6.3.1/../../../../arm-none-eabi/lib/thumb/v7e-m\libc.a(lib_a-lock.o)
                0x00403d8c                __retarget_lock_acquire_recursive
 .text.__retarget_lock_release_recursive
                0x00403d90        0x4 c:/program files (x86)/atmel/studio/7.0/toolchain/arm/arm-gnu-toolchain/bin/../lib/gcc/arm-none-eabi/6.3.1/../../../../arm-none-eabi/lib/thumb/v7e-m\libc.a(lib_a-lock.o)
                0x00403d90                __retarget_lock_release_recursive
 .text._malloc_r
                0x00403d94      0x560 c:/program files (x86)/atmel/studio/7.0/toolchain/arm/arm-gnu-toolchain/bin/../lib/gcc/arm-none-eabi/6.3.1/../../../../arm-none-eabi/lib/thumb/v7e-m\libc.a(lib_a-mallocr.o)
                0x00403d94                _malloc_r
 *fill*         0x004042f4        0xc 
 .text          0x00404300       0xa0 c:/program files (x86)/atmel/studio/7.0/toolchain/arm/arm-gnu-toolchain/bin/../lib/gcc/arm-none-eabi/6.3.1/../../../../arm-none-eabi/lib/thumb/v7e-m\libc.a(lib_a-memchr.o)
                0x00404300                memchr
 .text          0x004043a0      0x134 c:/program files (x86)/atmel/studio/7.0/toolchain/arm/arm-gnu-toolchain/bin/../lib/gcc/arm-none-eabi/6.3.1/../../../../arm-none-eabi/lib/thumb/v7e-m\libc.a(lib_a-memcpy.o)
                0x004043a0                memcpy
 .text.__malloc_lock
                0x004044d4        0xc c:/program files (x86)/atmel/studio/7.0/toolchain/arm/arm-gnu-toolchain/bin/../lib/gcc/arm-none-eabi/6.3.1/../../../../arm-none-eabi/lib/thumb/v7e-m\libc.a(lib_a-mlock.o)
                0x004044d4                __malloc_lock
 .text.__malloc_unlock
                0x004044e0        0xc c:/program files (x86)/atmel/studio/7.0/toolchain/arm/arm-gnu-toolchain/bin/../lib/gcc/arm-none-eabi/6.3.1/../../../../arm-none-eabi/lib/thumb/v7e-m\libc.a(lib_a-mlock.o)
                0x004044e0                __malloc_unlock
 .text._Balloc  0x004044ec       0x4c c:/program files (x86)/atmel/studio/7.0/toolchain/arm/arm-gnu-toolchain/bin/../lib/gcc/arm-none-eabi/6.3.1/../../../../arm-none-eabi/lib/thumb/v7e-m\libc.a(lib_a-mprec.o)
                0x004044ec                _Balloc
 .text._Bfree   0x00404538       0x14 c:/program files (x86)/atmel/studio/7.0/toolchain/arm/arm-gnu-toolchain/bin/../lib/gcc/arm-none-eabi/6.3.1/../../../../arm-none-eabi/lib/thumb/v7e-m\libc.a(lib_a-mprec.o)
                0x00404538                _Bfree
 .text.__multadd
                0x0040454c       0x80 c:/program files (x86)/atmel/studio/7.0/toolchain/arm/arm-gnu-toolchain/bin/../lib/gcc/arm-none-eabi/6.3.1/../../../../arm-none-eabi/lib/thumb/v7e-m\libc.a(lib_a-mprec.o)
                0x0040454c                __multadd
 .text.__hi0bits
                0x004045cc       0x40 c:/program files (x86)/atmel/studio/7.0/toolchain/arm/arm-gnu-toolchain/bin/../lib/gcc/arm-none-eabi/6.3.1/../../../../arm-none-eabi/lib/thumb/v7e-m\libc.a(lib_a-mprec.o)
                0x004045cc                __hi0bits
 .text.__lo0bits
                0x0040460c       0x60 c:/program files (x86)/atmel/studio/7.0/toolchain/arm/arm-gnu-toolchain/bin/../lib/gcc/arm-none-eabi/6.3.1/../../../../arm-none-eabi/lib/thumb/v7e-m\libc.a(lib_a-mprec.o)
                0x0040460c                __lo0bits
 .text.__i2b    0x0040466c       0x14 c:/program files (x86)/atmel/studio/7.0/toolchain/arm/arm-gnu-toolchain/bin/../lib/gcc/arm-none-eabi/6.3.1/../../../../arm-none-eabi/lib/thumb/v7e-m\libc.a(lib_a-mprec.o)
                0x0040466c                __i2b
 .text.__multiply
                0x00404680      0x124 c:/program files (x86)/atmel/studio/7.0/toolchain/arm/arm-gnu-toolchain/bin/../lib/gcc/arm-none-eabi/6.3.1/../../../../arm-none-eabi/lib/thumb/v7e-m\libc.a(lib_a-mprec.o)
                0x00404680                __multiply
 .text.__pow5mult
                0x004047a4       0xa0 c:/program files (x86)/atmel/studio/7.0/toolchain/arm/arm-gnu-toolchain/bin/../lib/gcc/arm-none-eabi/6.3.1/../../../../arm-none-eabi/lib/thumb/v7e-m\libc.a(lib_a-mprec.o)
                0x004047a4                __pow5mult
 .text.__lshift
                0x00404844       0xa4 c:/program files (x86)/atmel/studio/7.0/toolchain/arm/arm-gnu-toolchain/bin/../lib/gcc/arm-none-eabi/6.3.1/../../../../arm-none-eabi/lib/thumb/v7e-m\libc.a(lib_a-mprec.o)
                0x00404844                __lshift
 .text.__mcmp   0x004048e8       0x38 c:/program files (x86)/atmel/studio/7.0/toolchain/arm/arm-gnu-toolchain/bin/../lib/gcc/arm-none-eabi/6.3.1/../../../../arm-none-eabi/lib/thumb/v7e-m\libc.a(lib_a-mprec.o)
                0x004048e8                __mcmp
 .text.__mdiff  0x00404920      0x108 c:/program files (x86)/atmel/studio/7.0/toolchain/arm/arm-gnu-toolchain/bin/../lib/gcc/arm-none-eabi/6.3.1/../../../../arm-none-eabi/lib/thumb/v7e-m\libc.a(lib_a-mprec.o)
                0x00404920                __mdiff
 .text.__d2b    0x00404a28       0xb8 c:/program files (x86)/atmel/studio/7.0/toolchain/arm/arm-gnu-toolchain/bin/../lib/gcc/arm-none-eabi/6.3.1/../../../../arm-none-eabi/lib/thumb/v7e-m\libc.a(lib_a-mprec.o)
                0x00404a28                __d2b
 .text._sbrk_r  0x00404ae0       0x24 c:/program files (x86)/atmel/studio/7.0/toolchain/arm/arm-gnu-toolchain/bin/../lib/gcc/arm-none-eabi/6.3.1/../../../../arm-none-eabi/lib/thumb/v7e-m\libc.a(lib_a-sbrkr.o)
                0x00404ae0                _sbrk_r
 *fill*         0x00404b04       0x3c 
 .text          0x00404b40       0xdc c:/program files (x86)/atmel/studio/7.0/toolchain/arm/arm-gnu-toolchain/bin/../lib/gcc/arm-none-eabi/6.3.1/../../../../arm-none-eabi/lib/thumb/v7e-m\libc.a(lib_a-strlen.o)
                0x00404b40                strlen
 .text.__ssprint_r
                0x00404c1c       0xfc c:/program files (x86)/atmel/studio/7.0/toolchain/arm/arm-gnu-toolchain/bin/../lib/gcc/arm-none-eabi/6.3.1/../../../../arm-none-eabi/lib/thumb/v7e-m\libc.a(lib_a-svfiprintf.o)
                0x00404c1c                __ssprint_r
 .text.__register_exitproc
                0x00404d18       0xc4 c:/program files (x86)/atmel/studio/7.0/toolchain/arm/arm-gnu-toolchain/bin/../lib/gcc/arm-none-eabi/6.3.1/../../../../arm-none-eabi/lib/thumb/v7e-m\libc.a(lib_a-__atexit.o)
                0x00404d18                __register_exitproc
 .text._calloc_r
                0x00404ddc       0x60 c:/program files (x86)/atmel/studio/7.0/toolchain/arm/arm-gnu-toolchain/bin/../lib/gcc/arm-none-eabi/6.3.1/../../../../arm-none-eabi/lib/thumb/v7e-m\libc.a(lib_a-callocr.o)
                0x00404ddc                _calloc_r
 .text._malloc_trim_r
                0x00404e3c       0xa0 c:/program files (x86)/atmel/studio/7.0/toolchain/arm/arm-gnu-toolchain/bin/../lib/gcc/arm-none-eabi/6.3.1/../../../../arm-none-eabi/lib/thumb/v7e-m\libc.a(lib_a-freer.o)
                0x00404e3c                _malloc_trim_r
 .text._free_r  0x00404edc      0x1cc c:/program files (x86)/atmel/studio/7.0/toolchain/arm/arm-gnu-toolchain/bin/../lib/gcc/arm-none-eabi/6.3.1/../../../../arm-none-eabi/lib/thumb/v7e-m\libc.a(lib_a-freer.o)
                0x00404edc                _free_r
 .text.__ascii_mbtowc
                0x004050a8       0x2c c:/program files (x86)/atmel/studio/7.0/toolchain/arm/arm-gnu-toolchain/bin/../lib/gcc/arm-none-eabi/6.3.1/../../../../arm-none-eabi/lib/thumb/v7e-m\libc.a(lib_a-mbtowc_r.o)
                0x004050a8                __ascii_mbtowc
 .text.memmove  0x004050d4       0xc8 c:/program files (x86)/atmel/studio/7.0/toolchain/arm/arm-gnu-toolchain/bin/../lib/gcc/arm-none-eabi/6.3.1/../../../../arm-none-eabi/lib/thumb/v7e-m\libc.a(lib_a-memmove.o)
                0x004050d4                memmove
 .text._realloc_r
                0x0040519c      0x34c c:/program files (x86)/atmel/studio/7.0/toolchain/arm/arm-gnu-toolchain/bin/../lib/gcc/arm-none-eabi/6.3.1/../../../../arm-none-eabi/lib/thumb/v7e-m\libc.a(lib_a-reallocr.o)
                0x0040519c                _realloc_r
 .text.__ascii_wctomb
                0x004054e8       0x1c c:/program files (x86)/atmel/studio/7.0/toolchain/arm/arm-gnu-toolchain/bin/../lib/gcc/arm-none-eabi/6.3.1/../../../../arm-none-eabi/lib/thumb/v7e-m\libc.a(lib_a-wctomb_r.o)
                0x004054e8                __ascii_wctomb
 .text          0x00405504      0x424 c:/program files (x86)/atmel/studio/7.0/toolchain/arm/arm-gnu-toolchain/bin/../lib/gcc/arm-none-eabi/6.3.1/thumb/v7e-m\libgcc.a(_arm_muldivdf3.o)
                0x00405504                __aeabi_dmul
                0x00405504                __muldf3
                0x00405758                __divdf3
                0x00405758                __aeabi_ddiv
 .text          0x00405928      0x110 c:/program files (x86)/atmel/studio/7.0/toolchain/arm/arm-gnu-toolchain/bin/../lib/gcc/arm-none-eabi/6.3.1/thumb/v7e-m\libgcc.a(_arm_cmpdf2.o)
                0x00405928                __gtdf2
                0x00405928                __gedf2
                0x00405930                __ltdf2
                0x00405930                __ledf2
                0x00405938                __nedf2
                0x00405938                __eqdf2
                0x00405938                __cmpdf2
                0x004059b4                __aeabi_cdrcmple
                0x004059c4                __aeabi_cdcmpeq
                0x004059c4                __aeabi_cdcmple
                0x004059d4                __aeabi_dcmpeq
                0x004059e8                __aeabi_dcmplt
                0x004059fc                __aeabi_dcmple
                0x00405a10                __aeabi_dcmpge
                0x00405a24                __aeabi_dcmpgt
 .text          0x00405a38       0x2c c:/program files (x86)/atmel/studio/7.0/toolchain/arm/arm-gnu-toolchain/bin/../lib/gcc/arm-none-eabi/6.3.1/thumb/v7e-m\libgcc.a(_arm_unorddf2.o)
                0x00405a38                __unorddf2
                0x00405a38                __aeabi_dcmpun
 .text          0x00405a64       0x50 c:/program files (x86)/atmel/studio/7.0/toolchain/arm/arm-gnu-toolchain/bin/../lib/gcc/arm-none-eabi/6.3.1/thumb/v7e-m\libgcc.a(_arm_fixdfsi.o)
                0x00405a64                __aeabi_d2iz
                0x00405a64                __fixdfsi
 .text          0x00405ab4       0x30 c:/program files (x86)/atmel/studio/7.0/toolchain/arm/arm-gnu-toolchain/bin/../lib/gcc/arm-none-eabi/6.3.1/thumb/v7e-m\libgcc.a(_aeabi_uldivmod.o)
                0x00405ab4                __aeabi_uldivmod
 .text          0x00405ae4      0x2dc c:/program files (x86)/atmel/studio/7.0/toolchain/arm/arm-gnu-toolchain/bin/../lib/gcc/arm-none-eabi/6.3.1/thumb/v7e-m\libgcc.a(_udivmoddi4.o)
                0x00405ae4                __udivmoddi4
 .text          0x00405dc0        0x4 c:/program files (x86)/atmel/studio/7.0/toolchain/arm/arm-gnu-toolchain/bin/../lib/gcc/arm-none-eabi/6.3.1/thumb/v7e-m\libgcc.a(_dvmd_tls.o)
                0x00405dc0                __aeabi_idiv0
                0x00405dc0                __aeabi_ldiv0
 *(.glue_7t)
 .glue_7t       0x00405dc4        0x0 linker stubs
 *(.glue_7)
 .glue_7        0x00405dc4        0x0 linker stubs
 *(.rodata .rodata* .gnu.linkonce.r.*)
 .rodata.sysfont_glyphs
                0x00405dc4      0xa48 src/sysfont.o
 .rodata.main.str1.4
                0x0040680c        0xd src/main.o
 *fill*         0x00406819        0x3 
 .rodata._global_impure_ptr
                0x0040681c        0x4 c:/program files (x86)/atmel/studio/7.0/toolchain/arm/arm-gnu-toolchain/bin/../lib/gcc/arm-none-eabi/6.3.1/../../../../arm-none-eabi/lib/thumb/v7e-m\libc.a(lib_a-impure.o)
                0x0040681c                _global_impure_ptr
 .rodata._svfprintf_r.str1.4
                0x00406820       0x42 c:/program files (x86)/atmel/studio/7.0/toolchain/arm/arm-gnu-toolchain/bin/../lib/gcc/arm-none-eabi/6.3.1/../../../../arm-none-eabi/lib/thumb/v7e-m\libc.a(lib_a-svfprintf.o)
 *fill*         0x00406862        0x2 
 .rodata.blanks.7223
                0x00406864       0x10 c:/program files (x86)/atmel/studio/7.0/toolchain/arm/arm-gnu-toolchain/bin/../lib/gcc/arm-none-eabi/6.3.1/../../../../arm-none-eabi/lib/thumb/v7e-m\libc.a(lib_a-svfprintf.o)
 .rodata.zeroes.7224
                0x00406874       0x10 c:/program files (x86)/atmel/studio/7.0/toolchain/arm/arm-gnu-toolchain/bin/../lib/gcc/arm-none-eabi/6.3.1/../../../../arm-none-eabi/lib/thumb/v7e-m\libc.a(lib_a-svfprintf.o)
 .rodata._dtoa_r.str1.4
                0x00406884       0x10 c:/program files (x86)/atmel/studio/7.0/toolchain/arm/arm-gnu-toolchain/bin/../lib/gcc/arm-none-eabi/6.3.1/../../../../arm-none-eabi/lib/thumb/v7e-m\libc.a(lib_a-dtoa.o)
                                 0x12 (size before relaxing)
 *fill*         0x00406894        0x4 
 .rodata.__mprec_bigtens
                0x00406898       0x28 c:/program files (x86)/atmel/studio/7.0/toolchain/arm/arm-gnu-toolchain/bin/../lib/gcc/arm-none-eabi/6.3.1/../../../../arm-none-eabi/lib/thumb/v7e-m\libc.a(lib_a-mprec.o)
                0x00406898                __mprec_bigtens
 .rodata.__mprec_tens
                0x004068c0       0xc8 c:/program files (x86)/atmel/studio/7.0/toolchain/arm/arm-gnu-toolchain/bin/../lib/gcc/arm-none-eabi/6.3.1/../../../../arm-none-eabi/lib/thumb/v7e-m\libc.a(lib_a-mprec.o)
                0x004068c0                __mprec_tens
 .rodata.p05.6055
                0x00406988        0xc c:/program files (x86)/atmel/studio/7.0/toolchain/arm/arm-gnu-toolchain/bin/../lib/gcc/arm-none-eabi/6.3.1/../../../../arm-none-eabi/lib/thumb/v7e-m\libc.a(lib_a-mprec.o)
 .rodata._setlocale_r.str1.4
                0x00406994        0xa c:/program files (x86)/atmel/studio/7.0/toolchain/arm/arm-gnu-toolchain/bin/../lib/gcc/arm-none-eabi/6.3.1/../../../../arm-none-eabi/lib/thumb/v7e-m\libc.a(lib_a-locale.o)
                                  0xd (size before relaxing)
 *fill*         0x0040699e        0x2 
 .rodata.str1.4
                0x004069a0        0x4 c:/program files (x86)/atmel/studio/7.0/toolchain/arm/arm-gnu-toolchain/bin/../lib/gcc/arm-none-eabi/6.3.1/../../../../arm-none-eabi/lib/thumb/v7e-m\libc.a(lib_a-locale.o)
                                  0x2 (size before relaxing)
 .rodata._ctype_
                0x004069a4      0x101 c:/program files (x86)/atmel/studio/7.0/toolchain/arm/arm-gnu-toolchain/bin/../lib/gcc/arm-none-eabi/6.3.1/../../../../arm-none-eabi/lib/thumb/v7e-m\libc.a(lib_a-ctype_.o)
                0x004069a4                _ctype_
 *(.ARM.extab* .gnu.linkonce.armextab.*)
                0x00406aa8                . = ALIGN (0x4)
 *fill*         0x00406aa5        0x3 
 *(.init)
 .init          0x00406aa8        0x4 c:/program files (x86)/atmel/studio/7.0/toolchain/arm/arm-gnu-toolchain/bin/../lib/gcc/arm-none-eabi/6.3.1/thumb/v7e-m/crti.o
                0x00406aa8                _init
 .init          0x00406aac        0x8 c:/program files (x86)/atmel/studio/7.0/toolchain/arm/arm-gnu-toolchain/bin/../lib/gcc/arm-none-eabi/6.3.1/thumb/v7e-m/crtn.o
                0x00406ab4                . = ALIGN (0x4)
                0x00406ab4                __preinit_array_start = .
 *(.preinit_array)
                0x00406ab4                __preinit_array_end = .
                0x00406ab4                . = ALIGN (0x4)
                0x00406ab4                __init_array_start = .
 *(SORT(.init_array.*))
 .init_array.00000
                0x00406ab4        0x4 c:/program files (x86)/atmel/studio/7.0/toolchain/arm/arm-gnu-toolchain/bin/../lib/gcc/arm-none-eabi/6.3.1/../../../../arm-none-eabi/lib/thumb/v7e-m\libc.a(lib_a-__call_atexit.o)
 *(.init_array)
 .init_array    0x00406ab8        0x4 c:/program files (x86)/atmel/studio/7.0/toolchain/arm/arm-gnu-toolchain/bin/../lib/gcc/arm-none-eabi/6.3.1/thumb/v7e-m/crtbegin.o
                0x00406abc                __init_array_end = .
                0x00406abc                . = ALIGN (0x4)
 *crtbegin.o(.ctors)
 *(EXCLUDE_FILE(*crtend.o) .ctors)
 *(SORT(.ctors.*))
 *crtend.o(.ctors)
                0x00406abc                . = ALIGN (0x4)
 *(.fini)
 .fini          0x00406abc        0x4 c:/program files (x86)/atmel/studio/7.0/toolchain/arm/arm-gnu-toolchain/bin/../lib/gcc/arm-none-eabi/6.3.1/thumb/v7e-m/crti.o
                0x00406abc                _fini
 .fini          0x00406ac0        0x8 c:/program files (x86)/atmel/studio/7.0/toolchain/arm/arm-gnu-toolchain/bin/../lib/gcc/arm-none-eabi/6.3.1/thumb/v7e-m/crtn.o
                0x00406ac8                . = ALIGN (0x4)
                0x00406ac8                __fini_array_start = .
 *(.fini_array)
 .fini_array    0x00406ac8        0x4 c:/program files (x86)/atmel/studio/7.0/toolchain/arm/arm-gnu-toolchain/bin/../lib/gcc/arm-none-eabi/6.3.1/thumb/v7e-m/crtbegin.o
 *(SORT(.fini_array.*))
                0x00406acc                __fini_array_end = .
 *crtbegin.o(.dtors)
 *(EXCLUDE_FILE(*crtend.o) .dtors)
 *(SORT(.dtors.*))
 *crtend.o(.dtors)
                0x00406acc                . = ALIGN (0x4)
                0x00406acc                _efixed = .
                [!provide]                PROVIDE (__exidx_start, .)

.vfp11_veneer   0x00406acc        0x0
 .vfp11_veneer  0x00406acc        0x0 linker stubs

.v4_bx          0x00406acc        0x0
 .v4_bx         0x00406acc        0x0 linker stubs

.iplt           0x00406acc        0x0
 .iplt          0x00406acc        0x0 c:/program files (x86)/atmel/studio/7.0/toolchain/arm/arm-gnu-toolchain/bin/../lib/gcc/arm-none-eabi/6.3.1/thumb/v7e-m/crtbegin.o

.ARM.exidx      0x00406acc        0x8
 *(.ARM.exidx* .gnu.linkonce.armexidx.*)
 .ARM.exidx     0x00406acc        0x8 c:/program files (x86)/atmel/studio/7.0/toolchain/arm/arm-gnu-toolchain/bin/../lib/gcc/arm-none-eabi/6.3.1/thumb/v7e-m\libgcc.a(_udivmoddi4.o)
                [!provide]                PROVIDE (__exidx_end, .)

.eh_frame       0x00406ad4        0x0
 .eh_frame      0x00406ad4        0x0 c:/program files (x86)/atmel/studio/7.0/toolchain/arm/arm-gnu-toolchain/bin/../lib/gcc/arm-none-eabi/6.3.1/thumb/v7e-m/crtbegin.o

.rel.dyn        0x00406ad4        0x0
 .rel.iplt      0x00406ad4        0x0 c:/program files (x86)/atmel/studio/7.0/toolchain/arm/arm-gnu-toolchain/bin/../lib/gcc/arm-none-eabi/6.3.1/thumb/v7e-m/crtbegin.o

.jcr            0x00406ad4        0x0
 .jcr           0x00406ad4        0x0 c:/program files (x86)/atmel/studio/7.0/toolchain/arm/arm-gnu-toolchain/bin/../lib/gcc/arm-none-eabi/6.3.1/thumb/v7e-m/crtbegin.o

.igot.plt       0x00406ad4        0x0
 .igot.plt      0x00406ad4        0x0 c:/program files (x86)/atmel/studio/7.0/toolchain/arm/arm-gnu-toolchain/bin/../lib/gcc/arm-none-eabi/6.3.1/thumb/v7e-m/crtbegin.o
                0x00406ad4                . = ALIGN (0x4)
                0x00406ad4                _etext = .

.relocate       0x20400000      0x9d0 load address 0x00406ad4
                0x20400000                . = ALIGN (0x4)
                0x20400000                _srelocate = .
 *(.ramfunc .ramfunc.*)
 .ramfunc       0x20400000        0xa src/ASF/common/services/delay/sam/cycle_counter.o
                0x20400000                portable_delay_cycles
 *(.data .data.*)
 *fill*         0x2040000a        0x2 
 .data.sysfont  0x2040000c        0xc src/sysfont.o
                0x2040000c                sysfont
 .data.g_interrupt_enabled
                0x20400018        0x1 src/ASF/common/utils/interrupt/interrupt_sam_nvic.o
                0x20400018                g_interrupt_enabled
 *fill*         0x20400019        0x3 
 .data.SystemCoreClock
                0x2040001c        0x4 src/ASF/sam/utils/cmsis/same70/source/templates/system_same70.o
                0x2040001c                SystemCoreClock
 .data.up_flag  0x20400020        0x4 src/main.o
                0x20400020                up_flag
 .data._impure_ptr
                0x20400024        0x4 c:/program files (x86)/atmel/studio/7.0/toolchain/arm/arm-gnu-toolchain/bin/../lib/gcc/arm-none-eabi/6.3.1/../../../../arm-none-eabi/lib/thumb/v7e-m\libc.a(lib_a-impure.o)
                0x20400024                _impure_ptr
 .data.impure_data
                0x20400028      0x428 c:/program files (x86)/atmel/studio/7.0/toolchain/arm/arm-gnu-toolchain/bin/../lib/gcc/arm-none-eabi/6.3.1/../../../../arm-none-eabi/lib/thumb/v7e-m\libc.a(lib_a-impure.o)
 .data.__atexit_recursive_mutex
                0x20400450        0x4 c:/program files (x86)/atmel/studio/7.0/toolchain/arm/arm-gnu-toolchain/bin/../lib/gcc/arm-none-eabi/6.3.1/../../../../arm-none-eabi/lib/thumb/v7e-m\libc.a(lib_a-__call_atexit.o)
                0x20400450                __atexit_recursive_mutex
 .data.__malloc_av_
                0x20400454      0x408 c:/program files (x86)/atmel/studio/7.0/toolchain/arm/arm-gnu-toolchain/bin/../lib/gcc/arm-none-eabi/6.3.1/../../../../arm-none-eabi/lib/thumb/v7e-m\libc.a(lib_a-mallocr.o)
                0x20400454                __malloc_av_
 .data.__malloc_sbrk_base
                0x2040085c        0x4 c:/program files (x86)/atmel/studio/7.0/toolchain/arm/arm-gnu-toolchain/bin/../lib/gcc/arm-none-eabi/6.3.1/../../../../arm-none-eabi/lib/thumb/v7e-m\libc.a(lib_a-mallocr.o)
                0x2040085c                __malloc_sbrk_base
 .data.__malloc_trim_threshold
                0x20400860        0x4 c:/program files (x86)/atmel/studio/7.0/toolchain/arm/arm-gnu-toolchain/bin/../lib/gcc/arm-none-eabi/6.3.1/../../../../arm-none-eabi/lib/thumb/v7e-m\libc.a(lib_a-mallocr.o)
                0x20400860                __malloc_trim_threshold
 .data.__global_locale
                0x20400864      0x16c c:/program files (x86)/atmel/studio/7.0/toolchain/arm/arm-gnu-toolchain/bin/../lib/gcc/arm-none-eabi/6.3.1/../../../../arm-none-eabi/lib/thumb/v7e-m\libc.a(lib_a-locale.o)
                0x20400864                __global_locale
                0x204009d0                . = ALIGN (0x4)
                0x204009d0                _erelocate = .

.bss            0x204009d0      0x304 load address 0x004074a8
                0x204009d0                . = ALIGN (0x4)
                0x204009d0                _sbss = .
                0x204009d0                _szero = .
 *(.bss .bss.*)
 .bss           0x204009d0       0x1c c:/program files (x86)/atmel/studio/7.0/toolchain/arm/arm-gnu-toolchain/bin/../lib/gcc/arm-none-eabi/6.3.1/thumb/v7e-m/crtbegin.o
 .bss.fbpointer
                0x204009ec        0x4 src/gfx_mono_framebuffer.o
 .bss.framebuffer
                0x204009f0      0x200 src/gfx_mono_ug_2832hsweg04.o
 .bss.gs_interrupt_sources
                0x20400bf0       0x70 src/ASF/sam/drivers/pio/pio_handler.o
 .bss.gs_ul_nb_sources
                0x20400c60        0x4 src/ASF/sam/drivers/pio/pio_handler.o
 .bss.heap.6420
                0x20400c64        0x4 src/ASF/sam/utils/syscalls/gcc/syscalls.o
 .bss.but1_flag
                0x20400c68        0x4 src/main.o
                0x20400c68                but1_flag
 *fill*         0x20400c6c        0x4 
 .bss.displ_value
                0x20400c70        0x8 src/main.o
                0x20400c70                displ_value
 .bss.__malloc_current_mallinfo
                0x20400c78       0x28 c:/program files (x86)/atmel/studio/7.0/toolchain/arm/arm-gnu-toolchain/bin/../lib/gcc/arm-none-eabi/6.3.1/../../../../arm-none-eabi/lib/thumb/v7e-m\libc.a(lib_a-mallocr.o)
                0x20400c78                __malloc_current_mallinfo
 .bss.__malloc_max_sbrked_mem
                0x20400ca0        0x4 c:/program files (x86)/atmel/studio/7.0/toolchain/arm/arm-gnu-toolchain/bin/../lib/gcc/arm-none-eabi/6.3.1/../../../../arm-none-eabi/lib/thumb/v7e-m\libc.a(lib_a-mallocr.o)
                0x20400ca0                __malloc_max_sbrked_mem
 .bss.__malloc_max_total_mem
                0x20400ca4        0x4 c:/program files (x86)/atmel/studio/7.0/toolchain/arm/arm-gnu-toolchain/bin/../lib/gcc/arm-none-eabi/6.3.1/../../../../arm-none-eabi/lib/thumb/v7e-m\libc.a(lib_a-mallocr.o)
                0x20400ca4                __malloc_max_total_mem
 .bss.__malloc_top_pad
                0x20400ca8        0x4 c:/program files (x86)/atmel/studio/7.0/toolchain/arm/arm-gnu-toolchain/bin/../lib/gcc/arm-none-eabi/6.3.1/../../../../arm-none-eabi/lib/thumb/v7e-m\libc.a(lib_a-mallocr.o)
                0x20400ca8                __malloc_top_pad
 *(COMMON)
 COMMON         0x20400cac       0x21 c:/program files (x86)/atmel/studio/7.0/toolchain/arm/arm-gnu-toolchain/bin/../lib/gcc/arm-none-eabi/6.3.1/../../../../arm-none-eabi/lib/thumb/v7e-m\libc.a(lib_a-lock.o)
                0x20400cac                __lock___atexit_recursive_mutex
                0x20400cb0                __lock___arc4random_mutex
                0x20400cb4                __lock___env_recursive_mutex
                0x20400cb8                __lock___sinit_recursive_mutex
                0x20400cbc                __lock___malloc_recursive_mutex
                0x20400cc0                __lock___at_quick_exit_mutex
                0x20400cc4                __lock___dd_hash_mutex
                0x20400cc8                __lock___tz_mutex
                0x20400ccc                __lock___sfp_recursive_mutex
 *fill*         0x20400ccd        0x3 
 COMMON         0x20400cd0        0x4 c:/program files (x86)/atmel/studio/7.0/toolchain/arm/arm-gnu-toolchain/bin/../lib/gcc/arm-none-eabi/6.3.1/../../../../arm-none-eabi/lib/thumb/v7e-m\libc.a(lib_a-reent.o)
                0x20400cd0                errno
                0x20400cd4                . = ALIGN (0x4)
                0x20400cd4                _ebss = .
                0x20400cd4                _ezero = .

.stack          0x20400cd4     0x2004 load address 0x004077ac
                0x20400cd8                . = ALIGN (0x8)
 *fill*         0x20400cd4        0x4 
                0x20400cd8                _sstack = .
                0x20402cd8                . = (. + STACK_SIZE)
 *fill*         0x20400cd8     0x2000 
                0x20402cd8                . = ALIGN (0x8)
                0x20402cd8                _estack = .

.heap           0x20402cd8      0x200 load address 0x004097b0
                0x20402cd8                . = ALIGN (0x8)
                0x20402cd8                _sheap = .
                0x20402ed8                . = (. + HEAP_SIZE)
 *fill*         0x20402cd8      0x200 
                0x20402ed8                . = ALIGN (0x8)
                0x20402ed8                _eheap = .
                0x20402ed8                . = ALIGN (0x4)
                0x20402ed8                _end = .
                0x2045ffff                _ram_end_ = ((ORIGIN (ram) + LENGTH (ram)) - 0x1)
OUTPUT(spi_teste.elf elf32-littlearm)

.ARM.attributes
                0x00000000       0x2e
 .ARM.attributes
                0x00000000       0x1e c:/program files (x86)/atmel/studio/7.0/toolchain/arm/arm-gnu-toolchain/bin/../lib/gcc/arm-none-eabi/6.3.1/thumb/v7e-m/crti.o
 .ARM.attributes
                0x0000001e       0x2e c:/program files (x86)/atmel/studio/7.0/toolchain/arm/arm-gnu-toolchain/bin/../lib/gcc/arm-none-eabi/6.3.1/thumb/v7e-m/crtbegin.o
 .ARM.attributes
                0x0000004c       0x37 src/ASF/sam/drivers/spi/spi.o
 .ARM.attributes
                0x00000083       0x37 src/ASF/sam/drivers/tc/tc.o
 .ARM.attributes
                0x000000ba       0x37 src/gfx_mono_framebuffer.o
 .ARM.attributes
                0x000000f1       0x37 src/gfx_mono_generic.o
 .ARM.attributes
                0x00000128       0x37 src/gfx_mono_text.o
 .ARM.attributes
                0x0000015f       0x37 src/gfx_mono_ug_2832hsweg04.o
 .ARM.attributes
                0x00000196       0x37 src/ssd1306.o
 .ARM.attributes
                0x000001cd       0x37 src/sysfont.o
 .ARM.attributes
                0x00000204       0x37 src/ASF/common/services/delay/sam/cycle_counter.o
 .ARM.attributes
                0x0000023b       0x37 src/ASF/common/services/clock/same70/sysclk.o
 .ARM.attributes
                0x00000272       0x37 src/ASF/common/utils/interrupt/interrupt_sam_nvic.o
 .ARM.attributes
                0x000002a9       0x37 src/ASF/sam/boards/same70_xplained/init.o
 .ARM.attributes
                0x000002e0       0x37 src/ASF/sam/drivers/pio/pio.o
 .ARM.attributes
                0x00000317       0x37 src/ASF/sam/drivers/pio/pio_handler.o
 .ARM.attributes
                0x0000034e       0x37 src/ASF/sam/drivers/pmc/pmc.o
 .ARM.attributes
                0x00000385       0x37 src/ASF/sam/utils/cmsis/same70/source/templates/gcc/startup_same70.o
 .ARM.attributes
                0x000003bc       0x37 src/ASF/sam/utils/cmsis/same70/source/templates/system_same70.o
 .ARM.attributes
                0x000003f3       0x37 src/ASF/sam/utils/syscalls/gcc/syscalls.o
 .ARM.attributes
                0x0000042a       0x37 src/main.o
 .ARM.attributes
                0x00000461       0x1e c:/program files (x86)/atmel/studio/7.0/toolchain/arm/arm-gnu-toolchain/bin/../lib/gcc/arm-none-eabi/6.3.1/thumb/v7e-m\libgcc.a(_arm_addsubdf3.o)
 .ARM.attributes
                0x0000047f       0x2e c:/program files (x86)/atmel/studio/7.0/toolchain/arm/arm-gnu-toolchain/bin/../lib/gcc/arm-none-eabi/6.3.1/../../../../arm-none-eabi/lib/thumb/v7e-m\libc.a(lib_a-impure.o)
 .ARM.attributes
                0x000004ad       0x2e c:/program files (x86)/atmel/studio/7.0/toolchain/arm/arm-gnu-toolchain/bin/../lib/gcc/arm-none-eabi/6.3.1/../../../../arm-none-eabi/lib/thumb/v7e-m\libc.a(lib_a-init.o)
 .ARM.attributes
                0x000004db       0x2e c:/program files (x86)/atmel/studio/7.0/toolchain/arm/arm-gnu-toolchain/bin/../lib/gcc/arm-none-eabi/6.3.1/../../../../arm-none-eabi/lib/thumb/v7e-m\libc.a(lib_a-memset.o)
 .ARM.attributes
                0x00000509       0x2e c:/program files (x86)/atmel/studio/7.0/toolchain/arm/arm-gnu-toolchain/bin/../lib/gcc/arm-none-eabi/6.3.1/../../../../arm-none-eabi/lib/thumb/v7e-m\libc.a(lib_a-sprintf.o)
 .ARM.attributes
                0x00000537       0x2e c:/program files (x86)/atmel/studio/7.0/toolchain/arm/arm-gnu-toolchain/bin/../lib/gcc/arm-none-eabi/6.3.1/../../../../arm-none-eabi/lib/thumb/v7e-m\libc.a(lib_a-svfprintf.o)
 .ARM.attributes
                0x00000565       0x2e c:/program files (x86)/atmel/studio/7.0/toolchain/arm/arm-gnu-toolchain/bin/../lib/gcc/arm-none-eabi/6.3.1/../../../../arm-none-eabi/lib/thumb/v7e-m\libc.a(lib_a-__call_atexit.o)
 .ARM.attributes
                0x00000593       0x2e c:/program files (x86)/atmel/studio/7.0/toolchain/arm/arm-gnu-toolchain/bin/../lib/gcc/arm-none-eabi/6.3.1/../../../../arm-none-eabi/lib/thumb/v7e-m\libc.a(lib_a-atexit.o)
 .ARM.attributes
                0x000005c1       0x2e c:/program files (x86)/atmel/studio/7.0/toolchain/arm/arm-gnu-toolchain/bin/../lib/gcc/arm-none-eabi/6.3.1/../../../../arm-none-eabi/lib/thumb/v7e-m\libc.a(lib_a-dtoa.o)
 .ARM.attributes
                0x000005ef       0x2e c:/program files (x86)/atmel/studio/7.0/toolchain/arm/arm-gnu-toolchain/bin/../lib/gcc/arm-none-eabi/6.3.1/../../../../arm-none-eabi/lib/thumb/v7e-m\libc.a(lib_a-fini.o)
 .ARM.attributes
                0x0000061d       0x2e c:/program files (x86)/atmel/studio/7.0/toolchain/arm/arm-gnu-toolchain/bin/../lib/gcc/arm-none-eabi/6.3.1/../../../../arm-none-eabi/lib/thumb/v7e-m\libc.a(lib_a-localeconv.o)
 .ARM.attributes
                0x0000064b       0x2e c:/program files (x86)/atmel/studio/7.0/toolchain/arm/arm-gnu-toolchain/bin/../lib/gcc/arm-none-eabi/6.3.1/../../../../arm-none-eabi/lib/thumb/v7e-m\libc.a(lib_a-lock.o)
 .ARM.attributes
                0x00000679       0x2e c:/program files (x86)/atmel/studio/7.0/toolchain/arm/arm-gnu-toolchain/bin/../lib/gcc/arm-none-eabi/6.3.1/../../../../arm-none-eabi/lib/thumb/v7e-m\libc.a(lib_a-mallocr.o)
 .ARM.attributes
                0x000006a7       0x1c c:/program files (x86)/atmel/studio/7.0/toolchain/arm/arm-gnu-toolchain/bin/../lib/gcc/arm-none-eabi/6.3.1/../../../../arm-none-eabi/lib/thumb/v7e-m\libc.a(lib_a-memchr.o)
 .ARM.attributes
                0x000006c3       0x1c c:/program files (x86)/atmel/studio/7.0/toolchain/arm/arm-gnu-toolchain/bin/../lib/gcc/arm-none-eabi/6.3.1/../../../../arm-none-eabi/lib/thumb/v7e-m\libc.a(lib_a-memcpy.o)
 .ARM.attributes
                0x000006df       0x2e c:/program files (x86)/atmel/studio/7.0/toolchain/arm/arm-gnu-toolchain/bin/../lib/gcc/arm-none-eabi/6.3.1/../../../../arm-none-eabi/lib/thumb/v7e-m\libc.a(lib_a-mlock.o)
 .ARM.attributes
                0x0000070d       0x2e c:/program files (x86)/atmel/studio/7.0/toolchain/arm/arm-gnu-toolchain/bin/../lib/gcc/arm-none-eabi/6.3.1/../../../../arm-none-eabi/lib/thumb/v7e-m\libc.a(lib_a-mprec.o)
 .ARM.attributes
                0x0000073b       0x2e c:/program files (x86)/atmel/studio/7.0/toolchain/arm/arm-gnu-toolchain/bin/../lib/gcc/arm-none-eabi/6.3.1/../../../../arm-none-eabi/lib/thumb/v7e-m\libc.a(lib_a-sbrkr.o)
 .ARM.attributes
                0x00000769       0x1c c:/program files (x86)/atmel/studio/7.0/toolchain/arm/arm-gnu-toolchain/bin/../lib/gcc/arm-none-eabi/6.3.1/../../../../arm-none-eabi/lib/thumb/v7e-m\libc.a(lib_a-strlen.o)
 .ARM.attributes
                0x00000785       0x2e c:/program files (x86)/atmel/studio/7.0/toolchain/arm/arm-gnu-toolchain/bin/../lib/gcc/arm-none-eabi/6.3.1/../../../../arm-none-eabi/lib/thumb/v7e-m\libc.a(lib_a-svfiprintf.o)
 .ARM.attributes
                0x000007b3       0x2e c:/program files (x86)/atmel/studio/7.0/toolchain/arm/arm-gnu-toolchain/bin/../lib/gcc/arm-none-eabi/6.3.1/../../../../arm-none-eabi/lib/thumb/v7e-m\libc.a(lib_a-__atexit.o)
 .ARM.attributes
                0x000007e1       0x2e c:/program files (x86)/atmel/studio/7.0/toolchain/arm/arm-gnu-toolchain/bin/../lib/gcc/arm-none-eabi/6.3.1/../../../../arm-none-eabi/lib/thumb/v7e-m\libc.a(lib_a-callocr.o)
 .ARM.attributes
                0x0000080f       0x2e c:/program files (x86)/atmel/studio/7.0/toolchain/arm/arm-gnu-toolchain/bin/../lib/gcc/arm-none-eabi/6.3.1/../../../../arm-none-eabi/lib/thumb/v7e-m\libc.a(lib_a-freer.o)
 .ARM.attributes
                0x0000083d       0x2e c:/program files (x86)/atmel/studio/7.0/toolchain/arm/arm-gnu-toolchain/bin/../lib/gcc/arm-none-eabi/6.3.1/../../../../arm-none-eabi/lib/thumb/v7e-m\libc.a(lib_a-locale.o)
 .ARM.attributes
                0x0000086b       0x2e c:/program files (x86)/atmel/studio/7.0/toolchain/arm/arm-gnu-toolchain/bin/../lib/gcc/arm-none-eabi/6.3.1/../../../../arm-none-eabi/lib/thumb/v7e-m\libc.a(lib_a-mbtowc_r.o)
 .ARM.attributes
                0x00000899       0x2e c:/program files (x86)/atmel/studio/7.0/toolchain/arm/arm-gnu-toolchain/bin/../lib/gcc/arm-none-eabi/6.3.1/../../../../arm-none-eabi/lib/thumb/v7e-m\libc.a(lib_a-memmove.o)
 .ARM.attributes
                0x000008c7       0x2e c:/program files (x86)/atmel/studio/7.0/toolchain/arm/arm-gnu-toolchain/bin/../lib/gcc/arm-none-eabi/6.3.1/../../../../arm-none-eabi/lib/thumb/v7e-m\libc.a(lib_a-reallocr.o)
 .ARM.attributes
                0x000008f5       0x2e c:/program files (x86)/atmel/studio/7.0/toolchain/arm/arm-gnu-toolchain/bin/../lib/gcc/arm-none-eabi/6.3.1/../../../../arm-none-eabi/lib/thumb/v7e-m\libc.a(lib_a-reent.o)
 .ARM.attributes
                0x00000923       0x2e c:/program files (x86)/atmel/studio/7.0/toolchain/arm/arm-gnu-toolchain/bin/../lib/gcc/arm-none-eabi/6.3.1/../../../../arm-none-eabi/lib/thumb/v7e-m\libc.a(lib_a-wctomb_r.o)
 .ARM.attributes
                0x00000951       0x2e c:/program files (x86)/atmel/studio/7.0/toolchain/arm/arm-gnu-toolchain/bin/../lib/gcc/arm-none-eabi/6.3.1/../../../../arm-none-eabi/lib/thumb/v7e-m\libc.a(lib_a-ctype_.o)
 .ARM.attributes
                0x0000097f       0x1e c:/program files (x86)/atmel/studio/7.0/toolchain/arm/arm-gnu-toolchain/bin/../lib/gcc/arm-none-eabi/6.3.1/thumb/v7e-m\libgcc.a(_arm_muldivdf3.o)
 .ARM.attributes
                0x0000099d       0x1e c:/program files (x86)/atmel/studio/7.0/toolchain/arm/arm-gnu-toolchain/bin/../lib/gcc/arm-none-eabi/6.3.1/thumb/v7e-m\libgcc.a(_arm_cmpdf2.o)
 .ARM.attributes
                0x000009bb       0x1e c:/program files (x86)/atmel/studio/7.0/toolchain/arm/arm-gnu-toolchain/bin/../lib/gcc/arm-none-eabi/6.3.1/thumb/v7e-m\libgcc.a(_arm_unorddf2.o)
 .ARM.attributes
                0x000009d9       0x1e c:/program files (x86)/atmel/studio/7.0/toolchain/arm/arm-gnu-toolchain/bin/../lib/gcc/arm-none-eabi/6.3.1/thumb/v7e-m\libgcc.a(_arm_fixdfsi.o)
 .ARM.attributes
                0x000009f7       0x1e c:/program files (x86)/atmel/studio/7.0/toolchain/arm/arm-gnu-toolchain/bin/../lib/gcc/arm-none-eabi/6.3.1/thumb/v7e-m\libgcc.a(_aeabi_uldivmod.o)
 .ARM.attributes
                0x00000a15       0x2e c:/program files (x86)/atmel/studio/7.0/toolchain/arm/arm-gnu-toolchain/bin/../lib/gcc/arm-none-eabi/6.3.1/thumb/v7e-m\libgcc.a(_udivmoddi4.o)
 .ARM.attributes
                0x00000a43       0x1e c:/program files (x86)/atmel/studio/7.0/toolchain/arm/arm-gnu-toolchain/bin/../lib/gcc/arm-none-eabi/6.3.1/thumb/v7e-m\libgcc.a(_dvmd_tls.o)
 .ARM.attributes
                0x00000a61       0x1e c:/program files (x86)/atmel/studio/7.0/toolchain/arm/arm-gnu-toolchain/bin/../lib/gcc/arm-none-eabi/6.3.1/thumb/v7e-m/crtn.o

.comment        0x00000000       0x59
 .comment       0x00000000       0x59 src/ASF/sam/drivers/spi/spi.o
                                 0x5a (size before relaxing)
 .comment       0x00000059       0x5a src/ASF/sam/drivers/tc/tc.o
 .comment       0x00000059       0x5a src/gfx_mono_framebuffer.o
 .comment       0x00000059       0x5a src/gfx_mono_generic.o
 .comment       0x00000059       0x5a src/gfx_mono_text.o
 .comment       0x00000059       0x5a src/gfx_mono_ug_2832hsweg04.o
 .comment       0x00000059       0x5a src/ssd1306.o
 .comment       0x00000059       0x5a src/sysfont.o
 .comment       0x00000059       0x5a src/ASF/common/services/delay/sam/cycle_counter.o
 .comment       0x00000059       0x5a src/ASF/common/services/clock/same70/sysclk.o
 .comment       0x00000059       0x5a src/ASF/common/utils/interrupt/interrupt_sam_nvic.o
 .comment       0x00000059       0x5a src/ASF/sam/boards/same70_xplained/init.o
 .comment       0x00000059       0x5a src/ASF/sam/drivers/pio/pio.o
 .comment       0x00000059       0x5a src/ASF/sam/drivers/pio/pio_handler.o
 .comment       0x00000059       0x5a src/ASF/sam/drivers/pmc/pmc.o
 .comment       0x00000059       0x5a src/ASF/sam/utils/cmsis/same70/source/templates/gcc/startup_same70.o
 .comment       0x00000059       0x5a src/ASF/sam/utils/cmsis/same70/source/templates/system_same70.o
 .comment       0x00000059       0x5a src/ASF/sam/utils/syscalls/gcc/syscalls.o
 .comment       0x00000059       0x5a src/main.o

.debug_info     0x00000000    0x17898
 .debug_info    0x00000000     0x115d src/ASF/sam/drivers/spi/spi.o
 .debug_info    0x0000115d     0x1233 src/ASF/sam/drivers/tc/tc.o
 .debug_info    0x00002390      0xdea src/gfx_mono_framebuffer.o
 .debug_info    0x0000317a     0x1595 src/gfx_mono_generic.o
 .debug_info    0x0000470f      0xf82 src/gfx_mono_text.o
 .debug_info    0x00005691     0x11b8 src/gfx_mono_ug_2832hsweg04.o
 .debug_info    0x00006849     0x1fc6 src/ssd1306.o
 .debug_info    0x0000880f      0xb06 src/sysfont.o
 .debug_info    0x00009315      0xa45 src/ASF/common/services/delay/sam/cycle_counter.o
 .debug_info    0x00009d5a     0x1267 src/ASF/common/services/clock/same70/sysclk.o
 .debug_info    0x0000afc1      0xb01 src/ASF/common/utils/interrupt/interrupt_sam_nvic.o
 .debug_info    0x0000bac2     0x1bd7 src/ASF/sam/boards/same70_xplained/init.o
 .debug_info    0x0000d699     0x2150 src/ASF/sam/drivers/pio/pio.o
 .debug_info    0x0000f7e9     0x1b22 src/ASF/sam/drivers/pio/pio_handler.o
 .debug_info    0x0001130b     0x1e0e src/ASF/sam/drivers/pmc/pmc.o
 .debug_info    0x00013119     0x156a src/ASF/sam/utils/cmsis/same70/source/templates/gcc/startup_same70.o
 .debug_info    0x00014683      0x55b src/ASF/sam/utils/cmsis/same70/source/templates/system_same70.o
 .debug_info    0x00014bde      0xdb0 src/ASF/sam/utils/syscalls/gcc/syscalls.o
 .debug_info    0x0001598e     0x1f0a src/main.o

.debug_abbrev   0x00000000     0x35a4
 .debug_abbrev  0x00000000      0x3a5 src/ASF/sam/drivers/spi/spi.o
 .debug_abbrev  0x000003a5      0x293 src/ASF/sam/drivers/tc/tc.o
 .debug_abbrev  0x00000638      0x289 src/gfx_mono_framebuffer.o
 .debug_abbrev  0x000008c1      0x2a7 src/gfx_mono_generic.o
 .debug_abbrev  0x00000b68      0x30f src/gfx_mono_text.o
 .debug_abbrev  0x00000e77      0x350 src/gfx_mono_ug_2832hsweg04.o
 .debug_abbrev  0x000011c7      0x363 src/ssd1306.o
 .debug_abbrev  0x0000152a      0x1b6 src/sysfont.o
 .debug_abbrev  0x000016e0      0x1b3 src/ASF/common/services/delay/sam/cycle_counter.o
 .debug_abbrev  0x00001893      0x31f src/ASF/common/services/clock/same70/sysclk.o
 .debug_abbrev  0x00001bb2      0x212 src/ASF/common/utils/interrupt/interrupt_sam_nvic.o
 .debug_abbrev  0x00001dc4      0x368 src/ASF/sam/boards/same70_xplained/init.o
 .debug_abbrev  0x0000212c      0x410 src/ASF/sam/drivers/pio/pio.o
 .debug_abbrev  0x0000253c      0x32f src/ASF/sam/drivers/pio/pio_handler.o
 .debug_abbrev  0x0000286b      0x369 src/ASF/sam/drivers/pmc/pmc.o
 .debug_abbrev  0x00002bd4      0x2e4 src/ASF/sam/utils/cmsis/same70/source/templates/gcc/startup_same70.o
 .debug_abbrev  0x00002eb8      0x102 src/ASF/sam/utils/cmsis/same70/source/templates/system_same70.o
 .debug_abbrev  0x00002fba      0x264 src/ASF/sam/utils/syscalls/gcc/syscalls.o
 .debug_abbrev  0x0000321e      0x386 src/main.o

.debug_loc      0x00000000     0x5765
 .debug_loc     0x00000000      0x610 src/ASF/sam/drivers/spi/spi.o
 .debug_loc     0x00000610      0x5a4 src/ASF/sam/drivers/tc/tc.o
 .debug_loc     0x00000bb4      0x506 src/gfx_mono_framebuffer.o
 .debug_loc     0x000010ba      0xda8 src/gfx_mono_generic.o
 .debug_loc     0x00001e62      0x66a src/gfx_mono_text.o
 .debug_loc     0x000024cc      0x6ee src/gfx_mono_ug_2832hsweg04.o
 .debug_loc     0x00002bba      0x365 src/ssd1306.o
 .debug_loc     0x00002f1f      0x183 src/ASF/common/services/clock/same70/sysclk.o
 .debug_loc     0x000030a2      0x1e7 src/ASF/sam/boards/same70_xplained/init.o
 .debug_loc     0x00003289      0xea4 src/ASF/sam/drivers/pio/pio.o
 .debug_loc     0x0000412d      0x588 src/ASF/sam/drivers/pio/pio_handler.o
 .debug_loc     0x000046b5      0xce3 src/ASF/sam/drivers/pmc/pmc.o
 .debug_loc     0x00005398       0x77 src/ASF/sam/utils/cmsis/same70/source/templates/gcc/startup_same70.o
 .debug_loc     0x0000540f       0xfd src/ASF/sam/utils/syscalls/gcc/syscalls.o
 .debug_loc     0x0000550c      0x259 src/main.o

.debug_aranges  0x00000000      0x8f8
 .debug_aranges
                0x00000000       0x90 src/ASF/sam/drivers/spi/spi.o
 .debug_aranges
                0x00000090       0xd0 src/ASF/sam/drivers/tc/tc.o
 .debug_aranges
                0x00000160       0x58 src/gfx_mono_framebuffer.o
 .debug_aranges
                0x000001b8       0x58 src/gfx_mono_generic.o
 .debug_aranges
                0x00000210       0x40 src/gfx_mono_text.o
 .debug_aranges
                0x00000250       0x60 src/gfx_mono_ug_2832hsweg04.o
 .debug_aranges
                0x000002b0       0x30 src/ssd1306.o
 .debug_aranges
                0x000002e0       0x18 src/sysfont.o
 .debug_aranges
                0x000002f8       0x20 src/ASF/common/services/delay/sam/cycle_counter.o
 .debug_aranges
                0x00000318       0x40 src/ASF/common/services/clock/same70/sysclk.o
 .debug_aranges
                0x00000358       0x28 src/ASF/common/utils/interrupt/interrupt_sam_nvic.o
 .debug_aranges
                0x00000380       0x20 src/ASF/sam/boards/same70_xplained/init.o
 .debug_aranges
                0x000003a0      0x1a8 src/ASF/sam/drivers/pio/pio.o
 .debug_aranges
                0x00000548       0x60 src/ASF/sam/drivers/pio/pio_handler.o
 .debug_aranges
                0x000005a8      0x250 src/ASF/sam/drivers/pmc/pmc.o
 .debug_aranges
                0x000007f8       0x28 src/ASF/sam/utils/cmsis/same70/source/templates/gcc/startup_same70.o
 .debug_aranges
                0x00000820       0x30 src/ASF/sam/utils/cmsis/same70/source/templates/system_same70.o
 .debug_aranges
                0x00000850       0x60 src/ASF/sam/utils/syscalls/gcc/syscalls.o
 .debug_aranges
                0x000008b0       0x48 src/main.o

.debug_ranges   0x00000000      0x928
 .debug_ranges  0x00000000       0x80 src/ASF/sam/drivers/spi/spi.o
 .debug_ranges  0x00000080       0xc0 src/ASF/sam/drivers/tc/tc.o
 .debug_ranges  0x00000140       0x48 src/gfx_mono_framebuffer.o
 .debug_ranges  0x00000188       0x48 src/gfx_mono_generic.o
 .debug_ranges  0x000001d0       0x48 src/gfx_mono_text.o
 .debug_ranges  0x00000218       0x80 src/gfx_mono_ug_2832hsweg04.o
 .debug_ranges  0x00000298       0x20 src/ssd1306.o
 .debug_ranges  0x000002b8       0x10 src/ASF/common/services/delay/sam/cycle_counter.o
 .debug_ranges  0x000002c8       0x30 src/ASF/common/services/clock/same70/sysclk.o
 .debug_ranges  0x000002f8       0x18 src/ASF/common/utils/interrupt/interrupt_sam_nvic.o
 .debug_ranges  0x00000310       0x10 src/ASF/sam/boards/same70_xplained/init.o
 .debug_ranges  0x00000320      0x2a0 src/ASF/sam/drivers/pio/pio.o
 .debug_ranges  0x000005c0       0x68 src/ASF/sam/drivers/pio/pio_handler.o
 .debug_ranges  0x00000628      0x240 src/ASF/sam/drivers/pmc/pmc.o
 .debug_ranges  0x00000868       0x18 src/ASF/sam/utils/cmsis/same70/source/templates/gcc/startup_same70.o
 .debug_ranges  0x00000880       0x20 src/ASF/sam/utils/cmsis/same70/source/templates/system_same70.o
 .debug_ranges  0x000008a0       0x50 src/ASF/sam/utils/syscalls/gcc/syscalls.o
 .debug_ranges  0x000008f0       0x38 src/main.o

.debug_macro    0x00000000     0x9da9
 .debug_macro   0x00000000      0x6d9 src/ASF/sam/drivers/spi/spi.o
 .debug_macro   0x000006d9       0x10 src/ASF/sam/drivers/spi/spi.o
 .debug_macro   0x000006e9       0x3a src/ASF/sam/drivers/spi/spi.o
 .debug_macro   0x00000723      0x2c6 src/ASF/sam/drivers/spi/spi.o
 .debug_macro   0x000009e9      0xa96 src/ASF/sam/drivers/spi/spi.o
 .debug_macro   0x0000147f       0x70 src/ASF/sam/drivers/spi/spi.o
 .debug_macro   0x000014ef       0x64 src/ASF/sam/drivers/spi/spi.o
 .debug_macro   0x00001553       0x5f src/ASF/sam/drivers/spi/spi.o
 .debug_macro   0x000015b2       0xac src/ASF/sam/drivers/spi/spi.o
 .debug_macro   0x0000165e      0x66d src/ASF/sam/drivers/tc/tc.o
 .debug_macro   0x00001ccb       0x52 src/ASF/sam/drivers/tc/tc.o
 .debug_macro   0x00001d1d       0x8d src/ASF/sam/drivers/tc/tc.o
 .debug_macro   0x00001daa       0x16 src/ASF/sam/drivers/tc/tc.o
 .debug_macro   0x00001dc0       0x57 src/ASF/sam/drivers/tc/tc.o
 .debug_macro   0x00001e17       0x1c src/ASF/sam/drivers/tc/tc.o
 .debug_macro   0x00001e33      0x7f4 src/gfx_mono_framebuffer.o
 .debug_macro   0x00002627       0x50 src/gfx_mono_framebuffer.o
 .debug_macro   0x00002677       0x22 src/gfx_mono_framebuffer.o
 .debug_macro   0x00002699       0x7b src/gfx_mono_framebuffer.o
 .debug_macro   0x00002714       0x28 src/gfx_mono_framebuffer.o
 .debug_macro   0x0000273c       0x23 src/gfx_mono_framebuffer.o
 .debug_macro   0x0000275f       0x94 src/gfx_mono_framebuffer.o
 .debug_macro   0x000027f3       0x40 src/gfx_mono_framebuffer.o
 .debug_macro   0x00002833       0x88 src/gfx_mono_framebuffer.o
 .debug_macro   0x000028bb      0x1ce src/gfx_mono_framebuffer.o
 .debug_macro   0x00002a89       0x16 src/gfx_mono_framebuffer.o
 .debug_macro   0x00002a9f       0x1c src/gfx_mono_framebuffer.o
 .debug_macro   0x00002abb       0x16 src/gfx_mono_framebuffer.o
 .debug_macro   0x00002ad1       0x28 src/gfx_mono_framebuffer.o
 .debug_macro   0x00002af9       0xd1 src/gfx_mono_framebuffer.o
 .debug_macro   0x00002bca       0x8b src/gfx_mono_framebuffer.o
 .debug_macro   0x00002c55      0x7f4 src/gfx_mono_generic.o
 .debug_macro   0x00003449      0x80d src/gfx_mono_text.o
 .debug_macro   0x00003c56      0x7f9 src/gfx_mono_ug_2832hsweg04.o
 .debug_macro   0x0000444f       0x28 src/gfx_mono_ug_2832hsweg04.o
 .debug_macro   0x00004477      0x7ce src/ssd1306.o
 .debug_macro   0x00004c45      0x69c src/sysfont.o
 .debug_macro   0x000052e1       0x3a src/sysfont.o
 .debug_macro   0x0000531b      0x665 src/ASF/common/services/delay/sam/cycle_counter.o
 .debug_macro   0x00005980       0x22 src/ASF/common/services/delay/sam/cycle_counter.o
 .debug_macro   0x000059a2      0x6d1 src/ASF/common/services/clock/same70/sysclk.o
 .debug_macro   0x00006073      0x2c0 src/ASF/common/services/clock/same70/sysclk.o
 .debug_macro   0x00006333      0x655 src/ASF/common/utils/interrupt/interrupt_sam_nvic.o
 .debug_macro   0x00006988      0x70b src/ASF/sam/boards/same70_xplained/init.o
 .debug_macro   0x00007093       0x82 src/ASF/sam/boards/same70_xplained/init.o
 .debug_macro   0x00007115      0x66b src/ASF/sam/drivers/pio/pio.o
 .debug_macro   0x00007780       0x8e src/ASF/sam/drivers/pio/pio.o
 .debug_macro   0x0000780e      0x676 src/ASF/sam/drivers/pio/pio_handler.o
 .debug_macro   0x00007e84      0x66b src/ASF/sam/drivers/pmc/pmc.o
 .debug_macro   0x000084ef       0x6a src/ASF/sam/drivers/pmc/pmc.o
 .debug_macro   0x00008559      0x664 src/ASF/sam/utils/cmsis/same70/source/templates/gcc/startup_same70.o
 .debug_macro   0x00008bbd       0x10 src/ASF/sam/utils/cmsis/same70/source/templates/gcc/startup_same70.o
 .debug_macro   0x00008bcd      0x455 src/ASF/sam/utils/cmsis/same70/source/templates/system_same70.o
 .debug_macro   0x00009022      0x1d6 src/ASF/sam/utils/syscalls/gcc/syscalls.o
 .debug_macro   0x000091f8       0x97 src/ASF/sam/utils/syscalls/gcc/syscalls.o
 .debug_macro   0x0000928f       0xf6 src/ASF/sam/utils/syscalls/gcc/syscalls.o
 .debug_macro   0x00009385       0x4c src/ASF/sam/utils/syscalls/gcc/syscalls.o
 .debug_macro   0x000093d1       0x16 src/ASF/sam/utils/syscalls/gcc/syscalls.o
 .debug_macro   0x000093e7       0x10 src/ASF/sam/utils/syscalls/gcc/syscalls.o
 .debug_macro   0x000093f7       0x10 src/ASF/sam/utils/syscalls/gcc/syscalls.o
 .debug_macro   0x00009407       0x35 src/ASF/sam/utils/syscalls/gcc/syscalls.o
 .debug_macro   0x0000943c      0x122 src/ASF/sam/utils/syscalls/gcc/syscalls.o
 .debug_macro   0x0000955e      0x84b src/main.o

.debug_line     0x00000000     0xe6d9
 .debug_line    0x00000000      0xc41 src/ASF/sam/drivers/spi/spi.o
 .debug_line    0x00000c41      0xb85 src/ASF/sam/drivers/tc/tc.o
 .debug_line    0x000017c6      0xeae src/gfx_mono_framebuffer.o
 .debug_line    0x00002674      0xf62 src/gfx_mono_generic.o
 .debug_line    0x000035d6      0xebc src/gfx_mono_text.o
 .debug_line    0x00004492      0xf36 src/gfx_mono_ug_2832hsweg04.o
 .debug_line    0x000053c8      0xe8b src/ssd1306.o
 .debug_line    0x00006253      0xa16 src/sysfont.o
 .debug_line    0x00006c69      0x9ed src/ASF/common/services/delay/sam/cycle_counter.o
 .debug_line    0x00007656      0xb4f src/ASF/common/services/clock/same70/sysclk.o
 .debug_line    0x000081a5      0xa01 src/ASF/common/utils/interrupt/interrupt_sam_nvic.o
 .debug_line    0x00008ba6      0xc04 src/ASF/sam/boards/same70_xplained/init.o
 .debug_line    0x000097aa      0xee3 src/ASF/sam/drivers/pio/pio.o
 .debug_line    0x0000a68d      0xabf src/ASF/sam/drivers/pio/pio_handler.o
 .debug_line    0x0000b14c     0x106b src/ASF/sam/drivers/pmc/pmc.o
 .debug_line    0x0000c1b7      0xa73 src/ASF/sam/utils/cmsis/same70/source/templates/gcc/startup_same70.o
 .debug_line    0x0000cc2a      0x7e9 src/ASF/sam/utils/cmsis/same70/source/templates/system_same70.o
 .debug_line    0x0000d413      0x40b src/ASF/sam/utils/syscalls/gcc/syscalls.o
 .debug_line    0x0000d81e      0xebb src/main.o

.debug_str      0x00000000    0x9015f
 .debug_str     0x00000000    0x85e3d src/ASF/sam/drivers/spi/spi.o
                              0x8650a (size before relaxing)
 .debug_str     0x00085e3d      0x391 src/ASF/sam/drivers/tc/tc.o
                              0x82253 (size before relaxing)
 .debug_str     0x000861ce     0x2b0d src/gfx_mono_framebuffer.o
                              0x88c3c (size before relaxing)
 .debug_str     0x00088cdb      0x257 src/gfx_mono_generic.o
                              0x88d80 (size before relaxing)
 .debug_str     0x00088f32      0x1eb src/gfx_mono_text.o
                              0x88d5b (size before relaxing)
 .debug_str     0x0008911d      0x117 src/gfx_mono_ug_2832hsweg04.o
                              0x88d1c (size before relaxing)
 .debug_str     0x00089234      0x60d src/ssd1306.o
                              0x88954 (size before relaxing)
 .debug_str     0x00089841     0x3edc src/sysfont.o
                              0x86137 (size before relaxing)
 .debug_str     0x0008d71d       0x35 src/ASF/common/services/delay/sam/cycle_counter.o
                              0x82070 (size before relaxing)
 .debug_str     0x0008d752      0x3f1 src/ASF/common/services/clock/same70/sysclk.o
                              0x8658e (size before relaxing)
 .debug_str     0x0008db43       0x94 src/ASF/common/utils/interrupt/interrupt_sam_nvic.o
                              0x81f40 (size before relaxing)
 .debug_str     0x0008dbd7      0x4f4 src/ASF/sam/boards/same70_xplained/init.o
                              0x8707e (size before relaxing)
 .debug_str     0x0008e0cb      0x559 src/ASF/sam/drivers/pio/pio.o
                              0x82a96 (size before relaxing)
 .debug_str     0x0008e624      0x437 src/ASF/sam/drivers/pio/pio_handler.o
                              0x82bb8 (size before relaxing)
 .debug_str     0x0008ea5b      0x68e src/ASF/sam/drivers/pmc/pmc.o
                              0x82bfa (size before relaxing)
 .debug_str     0x0008f0e9      0x64c src/ASF/sam/utils/cmsis/same70/source/templates/gcc/startup_same70.o
                              0x8270d (size before relaxing)
 .debug_str     0x0008f735      0x137 src/ASF/sam/utils/cmsis/same70/source/templates/system_same70.o
                              0x72819 (size before relaxing)
 .debug_str     0x0008f86c      0x779 src/ASF/sam/utils/syscalls/gcc/syscalls.o
                               0x744a (size before relaxing)
 .debug_str     0x0008ffe5      0x17a src/main.o
                              0x8d529 (size before relaxing)

.debug_frame    0x00000000     0x1f84
 .debug_frame   0x00000000      0x140 src/ASF/sam/drivers/spi/spi.o
 .debug_frame   0x00000140      0x1a8 src/ASF/sam/drivers/tc/tc.o
 .debug_frame   0x000002e8       0xdc src/gfx_mono_framebuffer.o
 .debug_frame   0x000003c4      0x168 src/gfx_mono_generic.o
 .debug_frame   0x0000052c       0xc8 src/gfx_mono_text.o
 .debug_frame   0x000005f4      0x124 src/gfx_mono_ug_2832hsweg04.o
 .debug_frame   0x00000718       0x6c src/ssd1306.o
 .debug_frame   0x00000784       0x20 src/ASF/common/services/delay/sam/cycle_counter.o
 .debug_frame   0x000007a4       0x88 src/ASF/common/services/clock/same70/sysclk.o
 .debug_frame   0x0000082c       0x30 src/ASF/common/utils/interrupt/interrupt_sam_nvic.o
 .debug_frame   0x0000085c       0x30 src/ASF/sam/boards/same70_xplained/init.o
 .debug_frame   0x0000088c      0x390 src/ASF/sam/drivers/pio/pio.o
 .debug_frame   0x00000c1c      0x110 src/ASF/sam/drivers/pio/pio_handler.o
 .debug_frame   0x00000d2c      0x494 src/ASF/sam/drivers/pmc/pmc.o
 .debug_frame   0x000011c0       0x38 src/ASF/sam/utils/cmsis/same70/source/templates/gcc/startup_same70.o
 .debug_frame   0x000011f8       0x40 src/ASF/sam/utils/cmsis/same70/source/templates/system_same70.o
 .debug_frame   0x00001238       0xa0 src/ASF/sam/utils/syscalls/gcc/syscalls.o
 .debug_frame   0x000012d8       0xc0 src/main.o
 .debug_frame   0x00001398       0xac c:/program files (x86)/atmel/studio/7.0/toolchain/arm/arm-gnu-toolchain/bin/../lib/gcc/arm-none-eabi/6.3.1/thumb/v7e-m\libgcc.a(_arm_addsubdf3.o)
 .debug_frame   0x00001444       0x2c c:/program files (x86)/atmel/studio/7.0/toolchain/arm/arm-gnu-toolchain/bin/../lib/gcc/arm-none-eabi/6.3.1/../../../../arm-none-eabi/lib/thumb/v7e-m\libc.a(lib_a-init.o)
 .debug_frame   0x00001470       0x34 c:/program files (x86)/atmel/studio/7.0/toolchain/arm/arm-gnu-toolchain/bin/../lib/gcc/arm-none-eabi/6.3.1/../../../../arm-none-eabi/lib/thumb/v7e-m\libc.a(lib_a-memset.o)
 .debug_frame   0x000014a4       0x84 c:/program files (x86)/atmel/studio/7.0/toolchain/arm/arm-gnu-toolchain/bin/../lib/gcc/arm-none-eabi/6.3.1/../../../../arm-none-eabi/lib/thumb/v7e-m\libc.a(lib_a-sprintf.o)
 .debug_frame   0x00001528       0x40 c:/program files (x86)/atmel/studio/7.0/toolchain/arm/arm-gnu-toolchain/bin/../lib/gcc/arm-none-eabi/6.3.1/../../../../arm-none-eabi/lib/thumb/v7e-m\libc.a(lib_a-svfprintf.o)
 .debug_frame   0x00001568       0x5c c:/program files (x86)/atmel/studio/7.0/toolchain/arm/arm-gnu-toolchain/bin/../lib/gcc/arm-none-eabi/6.3.1/../../../../arm-none-eabi/lib/thumb/v7e-m\libc.a(lib_a-__call_atexit.o)
 .debug_frame   0x000015c4       0x20 c:/program files (x86)/atmel/studio/7.0/toolchain/arm/arm-gnu-toolchain/bin/../lib/gcc/arm-none-eabi/6.3.1/../../../../arm-none-eabi/lib/thumb/v7e-m\libc.a(lib_a-atexit.o)
 .debug_frame   0x000015e4       0x88 c:/program files (x86)/atmel/studio/7.0/toolchain/arm/arm-gnu-toolchain/bin/../lib/gcc/arm-none-eabi/6.3.1/../../../../arm-none-eabi/lib/thumb/v7e-m\libc.a(lib_a-dtoa.o)
 .debug_frame   0x0000166c       0x34 c:/program files (x86)/atmel/studio/7.0/toolchain/arm/arm-gnu-toolchain/bin/../lib/gcc/arm-none-eabi/6.3.1/../../../../arm-none-eabi/lib/thumb/v7e-m\libc.a(lib_a-fini.o)
 .debug_frame   0x000016a0       0x40 c:/program files (x86)/atmel/studio/7.0/toolchain/arm/arm-gnu-toolchain/bin/../lib/gcc/arm-none-eabi/6.3.1/../../../../arm-none-eabi/lib/thumb/v7e-m\libc.a(lib_a-localeconv.o)
 .debug_frame   0x000016e0       0xb0 c:/program files (x86)/atmel/studio/7.0/toolchain/arm/arm-gnu-toolchain/bin/../lib/gcc/arm-none-eabi/6.3.1/../../../../arm-none-eabi/lib/thumb/v7e-m\libc.a(lib_a-lock.o)
 .debug_frame   0x00001790       0x58 c:/program files (x86)/atmel/studio/7.0/toolchain/arm/arm-gnu-toolchain/bin/../lib/gcc/arm-none-eabi/6.3.1/../../../../arm-none-eabi/lib/thumb/v7e-m\libc.a(lib_a-mallocr.o)
 .debug_frame   0x000017e8       0x30 c:/program files (x86)/atmel/studio/7.0/toolchain/arm/arm-gnu-toolchain/bin/../lib/gcc/arm-none-eabi/6.3.1/../../../../arm-none-eabi/lib/thumb/v7e-m\libc.a(lib_a-mlock.o)
 .debug_frame   0x00001818      0x25c c:/program files (x86)/atmel/studio/7.0/toolchain/arm/arm-gnu-toolchain/bin/../lib/gcc/arm-none-eabi/6.3.1/../../../../arm-none-eabi/lib/thumb/v7e-m\libc.a(lib_a-mprec.o)
 .debug_frame   0x00001a74       0x2c c:/program files (x86)/atmel/studio/7.0/toolchain/arm/arm-gnu-toolchain/bin/../lib/gcc/arm-none-eabi/6.3.1/../../../../arm-none-eabi/lib/thumb/v7e-m\libc.a(lib_a-sbrkr.o)
 .debug_frame   0x00001aa0       0x78 c:/program files (x86)/atmel/studio/7.0/toolchain/arm/arm-gnu-toolchain/bin/../lib/gcc/arm-none-eabi/6.3.1/../../../../arm-none-eabi/lib/thumb/v7e-m\libc.a(lib_a-svfiprintf.o)
 .debug_frame   0x00001b18       0x34 c:/program files (x86)/atmel/studio/7.0/toolchain/arm/arm-gnu-toolchain/bin/../lib/gcc/arm-none-eabi/6.3.1/../../../../arm-none-eabi/lib/thumb/v7e-m\libc.a(lib_a-__atexit.o)
 .debug_frame   0x00001b4c       0x28 c:/program files (x86)/atmel/studio/7.0/toolchain/arm/arm-gnu-toolchain/bin/../lib/gcc/arm-none-eabi/6.3.1/../../../../arm-none-eabi/lib/thumb/v7e-m\libc.a(lib_a-callocr.o)
 .debug_frame   0x00001b74       0x74 c:/program files (x86)/atmel/studio/7.0/toolchain/arm/arm-gnu-toolchain/bin/../lib/gcc/arm-none-eabi/6.3.1/../../../../arm-none-eabi/lib/thumb/v7e-m\libc.a(lib_a-freer.o)
 .debug_frame   0x00001be8       0x6c c:/program files (x86)/atmel/studio/7.0/toolchain/arm/arm-gnu-toolchain/bin/../lib/gcc/arm-none-eabi/6.3.1/../../../../arm-none-eabi/lib/thumb/v7e-m\libc.a(lib_a-locale.o)
 .debug_frame   0x00001c54       0x4c c:/program files (x86)/atmel/studio/7.0/toolchain/arm/arm-gnu-toolchain/bin/../lib/gcc/arm-none-eabi/6.3.1/../../../../arm-none-eabi/lib/thumb/v7e-m\libc.a(lib_a-mbtowc_r.o)
 .debug_frame   0x00001ca0       0x30 c:/program files (x86)/atmel/studio/7.0/toolchain/arm/arm-gnu-toolchain/bin/../lib/gcc/arm-none-eabi/6.3.1/../../../../arm-none-eabi/lib/thumb/v7e-m\libc.a(lib_a-memmove.o)
 .debug_frame   0x00001cd0       0x68 c:/program files (x86)/atmel/studio/7.0/toolchain/arm/arm-gnu-toolchain/bin/../lib/gcc/arm-none-eabi/6.3.1/../../../../arm-none-eabi/lib/thumb/v7e-m\libc.a(lib_a-reallocr.o)
 .debug_frame   0x00001d38       0x58 c:/program files (x86)/atmel/studio/7.0/toolchain/arm/arm-gnu-toolchain/bin/../lib/gcc/arm-none-eabi/6.3.1/../../../../arm-none-eabi/lib/thumb/v7e-m\libc.a(lib_a-reent.o)
 .debug_frame   0x00001d90       0x3c c:/program files (x86)/atmel/studio/7.0/toolchain/arm/arm-gnu-toolchain/bin/../lib/gcc/arm-none-eabi/6.3.1/../../../../arm-none-eabi/lib/thumb/v7e-m\libc.a(lib_a-wctomb_r.o)
 .debug_frame   0x00001dcc       0x50 c:/program files (x86)/atmel/studio/7.0/toolchain/arm/arm-gnu-toolchain/bin/../lib/gcc/arm-none-eabi/6.3.1/thumb/v7e-m\libgcc.a(_arm_muldivdf3.o)
 .debug_frame   0x00001e1c       0xc4 c:/program files (x86)/atmel/studio/7.0/toolchain/arm/arm-gnu-toolchain/bin/../lib/gcc/arm-none-eabi/6.3.1/thumb/v7e-m\libgcc.a(_arm_cmpdf2.o)
 .debug_frame   0x00001ee0       0x20 c:/program files (x86)/atmel/studio/7.0/toolchain/arm/arm-gnu-toolchain/bin/../lib/gcc/arm-none-eabi/6.3.1/thumb/v7e-m\libgcc.a(_arm_unorddf2.o)
 .debug_frame   0x00001f00       0x24 c:/program files (x86)/atmel/studio/7.0/toolchain/arm/arm-gnu-toolchain/bin/../lib/gcc/arm-none-eabi/6.3.1/thumb/v7e-m\libgcc.a(_arm_fixdfsi.o)
 .debug_frame   0x00001f24       0x2c c:/program files (x86)/atmel/studio/7.0/toolchain/arm/arm-gnu-toolchain/bin/../lib/gcc/arm-none-eabi/6.3.1/thumb/v7e-m\libgcc.a(_aeabi_uldivmod.o)
 .debug_frame   0x00001f50       0x34 c:/program files (x86)/atmel/studio/7.0/toolchain/arm/arm-gnu-toolchain/bin/../lib/gcc/arm-none-eabi/6.3.1/thumb/v7e-m\libgcc.a(_udivmoddi4.o)

Cross Reference Table

Symbol                                            File
ACC_Handler                                       src/ASF/sam/utils/cmsis/same70/source/templates/gcc/startup_same70.o
AES_Handler                                       src/ASF/sam/utils/cmsis/same70/source/templates/gcc/startup_same70.o
AFEC0_Handler                                     src/ASF/sam/utils/cmsis/same70/source/templates/gcc/startup_same70.o
AFEC1_Handler                                     src/ASF/sam/utils/cmsis/same70/source/templates/gcc/startup_same70.o
BusFault_Handler                                  src/ASF/sam/utils/cmsis/same70/source/templates/gcc/startup_same70.o
DACC_Handler                                      src/ASF/sam/utils/cmsis/same70/source/templates/gcc/startup_same70.o
DebugMon_Handler                                  src/ASF/sam/utils/cmsis/same70/source/templates/gcc/startup_same70.o
Dummy_Handler                                     src/ASF/sam/utils/cmsis/same70/source/templates/gcc/startup_same70.o
EFC_Handler                                       src/ASF/sam/utils/cmsis/same70/source/templates/gcc/startup_same70.o
GMAC_Handler                                      src/ASF/sam/utils/cmsis/same70/source/templates/gcc/startup_same70.o
HSMCI_Handler                                     src/ASF/sam/utils/cmsis/same70/source/templates/gcc/startup_same70.o
HardFault_Handler                                 src/ASF/sam/utils/cmsis/same70/source/templates/gcc/startup_same70.o
ICM_Handler                                       src/ASF/sam/utils/cmsis/same70/source/templates/gcc/startup_same70.o
ISI_Handler                                       src/ASF/sam/utils/cmsis/same70/source/templates/gcc/startup_same70.o
MCAN0_Handler                                     src/ASF/sam/utils/cmsis/same70/source/templates/gcc/startup_same70.o
MCAN1_Handler                                     src/ASF/sam/utils/cmsis/same70/source/templates/gcc/startup_same70.o
MemManage_Handler                                 src/ASF/sam/utils/cmsis/same70/source/templates/gcc/startup_same70.o
NMI_Handler                                       src/ASF/sam/utils/cmsis/same70/source/templates/gcc/startup_same70.o
PIOA_Handler                                      src/ASF/sam/drivers/pio/pio_handler.o
PIOB_Handler                                      src/ASF/sam/drivers/pio/pio_handler.o
PIOC_Handler                                      src/ASF/sam/drivers/pio/pio_handler.o
PIOD_Handler                                      src/ASF/sam/drivers/pio/pio_handler.o
PIOE_Handler                                      src/ASF/sam/drivers/pio/pio_handler.o
PMC_Handler                                       src/ASF/sam/utils/cmsis/same70/source/templates/gcc/startup_same70.o
PWM0_Handler                                      src/ASF/sam/utils/cmsis/same70/source/templates/gcc/startup_same70.o
PWM1_Handler                                      src/ASF/sam/utils/cmsis/same70/source/templates/gcc/startup_same70.o
PendSV_Handler                                    src/ASF/sam/utils/cmsis/same70/source/templates/gcc/startup_same70.o
QSPI_Handler                                      src/ASF/sam/utils/cmsis/same70/source/templates/gcc/startup_same70.o
RSTC_Handler                                      src/ASF/sam/utils/cmsis/same70/source/templates/gcc/startup_same70.o
RSWDT_Handler                                     src/ASF/sam/utils/cmsis/same70/source/templates/gcc/startup_same70.o
RTC_Handler                                       src/ASF/sam/utils/cmsis/same70/source/templates/gcc/startup_same70.o
RTT_Handler                                       src/ASF/sam/utils/cmsis/same70/source/templates/gcc/startup_same70.o
Reset_Handler                                     src/ASF/sam/utils/cmsis/same70/source/templates/gcc/startup_same70.o
SDRAMC_Handler                                    src/ASF/sam/utils/cmsis/same70/source/templates/gcc/startup_same70.o
SPI0_Handler                                      src/ASF/sam/utils/cmsis/same70/source/templates/gcc/startup_same70.o
SPI1_Handler                                      src/ASF/sam/utils/cmsis/same70/source/templates/gcc/startup_same70.o
SSC_Handler                                       src/ASF/sam/utils/cmsis/same70/source/templates/gcc/startup_same70.o
SUPC_Handler                                      src/ASF/sam/utils/cmsis/same70/source/templates/gcc/startup_same70.o
SVC_Handler                                       src/ASF/sam/utils/cmsis/same70/source/templates/gcc/startup_same70.o
SysTick_Handler                                   src/ASF/sam/utils/cmsis/same70/source/templates/gcc/startup_same70.o
SystemCoreClock                                   src/ASF/sam/utils/cmsis/same70/source/templates/system_same70.o
SystemCoreClockUpdate                             src/ASF/sam/utils/cmsis/same70/source/templates/system_same70.o
                                                  src/ASF/common/services/clock/same70/sysclk.o
SystemInit                                        src/ASF/sam/utils/cmsis/same70/source/templates/system_same70.o
TC0_Handler                                       src/main.o
                                                  src/ASF/sam/utils/cmsis/same70/source/templates/gcc/startup_same70.o
TC10_Handler                                      src/ASF/sam/utils/cmsis/same70/source/templates/gcc/startup_same70.o
TC11_Handler                                      src/ASF/sam/utils/cmsis/same70/source/templates/gcc/startup_same70.o
TC1_Handler                                       src/ASF/sam/utils/cmsis/same70/source/templates/gcc/startup_same70.o
TC2_Handler                                       src/ASF/sam/utils/cmsis/same70/source/templates/gcc/startup_same70.o
TC3_Handler                                       src/ASF/sam/utils/cmsis/same70/source/templates/gcc/startup_same70.o
TC4_Handler                                       src/ASF/sam/utils/cmsis/same70/source/templates/gcc/startup_same70.o
TC5_Handler                                       src/ASF/sam/utils/cmsis/same70/source/templates/gcc/startup_same70.o
TC6_Handler                                       src/ASF/sam/utils/cmsis/same70/source/templates/gcc/startup_same70.o
TC7_Handler                                       src/ASF/sam/utils/cmsis/same70/source/templates/gcc/startup_same70.o
TC8_Handler                                       src/ASF/sam/utils/cmsis/same70/source/templates/gcc/startup_same70.o
TC9_Handler                                       src/ASF/sam/utils/cmsis/same70/source/templates/gcc/startup_same70.o
TC_init                                           src/main.o
TRNG_Handler                                      src/ASF/sam/utils/cmsis/same70/source/templates/gcc/startup_same70.o
TWIHS0_Handler                                    src/ASF/sam/utils/cmsis/same70/source/templates/gcc/startup_same70.o
TWIHS1_Handler                                    src/ASF/sam/utils/cmsis/same70/source/templates/gcc/startup_same70.o
TWIHS2_Handler                                    src/ASF/sam/utils/cmsis/same70/source/templates/gcc/startup_same70.o
UART0_Handler                                     src/ASF/sam/utils/cmsis/same70/source/templates/gcc/startup_same70.o
UART1_Handler                                     src/ASF/sam/utils/cmsis/same70/source/templates/gcc/startup_same70.o
UART2_Handler                                     src/ASF/sam/utils/cmsis/same70/source/templates/gcc/startup_same70.o
UART3_Handler                                     src/ASF/sam/utils/cmsis/same70/source/templates/gcc/startup_same70.o
UART4_Handler                                     src/ASF/sam/utils/cmsis/same70/source/templates/gcc/startup_same70.o
USART0_Handler                                    src/ASF/sam/utils/cmsis/same70/source/templates/gcc/startup_same70.o
USART1_Handler                                    src/ASF/sam/utils/cmsis/same70/source/templates/gcc/startup_same70.o
USART2_Handler                                    src/ASF/sam/utils/cmsis/same70/source/templates/gcc/startup_same70.o
USBHS_Handler                                     src/ASF/sam/utils/cmsis/same70/source/templates/gcc/startup_same70.o
UsageFault_Handler                                src/ASF/sam/utils/cmsis/same70/source/templates/gcc/startup_same70.o
WDT_Handler                                       src/ASF/sam/utils/cmsis/same70/source/templates/gcc/startup_same70.o
XDMAC_Handler                                     src/ASF/sam/utils/cmsis/same70/source/templates/gcc/startup_same70.o
_Balloc                                           c:/program files (x86)/atmel/studio/7.0/toolchain/arm/arm-gnu-toolchain/bin/../lib/gcc/arm-none-eabi/6.3.1/../../../../arm-none-eabi/lib/thumb/v7e-m\libc.a(lib_a-mprec.o)
                                                  c:/program files (x86)/atmel/studio/7.0/toolchain/arm/arm-gnu-toolchain/bin/../lib/gcc/arm-none-eabi/6.3.1/../../../../arm-none-eabi/lib/thumb/v7e-m\libc.a(lib_a-dtoa.o)
_Bfree                                            c:/program files (x86)/atmel/studio/7.0/toolchain/arm/arm-gnu-toolchain/bin/../lib/gcc/arm-none-eabi/6.3.1/../../../../arm-none-eabi/lib/thumb/v7e-m\libc.a(lib_a-mprec.o)
                                                  c:/program files (x86)/atmel/studio/7.0/toolchain/arm/arm-gnu-toolchain/bin/../lib/gcc/arm-none-eabi/6.3.1/../../../../arm-none-eabi/lib/thumb/v7e-m\libc.a(lib_a-dtoa.o)
_Jv_RegisterClasses                               c:/program files (x86)/atmel/studio/7.0/toolchain/arm/arm-gnu-toolchain/bin/../lib/gcc/arm-none-eabi/6.3.1/thumb/v7e-m/crtbegin.o
_PathLocale                                       c:/program files (x86)/atmel/studio/7.0/toolchain/arm/arm-gnu-toolchain/bin/../lib/gcc/arm-none-eabi/6.3.1/../../../../arm-none-eabi/lib/thumb/v7e-m\libc.a(lib_a-locale.o)
__adddf3                                          c:/program files (x86)/atmel/studio/7.0/toolchain/arm/arm-gnu-toolchain/bin/../lib/gcc/arm-none-eabi/6.3.1/thumb/v7e-m\libgcc.a(_arm_addsubdf3.o)
__aeabi_cdcmpeq                                   c:/program files (x86)/atmel/studio/7.0/toolchain/arm/arm-gnu-toolchain/bin/../lib/gcc/arm-none-eabi/6.3.1/thumb/v7e-m\libgcc.a(_arm_cmpdf2.o)
__aeabi_cdcmple                                   c:/program files (x86)/atmel/studio/7.0/toolchain/arm/arm-gnu-toolchain/bin/../lib/gcc/arm-none-eabi/6.3.1/thumb/v7e-m\libgcc.a(_arm_cmpdf2.o)
__aeabi_cdrcmple                                  c:/program files (x86)/atmel/studio/7.0/toolchain/arm/arm-gnu-toolchain/bin/../lib/gcc/arm-none-eabi/6.3.1/thumb/v7e-m\libgcc.a(_arm_cmpdf2.o)
__aeabi_d2iz                                      c:/program files (x86)/atmel/studio/7.0/toolchain/arm/arm-gnu-toolchain/bin/../lib/gcc/arm-none-eabi/6.3.1/thumb/v7e-m\libgcc.a(_arm_fixdfsi.o)
                                                  c:/program files (x86)/atmel/studio/7.0/toolchain/arm/arm-gnu-toolchain/bin/../lib/gcc/arm-none-eabi/6.3.1/../../../../arm-none-eabi/lib/thumb/v7e-m\libc.a(lib_a-dtoa.o)
__aeabi_dadd                                      c:/program files (x86)/atmel/studio/7.0/toolchain/arm/arm-gnu-toolchain/bin/../lib/gcc/arm-none-eabi/6.3.1/thumb/v7e-m\libgcc.a(_arm_addsubdf3.o)
                                                  c:/program files (x86)/atmel/studio/7.0/toolchain/arm/arm-gnu-toolchain/bin/../lib/gcc/arm-none-eabi/6.3.1/../../../../arm-none-eabi/lib/thumb/v7e-m\libc.a(lib_a-dtoa.o)
                                                  src/main.o
__aeabi_dcmpeq                                    c:/program files (x86)/atmel/studio/7.0/toolchain/arm/arm-gnu-toolchain/bin/../lib/gcc/arm-none-eabi/6.3.1/thumb/v7e-m\libgcc.a(_arm_cmpdf2.o)
                                                  c:/program files (x86)/atmel/studio/7.0/toolchain/arm/arm-gnu-toolchain/bin/../lib/gcc/arm-none-eabi/6.3.1/../../../../arm-none-eabi/lib/thumb/v7e-m\libc.a(lib_a-dtoa.o)
                                                  c:/program files (x86)/atmel/studio/7.0/toolchain/arm/arm-gnu-toolchain/bin/../lib/gcc/arm-none-eabi/6.3.1/../../../../arm-none-eabi/lib/thumb/v7e-m\libc.a(lib_a-svfprintf.o)
__aeabi_dcmpge                                    c:/program files (x86)/atmel/studio/7.0/toolchain/arm/arm-gnu-toolchain/bin/../lib/gcc/arm-none-eabi/6.3.1/thumb/v7e-m\libgcc.a(_arm_cmpdf2.o)