Archive member included to satisfy reference by file (symbol)

c:/program files (x86)/atmel/studio/7.0/toolchain/arm/arm-gnu-toolchain/bin/../lib/gcc/arm-none-eabi/6.3.1/../../../../arm-none-eabi/lib/thumb/v7e-m\libc.a(lib_a-exit.o)
                              c:/program files (x86)/atmel/studio/7.0/toolchain/arm/arm-gnu-toolchain/bin/../lib/gcc/arm-none-eabi/6.3.1/../../../../arm-none-eabi/lib/thumb/v7e-m/crt0.o (exit)
c:/program files (x86)/atmel/studio/7.0/toolchain/arm/arm-gnu-toolchain/bin/../lib/gcc/arm-none-eabi/6.3.1/../../../../arm-none-eabi/lib/thumb/v7e-m\libc.a(lib_a-impure.o)
                              c:/program files (x86)/atmel/studio/7.0/toolchain/arm/arm-gnu-toolchain/bin/../lib/gcc/arm-none-eabi/6.3.1/../../../../arm-none-eabi/lib/thumb/v7e-m\libc.a(lib_a-exit.o) (_global_impure_ptr)
c:/program files (x86)/atmel/studio/7.0/toolchain/arm/arm-gnu-toolchain/bin/../lib/gcc/arm-none-eabi/6.3.1/../../../../arm-none-eabi/lib/thumb/v7e-m\libc.a(lib_a-init.o)
                              c:/program files (x86)/atmel/studio/7.0/toolchain/arm/arm-gnu-toolchain/bin/../lib/gcc/arm-none-eabi/6.3.1/../../../../arm-none-eabi/lib/thumb/v7e-m/crt0.o (__libc_init_array)
c:/program files (x86)/atmel/studio/7.0/toolchain/arm/arm-gnu-toolchain/bin/../lib/gcc/arm-none-eabi/6.3.1/../../../../arm-none-eabi/lib/thumb/v7e-m\libc.a(lib_a-itoa.o)
                              src/main.o (itoa)
c:/program files (x86)/atmel/studio/7.0/toolchain/arm/arm-gnu-toolchain/bin/../lib/gcc/arm-none-eabi/6.3.1/../../../../arm-none-eabi/lib/thumb/v7e-m\libc.a(lib_a-memset.o)
                              c:/program files (x86)/atmel/studio/7.0/toolchain/arm/arm-gnu-toolchain/bin/../lib/gcc/arm-none-eabi/6.3.1/../../../../arm-none-eabi/lib/thumb/v7e-m/crt0.o (memset)
c:/program files (x86)/atmel/studio/7.0/toolchain/arm/arm-gnu-toolchain/bin/../lib/gcc/arm-none-eabi/6.3.1/../../../../arm-none-eabi/lib/thumb/v7e-m\libc.a(lib_a-utoa.o)
                              c:/program files (x86)/atmel/studio/7.0/toolchain/arm/arm-gnu-toolchain/bin/../lib/gcc/arm-none-eabi/6.3.1/../../../../arm-none-eabi/lib/thumb/v7e-m\libc.a(lib_a-itoa.o) (__utoa)
c:/program files (x86)/atmel/studio/7.0/toolchain/arm/arm-gnu-toolchain/bin/../lib/gcc/arm-none-eabi/6.3.1/../../../../arm-none-eabi/lib/thumb/v7e-m\libc.a(lib_a-__call_atexit.o)
                              c:/program files (x86)/atmel/studio/7.0/toolchain/arm/arm-gnu-toolchain/bin/../lib/gcc/arm-none-eabi/6.3.1/../../../../arm-none-eabi/lib/thumb/v7e-m\libc.a(lib_a-exit.o) (__call_exitprocs)
c:/program files (x86)/atmel/studio/7.0/toolchain/arm/arm-gnu-toolchain/bin/../lib/gcc/arm-none-eabi/6.3.1/../../../../arm-none-eabi/lib/thumb/v7e-m\libc.a(lib_a-atexit.o)
                              c:/program files (x86)/atmel/studio/7.0/toolchain/arm/arm-gnu-toolchain/bin/../lib/gcc/arm-none-eabi/6.3.1/../../../../arm-none-eabi/lib/thumb/v7e-m\libc.a(lib_a-__call_atexit.o) (atexit)
c:/program files (x86)/atmel/studio/7.0/toolchain/arm/arm-gnu-toolchain/bin/../lib/gcc/arm-none-eabi/6.3.1/../../../../arm-none-eabi/lib/thumb/v7e-m\libc.a(lib_a-fini.o)
                              c:/program files (x86)/atmel/studio/7.0/toolchain/arm/arm-gnu-toolchain/bin/../lib/gcc/arm-none-eabi/6.3.1/../../../../arm-none-eabi/lib/thumb/v7e-m\libc.a(lib_a-__call_atexit.o) (__libc_fini_array)
c:/program files (x86)/atmel/studio/7.0/toolchain/arm/arm-gnu-toolchain/bin/../lib/gcc/arm-none-eabi/6.3.1/../../../../arm-none-eabi/lib/thumb/v7e-m\libc.a(lib_a-lock.o)
                              c:/program files (x86)/atmel/studio/7.0/toolchain/arm/arm-gnu-toolchain/bin/../lib/gcc/arm-none-eabi/6.3.1/../../../../arm-none-eabi/lib/thumb/v7e-m\libc.a(lib_a-__call_atexit.o) (__retarget_lock_acquire_recursive)
c:/program files (x86)/atmel/studio/7.0/toolchain/arm/arm-gnu-toolchain/bin/../lib/gcc/arm-none-eabi/6.3.1/../../../../arm-none-eabi/lib/thumb/v7e-m\libc.a(lib_a-__atexit.o)
                              c:/program files (x86)/atmel/studio/7.0/toolchain/arm/arm-gnu-toolchain/bin/../lib/gcc/arm-none-eabi/6.3.1/../../../../arm-none-eabi/lib/thumb/v7e-m\libc.a(lib_a-atexit.o) (__register_exitproc)

Allocating common symbols
Common symbol       size              file

__lock___atexit_recursive_mutex
                    0x1               c:/program files (x86)/atmel/studio/7.0/toolchain/arm/arm-gnu-toolchain/bin/../lib/gcc/arm-none-eabi/6.3.1/../../../../arm-none-eabi/lib/thumb/v7e-m\libc.a(lib_a-lock.o)
__lock___arc4random_mutex
                    0x1               c:/program files (x86)/atmel/studio/7.0/toolchain/arm/arm-gnu-toolchain/bin/../lib/gcc/arm-none-eabi/6.3.1/../../../../arm-none-eabi/lib/thumb/v7e-m\libc.a(lib_a-lock.o)
__lock___env_recursive_mutex
                    0x1               c:/program files (x86)/atmel/studio/7.0/toolchain/arm/arm-gnu-toolchain/bin/../lib/gcc/arm-none-eabi/6.3.1/../../../../arm-none-eabi/lib/thumb/v7e-m\libc.a(lib_a-lock.o)
__lock___sinit_recursive_mutex
[...]
Memory Configuration

Name             Origin             Length             Attributes
rom              0x00400000         0x00200000         xr
ram              0x20400000         0x00060000         xrw
*default*        0x00000000         0xffffffff

Linker script and memory map

LOAD c:/program files (x86)/atmel/studio/7.0/toolchain/arm/arm-gnu-toolchain/bin/../lib/gcc/arm-none-eabi/6.3.1/thumb/v7e-m/crti.o
LOAD c:/program files (x86)/atmel/studio/7.0/toolchain/arm/arm-gnu-toolchain/bin/../lib/gcc/arm-none-eabi/6.3.1/thumb/v7e-m/crtbegin.o
LOAD c:/program files (x86)/atmel/studio/7.0/toolchain/arm/arm-gnu-toolchain/bin/../lib/gcc/arm-none-eabi/6.3.1/../../../../arm-none-eabi/lib/thumb/v7e-m/crt0.o
LOAD src/ASF/common/services/sleepmgr/sam/sleepmgr.o
LOAD src/ASF/sam/drivers/spi/spi.o
LOAD src/ASF/sam/drivers/tc/tc.o
LOAD src/gfx_mono_framebuffer.o
LOAD src/gfx_mono_generic.o
LOAD src/gfx_mono_text.o
LOAD src/gfx_mono_ug_2832hsweg04.o
LOAD src/ssd1306.o
LOAD src/sysfont.o
LOAD src/ASF/common/services/delay/sam/cycle_counter.o
LOAD src/ASF/common/services/clock/same70/sysclk.o
LOAD src/ASF/common/utils/interrupt/interrupt_sam_nvic.o
LOAD src/ASF/sam/boards/same70_xplained/init.o
LOAD src/ASF/sam/drivers/mpu/mpu.o
LOAD src/ASF/sam/drivers/pio/pio.o
LOAD src/ASF/sam/drivers/pio/pio_handler.o
LOAD src/ASF/sam/drivers/pmc/pmc.o
LOAD src/ASF/sam/drivers/pmc/sleep.o
LOAD src/ASF/sam/utils/cmsis/same70/source/templates/gcc/startup_same70.o
LOAD src/ASF/sam/utils/cmsis/same70/source/templates/system_same70.o
LOAD src/ASF/sam/utils/syscalls/gcc/syscalls.o
LOAD src/main.o
START GROUP
LOAD ../src/ASF/thirdparty/CMSIS/Lib/GCC\libarm_cortexM7lfsp_math_softfp.a
LOAD c:/program files (x86)/atmel/studio/7.0/toolchain/arm/arm-gnu-toolchain/bin/../lib/gcc/arm-none-eabi/6.3.1/../../../../arm-none-eabi/lib/thumb/v7e-m\libm.a
END GROUP
START GROUP
LOAD c:/program files (x86)/atmel/studio/7.0/toolchain/arm/arm-gnu-toolchain/bin/../lib/gcc/arm-none-eabi/6.3.1/thumb/v7e-m\libgcc.a
LOAD c:/program files (x86)/atmel/studio/7.0/toolchain/arm/arm-gnu-toolchain/bin/../lib/gcc/arm-none-eabi/6.3.1/../../../../arm-none-eabi/lib/thumb/v7e-m\libc.a
END GROUP
LOAD c:/program files (x86)/atmel/studio/7.0/toolchain/arm/arm-gnu-toolchain/bin/../lib/gcc/arm-none-eabi/6.3.1/thumb/v7e-m/crtend.o
LOAD c:/program files (x86)/atmel/studio/7.0/toolchain/arm/arm-gnu-toolchain/bin/../lib/gcc/arm-none-eabi/6.3.1/thumb/v7e-m/crtn.o
                0x00002000                STACK_SIZE = DEFINED (STACK_SIZE)?STACK_SIZE:0x2000
                0x2045fffc                __ram_end__ = ((ORIGIN (ram) + LENGTH (ram)) - 0x4)
                0x00000200                HEAP_SIZE = DEFINED (HEAP_SIZE)?HEAP_SIZE:0x200

.text           0x00400000     0x20ec
                0x00400000                . = ALIGN (0x4)
                0x00400000                _sfixed = .
 *(.vectors .vectors.*)
 .vectors       0x00400000      0x140 src/ASF/sam/utils/cmsis/same70/source/templates/gcc/startup_same70.o
                0x00400000                exception_table
 *(.text .text.* .gnu.linkonce.t.*)
 .text          0x00400140       0x6c c:/program files (x86)/atmel/studio/7.0/toolchain/arm/arm-gnu-toolchain/bin/../lib/gcc/arm-none-eabi/6.3.1/thumb/v7e-m/crtbegin.o
 .text.spi_enable_clock
                0x004001ac       0x2c src/ASF/sam/drivers/spi/spi.o
                0x004001ac                spi_enable_clock
 .text.spi_set_peripheral_chip_select_value
                0x004001d8       0x16 src/ASF/sam/drivers/spi/spi.o
                0x004001d8                spi_set_peripheral_chip_select_value
 .text.spi_write
                0x004001ee       0x34 src/ASF/sam/drivers/spi/spi.o
                0x004001ee                spi_write
 .text.spi_set_clock_polarity
                0x00400222       0x1e src/ASF/sam/drivers/spi/spi.o
                0x00400222                spi_set_clock_polarity
 .text.spi_set_clock_phase
                0x00400240       0x1e src/ASF/sam/drivers/spi/spi.o
                0x00400240                spi_set_clock_phase
 .text.spi_configure_cs_behavior
                0x0040025e       0x46 src/ASF/sam/drivers/spi/spi.o
                0x0040025e                spi_configure_cs_behavior
 .text.spi_set_bits_per_transfer
                0x004002a4       0x14 src/ASF/sam/drivers/spi/spi.o
                0x004002a4                spi_set_bits_per_transfer
 .text.spi_calc_baudrate_div
                0x004002b8       0x16 src/ASF/sam/drivers/spi/spi.o
                0x004002b8                spi_calc_baudrate_div
 .text.spi_set_baudrate_div
                0x004002ce       0x28 src/ASF/sam/drivers/spi/spi.o
                0x004002ce                spi_set_baudrate_div
 .text.tc_init  0x004002f6       0x1a src/ASF/sam/drivers/tc/tc.o
                0x004002f6                tc_init
 .text.tc_start
                0x00400310        0x8 src/ASF/sam/drivers/tc/tc.o
                0x00400310                tc_start
 .text.tc_write_rc
                0x00400318        0x8 src/ASF/sam/drivers/tc/tc.o
                0x00400318                tc_write_rc
 .text.tc_enable_interrupt
                0x00400320        0x8 src/ASF/sam/drivers/tc/tc.o
                0x00400320                tc_enable_interrupt
 .text.tc_get_status
                0x00400328        0x8 src/ASF/sam/drivers/tc/tc.o
                0x00400328                tc_get_status
 .text.tc_find_mck_divisor
                0x00400330       0x70 src/ASF/sam/drivers/tc/tc.o
                0x00400330                tc_find_mck_divisor
 .text.gfx_mono_set_framebuffer
                0x004003a0        0xc src/gfx_mono_framebuffer.o
                0x004003a0                gfx_mono_set_framebuffer
 .text.gfx_mono_framebuffer_put_byte
                0x004003ac       0x10 src/gfx_mono_framebuffer.o
                0x004003ac                gfx_mono_framebuffer_put_byte
 .text.gfx_mono_framebuffer_get_byte
                0x004003bc       0x10 src/gfx_mono_framebuffer.o
                0x004003bc                gfx_mono_framebuffer_get_byte
 .text.gfx_mono_generic_draw_horizontal_line
                0x004003cc       0xd0 src/gfx_mono_generic.o
                0x004003cc                gfx_mono_generic_draw_horizontal_line
 .text.gfx_mono_generic_draw_filled_rect
                0x0040049c       0x38 src/gfx_mono_generic.o
                0x0040049c                gfx_mono_generic_draw_filled_rect
 .text.gfx_mono_draw_char
                0x004004d4       0xac src/gfx_mono_text.o
                0x004004d4                gfx_mono_draw_char
 .text.gfx_mono_draw_string
                0x00400580       0x48 src/gfx_mono_text.o
                0x00400580                gfx_mono_draw_string
 .text.gfx_mono_ssd1306_put_byte
                0x004005c8       0x50 src/gfx_mono_ug_2832hsweg04.o
                0x004005c8                gfx_mono_ssd1306_put_byte
 .text.gfx_mono_ssd1306_init
                0x00400618       0x50 src/gfx_mono_ug_2832hsweg04.o
                0x00400618                gfx_mono_ssd1306_init
 .text.gfx_mono_ssd1306_draw_pixel
                0x00400668       0x64 src/gfx_mono_ug_2832hsweg04.o
                0x00400668                gfx_mono_ssd1306_draw_pixel
 .text.gfx_mono_ssd1306_get_byte
                0x004006cc        0xc src/gfx_mono_ug_2832hsweg04.o
                0x004006cc                gfx_mono_ssd1306_get_byte
 .text.ssd1306_write_command
                0x004006d8       0x40 src/ssd1306.o
                0x004006d8                ssd1306_write_command
 .text.ssd1306_init
                0x00400718      0x1e0 src/ssd1306.o
                0x00400718                ssd1306_init
 .text.ssd1306_write_data
                0x004008f8       0x40 src/ssd1306.o
                0x004008f8                ssd1306_write_data
 .text.sysclk_init
                0x00400938       0x70 src/ASF/common/services/clock/same70/sysclk.o
                0x00400938                sysclk_init
 .text.board_init
                0x004009a8      0x140 src/ASF/sam/boards/same70_xplained/init.o
                0x004009a8                board_init
 .text.pio_set  0x00400ae8        0x4 src/ASF/sam/drivers/pio/pio.o
                0x00400ae8                pio_set
 .text.pio_clear
                0x00400aec        0x4 src/ASF/sam/drivers/pio/pio.o
                0x00400aec                pio_clear
 .text.pio_set_peripheral
                0x00400af0       0x92 src/ASF/sam/drivers/pio/pio.o
                0x00400af0                pio_set_peripheral
 .text.pio_set_input
                0x00400b82       0x36 src/ASF/sam/drivers/pio/pio.o
                0x00400b82                pio_set_input
 .text.pio_set_output
                0x00400bb8       0x28 src/ASF/sam/drivers/pio/pio.o
                0x00400bb8                pio_set_output
 .text.pio_configure
                0x00400be0       0x90 src/ASF/sam/drivers/pio/pio.o
                0x00400be0                pio_configure
 .text.pio_get_output_data_status
                0x00400c70        0xc src/ASF/sam/drivers/pio/pio.o
                0x00400c70                pio_get_output_data_status
 .text.pio_configure_interrupt
                0x00400c7c       0x32 src/ASF/sam/drivers/pio/pio.o
                0x00400c7c                pio_configure_interrupt
 .text.pio_enable_interrupt
                0x00400cae        0x4 src/ASF/sam/drivers/pio/pio.o
                0x00400cae                pio_enable_interrupt
 .text.pio_get_interrupt_status
                0x00400cb2        0x4 src/ASF/sam/drivers/pio/pio.o
                0x00400cb2                pio_get_interrupt_status
 .text.pio_get_interrupt_mask
                0x00400cb6        0x4 src/ASF/sam/drivers/pio/pio.o
                0x00400cb6                pio_get_interrupt_mask
 *fill*         0x00400cba        0x2 
 .text.pio_handler_process
                0x00400cbc       0x50 src/ASF/sam/drivers/pio/pio_handler.o
                0x00400cbc                pio_handler_process
 .text.pio_handler_set
                0x00400d0c       0x70 src/ASF/sam/drivers/pio/pio_handler.o
                0x00400d0c                pio_handler_set
 .text.PIOA_Handler
                0x00400d7c       0x14 src/ASF/sam/drivers/pio/pio_handler.o
                0x00400d7c                PIOA_Handler
 .text.PIOB_Handler
                0x00400d90       0x14 src/ASF/sam/drivers/pio/pio_handler.o
                0x00400d90                PIOB_Handler
 .text.PIOC_Handler
                0x00400da4       0x14 src/ASF/sam/drivers/pio/pio_handler.o
                0x00400da4                PIOC_Handler
 .text.PIOD_Handler
                0x00400db8       0x14 src/ASF/sam/drivers/pio/pio_handler.o
                0x00400db8                PIOD_Handler
 .text.PIOE_Handler
                0x00400dcc       0x14 src/ASF/sam/drivers/pio/pio_handler.o
                0x00400dcc                PIOE_Handler
 .text.pmc_mck_set_division
                0x00400de0       0x38 src/ASF/sam/drivers/pmc/pmc.o
                0x00400de0                pmc_mck_set_division
 .text.pmc_switch_mck_to_pllack
                0x00400e18       0x64 src/ASF/sam/drivers/pmc/pmc.o
                0x00400e18                pmc_switch_mck_to_pllack
 .text.pmc_switch_mainck_to_xtal
                0x00400e7c       0x54 src/ASF/sam/drivers/pmc/pmc.o
                0x00400e7c                pmc_switch_mainck_to_xtal
 .text.pmc_osc_is_ready_mainck
                0x00400ed0       0x10 src/ASF/sam/drivers/pmc/pmc.o
                0x00400ed0                pmc_osc_is_ready_mainck
 .text.pmc_disable_pllack
                0x00400ee0       0x10 src/ASF/sam/drivers/pmc/pmc.o
                0x00400ee0                pmc_disable_pllack
 .text.pmc_is_locked_pllack
                0x00400ef0       0x10 src/ASF/sam/drivers/pmc/pmc.o
                0x00400ef0                pmc_is_locked_pllack
 .text.pmc_enable_periph_clk
                0x00400f00       0x54 src/ASF/sam/drivers/pmc/pmc.o
                0x00400f00                pmc_enable_periph_clk
 .text.Dummy_Handler
                0x00400f54        0x2 src/ASF/sam/utils/cmsis/same70/source/templates/gcc/startup_same70.o
                0x00400f54                DACC_Handler
                0x00400f54                DebugMon_Handler
                0x00400f54                UART3_Handler
                0x00400f54                UART2_Handler
                0x00400f54                TRNG_Handler
                0x00400f54                HardFault_Handler
                0x00400f54                TC2_Handler
                0x00400f54                SysTick_Handler
                0x00400f54                AFEC1_Handler
                0x00400f54                PendSV_Handler
                0x00400f54                NMI_Handler
                0x00400f54                TC7_Handler
                0x00400f54                QSPI_Handler
                0x00400f54                ISI_Handler
                0x00400f54                TC9_Handler
                0x00400f54                RSWDT_Handler
                0x00400f54                MCAN1_Handler
                0x00400f54                USART0_Handler
                0x00400f54                RTT_Handler
                0x00400f54                USBHS_Handler
                0x00400f54                RTC_Handler
                0x00400f54                UsageFault_Handler
                0x00400f54                TC6_Handler
                0x00400f54                WDT_Handler
                0x00400f54                TC4_Handler
                0x00400f54                TC1_Handler
                0x00400f54                HSMCI_Handler
                0x00400f54                UART1_Handler
                0x00400f54                TC3_Handler
                0x00400f54                Dummy_Handler
                0x00400f54                TWIHS1_Handler
                0x00400f54                XDMAC_Handler
                0x00400f54                UART4_Handler
                0x00400f54                PWM1_Handler
                0x00400f54                USART1_Handler
                0x00400f54                PWM0_Handler
                0x00400f54                AFEC0_Handler
                0x00400f54                SSC_Handler
                0x00400f54                TC11_Handler
                0x00400f54                ACC_Handler
                0x00400f54                PMC_Handler
                0x00400f54                GMAC_Handler
                0x00400f54                MemManage_Handler
                0x00400f54                SUPC_Handler
                0x00400f54                SVC_Handler
                0x00400f54                TC8_Handler
                0x00400f54                EFC_Handler
                0x00400f54                USART2_Handler
                0x00400f54                SDRAMC_Handler
                0x00400f54                SPI1_Handler
                0x00400f54                MCAN0_Handler
                0x00400f54                TC10_Handler
                0x00400f54                TWIHS2_Handler
                0x00400f54                UART0_Handler
                0x00400f54                BusFault_Handler
                0x00400f54                RSTC_Handler
                0x00400f54                TC5_Handler
                0x00400f54                ICM_Handler
                0x00400f54                AES_Handler
                0x00400f54                TWIHS0_Handler
                0x00400f54                SPI0_Handler
 *fill*         0x00400f56        0x2 
 .text.Reset_Handler
                0x00400f58       0xc8 src/ASF/sam/utils/cmsis/same70/source/templates/gcc/startup_same70.o
                0x00400f58                Reset_Handler
 .text.SystemCoreClockUpdate
                0x00401020      0x10c src/ASF/sam/utils/cmsis/same70/source/templates/system_same70.o
                0x00401020                SystemCoreClockUpdate
 .text.system_init_flash
                0x0040112c       0x8c src/ASF/sam/utils/cmsis/same70/source/templates/system_same70.o
                0x0040112c                system_init_flash
 .text.but1_callback
                0x004011b8       0x14 src/main.o
                0x004011b8                but1_callback
 .text.TC0_Handler
                0x004011cc       0x34 src/main.o
                0x004011cc                TC0_Handler
 .text.pin_toggle
                0x00401200       0x2c src/main.o
                0x00401200                pin_toggle
 .text.io_init  0x0040122c       0xa4 src/main.o
                0x0040122c                io_init
 .text.TC_init  0x004012d0       0x94 src/main.o
                0x004012d0                TC_init
 .text.main     0x00401364       0xc4 src/main.o
                0x00401364                main
 .text.__libc_init_array
                0x00401428       0x50 c:/program files (x86)/atmel/studio/7.0/toolchain/arm/arm-gnu-toolchain/bin/../lib/gcc/arm-none-eabi/6.3.1/../../../../arm-none-eabi/lib/thumb/v7e-m\libc.a(lib_a-init.o)
                0x00401428                __libc_init_array
 .text.__itoa   0x00401478       0x30 c:/program files (x86)/atmel/studio/7.0/toolchain/arm/arm-gnu-toolchain/bin/../lib/gcc/arm-none-eabi/6.3.1/../../../../arm-none-eabi/lib/thumb/v7e-m\libc.a(lib_a-itoa.o)
                0x00401478                __itoa
 .text.itoa     0x004014a8        0x4 c:/program files (x86)/atmel/studio/7.0/toolchain/arm/arm-gnu-toolchain/bin/../lib/gcc/arm-none-eabi/6.3.1/../../../../arm-none-eabi/lib/thumb/v7e-m\libc.a(lib_a-itoa.o)
                0x004014a8                itoa
 .text.__utoa   0x004014ac       0x80 c:/program files (x86)/atmel/studio/7.0/toolchain/arm/arm-gnu-toolchain/bin/../lib/gcc/arm-none-eabi/6.3.1/../../../../arm-none-eabi/lib/thumb/v7e-m\libc.a(lib_a-utoa.o)
                0x004014ac                __utoa
 .text.startup.register_fini
                0x0040152c       0x14 c:/program files (x86)/atmel/studio/7.0/toolchain/arm/arm-gnu-toolchain/bin/../lib/gcc/arm-none-eabi/6.3.1/../../../../arm-none-eabi/lib/thumb/v7e-m\libc.a(lib_a-__call_atexit.o)
 .text.atexit   0x00401540        0xc c:/program files (x86)/atmel/studio/7.0/toolchain/arm/arm-gnu-toolchain/bin/../lib/gcc/arm-none-eabi/6.3.1/../../../../arm-none-eabi/lib/thumb/v7e-m\libc.a(lib_a-atexit.o)
                0x00401540                atexit
 .text.__libc_fini_array
                0x0040154c       0x34 c:/program files (x86)/atmel/studio/7.0/toolchain/arm/arm-gnu-toolchain/bin/../lib/gcc/arm-none-eabi/6.3.1/../../../../arm-none-eabi/lib/thumb/v7e-m\libc.a(lib_a-fini.o)
                0x0040154c                __libc_fini_array
 .text.__retarget_lock_acquire_recursive
                0x00401580        0x4 c:/program files (x86)/atmel/studio/7.0/toolchain/arm/arm-gnu-toolchain/bin/../lib/gcc/arm-none-eabi/6.3.1/../../../../arm-none-eabi/lib/thumb/v7e-m\libc.a(lib_a-lock.o)
                0x00401580                __retarget_lock_acquire_recursive
 .text.__retarget_lock_release_recursive
                0x00401584        0x4 c:/program files (x86)/atmel/studio/7.0/toolchain/arm/arm-gnu-toolchain/bin/../lib/gcc/arm-none-eabi/6.3.1/../../../../arm-none-eabi/lib/thumb/v7e-m\libc.a(lib_a-lock.o)
                0x00401584                __retarget_lock_release_recursive
 .text.__register_exitproc
                0x00401588       0xc4 c:/program files (x86)/atmel/studio/7.0/toolchain/arm/arm-gnu-toolchain/bin/../lib/gcc/arm-none-eabi/6.3.1/../../../../arm-none-eabi/lib/thumb/v7e-m\libc.a(lib_a-__atexit.o)
                0x00401588                __register_exitproc
 *(.glue_7t)
 .glue_7t       0x0040164c        0x0 linker stubs
 *(.glue_7)
 .glue_7        0x0040164c        0x0 linker stubs
 *(.rodata .rodata* .gnu.linkonce.r.*)
 .rodata.sysfont_glyphs
                0x0040164c      0xa48 src/sysfont.o
 .rodata.main.str1.4
                0x00402094        0x6 src/main.o
 *fill*         0x0040209a        0x2 
 .rodata._global_impure_ptr
                0x0040209c        0x4 c:/program files (x86)/atmel/studio/7.0/toolchain/arm/arm-gnu-toolchain/bin/../lib/gcc/arm-none-eabi/6.3.1/../../../../arm-none-eabi/lib/thumb/v7e-m\libc.a(lib_a-impure.o)
                0x0040209c                _global_impure_ptr
 .rodata.__utoa.str1.4
                0x004020a0       0x28 c:/program files (x86)/atmel/studio/7.0/toolchain/arm/arm-gnu-toolchain/bin/../lib/gcc/arm-none-eabi/6.3.1/../../../../arm-none-eabi/lib/thumb/v7e-m\libc.a(lib_a-utoa.o)
                                 0x25 (size before relaxing)
 *(.ARM.extab* .gnu.linkonce.armextab.*)
                0x004020c8                . = ALIGN (0x4)
 *(.init)
 .init          0x004020c8        0x4 c:/program files (x86)/atmel/studio/7.0/toolchain/arm/arm-gnu-toolchain/bin/../lib/gcc/arm-none-eabi/6.3.1/thumb/v7e-m/crti.o
                0x004020c8                _init
 .init          0x004020cc        0x8 c:/program files (x86)/atmel/studio/7.0/toolchain/arm/arm-gnu-toolchain/bin/../lib/gcc/arm-none-eabi/6.3.1/thumb/v7e-m/crtn.o
                0x004020d4                . = ALIGN (0x4)
                0x004020d4                __preinit_array_start = .
 *(.preinit_array)
                0x004020d4                __preinit_array_end = .
                0x004020d4                . = ALIGN (0x4)
                0x004020d4                __init_array_start = .
 *(SORT(.init_array.*))
 .init_array.00000
                0x004020d4        0x4 c:/program files (x86)/atmel/studio/7.0/toolchain/arm/arm-gnu-toolchain/bin/../lib/gcc/arm-none-eabi/6.3.1/../../../../arm-none-eabi/lib/thumb/v7e-m\libc.a(lib_a-__call_atexit.o)
 *(.init_array)
 .init_array    0x004020d8        0x4 c:/program files (x86)/atmel/studio/7.0/toolchain/arm/arm-gnu-toolchain/bin/../lib/gcc/arm-none-eabi/6.3.1/thumb/v7e-m/crtbegin.o
                0x004020dc                __init_array_end = .
                0x004020dc                . = ALIGN (0x4)
 *crtbegin.o(.ctors)
 *(EXCLUDE_FILE(*crtend.o) .ctors)
 *(SORT(.ctors.*))
 *crtend.o(.ctors)
                0x004020dc                . = ALIGN (0x4)
 *(.fini)
 .fini          0x004020dc        0x4 c:/program files (x86)/atmel/studio/7.0/toolchain/arm/arm-gnu-toolchain/bin/../lib/gcc/arm-none-eabi/6.3.1/thumb/v7e-m/crti.o
                0x004020dc                _fini
 .fini          0x004020e0        0x8 c:/program files (x86)/atmel/studio/7.0/toolchain/arm/arm-gnu-toolchain/bin/../lib/gcc/arm-none-eabi/6.3.1/thumb/v7e-m/crtn.o
                0x004020e8                . = ALIGN (0x4)
                0x004020e8                __fini_array_start = .
 *(.fini_array)
 .fini_array    0x004020e8        0x4 c:/program files (x86)/atmel/studio/7.0/toolchain/arm/arm-gnu-toolchain/bin/../lib/gcc/arm-none-eabi/6.3.1/thumb/v7e-m/crtbegin.o
 *(SORT(.fini_array.*))
                0x004020ec                __fini_array_end = .
 *crtbegin.o(.dtors)
 *(EXCLUDE_FILE(*crtend.o) .dtors)
 *(SORT(.dtors.*))
 *crtend.o(.dtors)
                0x004020ec                . = ALIGN (0x4)
                0x004020ec                _efixed = .
                [!provide]                PROVIDE (__exidx_start, .)

.vfp11_veneer   0x004020ec        0x0
 .vfp11_veneer  0x004020ec        0x0 linker stubs

.v4_bx          0x004020ec        0x0
 .v4_bx         0x004020ec        0x0 linker stubs

.iplt           0x004020ec        0x0
 .iplt          0x004020ec        0x0 c:/program files (x86)/atmel/studio/7.0/toolchain/arm/arm-gnu-toolchain/bin/../lib/gcc/arm-none-eabi/6.3.1/thumb/v7e-m/crtbegin.o

.eh_frame       0x004020ec        0x0
 .eh_frame      0x004020ec        0x0 c:/program files (x86)/atmel/studio/7.0/toolchain/arm/arm-gnu-toolchain/bin/../lib/gcc/arm-none-eabi/6.3.1/thumb/v7e-m/crtbegin.o

.rel.dyn        0x004020ec        0x0
 .rel.iplt      0x004020ec        0x0 c:/program files (x86)/atmel/studio/7.0/toolchain/arm/arm-gnu-toolchain/bin/../lib/gcc/arm-none-eabi/6.3.1/thumb/v7e-m/crtbegin.o

.jcr            0x004020ec        0x0
 .jcr           0x004020ec        0x0 c:/program files (x86)/atmel/studio/7.0/toolchain/arm/arm-gnu-toolchain/bin/../lib/gcc/arm-none-eabi/6.3.1/thumb/v7e-m/crtbegin.o

.igot.plt       0x004020ec        0x0
 .igot.plt      0x004020ec        0x0 c:/program files (x86)/atmel/studio/7.0/toolchain/arm/arm-gnu-toolchain/bin/../lib/gcc/arm-none-eabi/6.3.1/thumb/v7e-m/crtbegin.o

.ARM.exidx
 *(.ARM.exidx* .gnu.linkonce.armexidx.*)
                [!provide]                PROVIDE (__exidx_end, .)
                0x004020ec                . = ALIGN (0x4)
                0x004020ec                _etext = .

.relocate       0x20400000      0x454 load address 0x004020ec
                0x20400000                . = ALIGN (0x4)
                0x20400000                _srelocate = .
 *(.ramfunc .ramfunc.*)
 .ramfunc       0x20400000        0xa src/ASF/common/services/delay/sam/cycle_counter.o
                0x20400000                portable_delay_cycles
 *(.data .data.*)
 *fill*         0x2040000a        0x2 
 .data.sysfont  0x2040000c        0xc src/sysfont.o
                0x2040000c                sysfont
 .data.g_interrupt_enabled
                0x20400018        0x1 src/ASF/common/utils/interrupt/interrupt_sam_nvic.o
                0x20400018                g_interrupt_enabled
 *fill*         0x20400019        0x3 
 .data.SystemCoreClock
                0x2040001c        0x4 src/ASF/sam/utils/cmsis/same70/source/templates/system_same70.o
                0x2040001c                SystemCoreClock
 .data.up_flag  0x20400020        0x4 src/main.o
                0x20400020                up_flag
 *fill*         0x20400024        0x4 
 .data.impure_data
                0x20400028      0x428 c:/program files (x86)/atmel/studio/7.0/toolchain/arm/arm-gnu-toolchain/bin/../lib/gcc/arm-none-eabi/6.3.1/../../../../arm-none-eabi/lib/thumb/v7e-m\libc.a(lib_a-impure.o)
 .data.__atexit_recursive_mutex
                0x20400450        0x4 c:/program files (x86)/atmel/studio/7.0/toolchain/arm/arm-gnu-toolchain/bin/../lib/gcc/arm-none-eabi/6.3.1/../../../../arm-none-eabi/lib/thumb/v7e-m\libc.a(lib_a-__call_atexit.o)
                0x20400450                __atexit_recursive_mutex
                0x20400454                . = ALIGN (0x4)
                0x20400454                _erelocate = .

.bss            0x20400454      0x2c0 load address 0x00402540
                0x20400454                . = ALIGN (0x4)
                0x20400454                _sbss = .
                0x20400454                _szero = .
 *(.bss .bss.*)
 .bss           0x20400454       0x1c c:/program files (x86)/atmel/studio/7.0/toolchain/arm/arm-gnu-toolchain/bin/../lib/gcc/arm-none-eabi/6.3.1/thumb/v7e-m/crtbegin.o
 .bss.fbpointer
                0x20400470        0x4 src/gfx_mono_framebuffer.o
 .bss.framebuffer
                0x20400474      0x200 src/gfx_mono_ug_2832hsweg04.o
 .bss.gs_interrupt_sources
                0x20400674       0x70 src/ASF/sam/drivers/pio/pio_handler.o
 .bss.gs_ul_nb_sources
                0x204006e4        0x4 src/ASF/sam/drivers/pio/pio_handler.o
 .bss.but1_flag
                0x204006e8        0x4 src/main.o
                0x204006e8                but1_flag
 .bss.displ_value
                0x204006ec        0x4 src/main.o
                0x204006ec                displ_value
 *(COMMON)
 COMMON         0x204006f0       0x21 c:/program files (x86)/atmel/studio/7.0/toolchain/arm/arm-gnu-toolchain/bin/../lib/gcc/arm-none-eabi/6.3.1/../../../../arm-none-eabi/lib/thumb/v7e-m\libc.a(lib_a-lock.o)
                0x204006f0                __lock___atexit_recursive_mutex
                0x204006f4                __lock___arc4random_mutex
                0x204006f8                __lock___env_recursive_mutex
                0x204006fc                __lock___sinit_recursive_mutex
                0x20400700                __lock___malloc_recursive_mutex
                0x20400704                __lock___at_quick_exit_mutex
                0x20400708                __lock___dd_hash_mutex
                0x2040070c                __lock___tz_mutex
                0x20400710                __lock___sfp_recursive_mutex
                0x20400714                . = ALIGN (0x4)
 *fill*         0x20400711        0x3 
                0x20400714                _ebss = .
                0x20400714                _ezero = .

.stack          0x20400714     0x2004 load address 0x00402800
                0x20400718                . = ALIGN (0x8)
 *fill*         0x20400714        0x4 
                0x20400718                _sstack = .
                0x20402718                . = (. + STACK_SIZE)
 *fill*         0x20400718     0x2000 
                0x20402718                . = ALIGN (0x8)
                0x20402718                _estack = .

.heap           0x20402718      0x200 load address 0x00404804
                0x20402718                . = ALIGN (0x8)
                0x20402718                _sheap = .
                0x20402918                . = (. + HEAP_SIZE)
 *fill*         0x20402718      0x200 
                0x20402918                . = ALIGN (0x8)
                0x20402918                _eheap = .
                0x20402918                . = ALIGN (0x4)
                0x20402918                _end = .
                0x2045ffff                _ram_end_ = ((ORIGIN (ram) + LENGTH (ram)) - 0x1)
OUTPUT(spi_teste.elf elf32-littlearm)

.ARM.attributes
                0x00000000       0x2e
 .ARM.attributes
                0x00000000       0x1e c:/program files (x86)/atmel/studio/7.0/toolchain/arm/arm-gnu-toolchain/bin/../lib/gcc/arm-none-eabi/6.3.1/thumb/v7e-m/crti.o
 .ARM.attributes
                0x0000001e       0x2e c:/program files (x86)/atmel/studio/7.0/toolchain/arm/arm-gnu-toolchain/bin/../lib/gcc/arm-none-eabi/6.3.1/thumb/v7e-m/crtbegin.o
 .ARM.attributes
                0x0000004c       0x37 src/ASF/sam/drivers/spi/spi.o
 .ARM.attributes
                0x00000083       0x37 src/ASF/sam/drivers/tc/tc.o
 .ARM.attributes
                0x000000ba       0x37 src/gfx_mono_framebuffer.o
 .ARM.attributes
                0x000000f1       0x37 src/gfx_mono_generic.o
 .ARM.attributes
                0x00000128       0x37 src/gfx_mono_text.o
 .ARM.attributes
                0x0000015f       0x37 src/gfx_mono_ug_2832hsweg04.o
 .ARM.attributes
                0x00000196       0x37 src/ssd1306.o
 .ARM.attributes
                0x000001cd       0x37 src/sysfont.o
 .ARM.attributes
                0x00000204       0x37 src/ASF/common/services/delay/sam/cycle_counter.o
 .ARM.attributes
                0x0000023b       0x37 src/ASF/common/services/clock/same70/sysclk.o
 .ARM.attributes
                0x00000272       0x37 src/ASF/common/utils/interrupt/interrupt_sam_nvic.o
 .ARM.attributes
                0x000002a9       0x37 src/ASF/sam/boards/same70_xplained/init.o
 .ARM.attributes
                0x000002e0       0x37 src/ASF/sam/drivers/pio/pio.o
 .ARM.attributes
                0x00000317       0x37 src/ASF/sam/drivers/pio/pio_handler.o
 .ARM.attributes
                0x0000034e       0x37 src/ASF/sam/drivers/pmc/pmc.o
 .ARM.attributes
                0x00000385       0x37 src/ASF/sam/utils/cmsis/same70/source/templates/gcc/startup_same70.o
 .ARM.attributes
                0x000003bc       0x37 src/ASF/sam/utils/cmsis/same70/source/templates/system_same70.o
 .ARM.attributes
                0x000003f3       0x37 src/main.o
 .ARM.attributes
                0x0000042a       0x2e c:/program files (x86)/atmel/studio/7.0/toolchain/arm/arm-gnu-toolchain/bin/../lib/gcc/arm-none-eabi/6.3.1/../../../../arm-none-eabi/lib/thumb/v7e-m\libc.a(lib_a-impure.o)
 .ARM.attributes
                0x00000458       0x2e c:/program files (x86)/atmel/studio/7.0/toolchain/arm/arm-gnu-toolchain/bin/../lib/gcc/arm-none-eabi/6.3.1/../../../../arm-none-eabi/lib/thumb/v7e-m\libc.a(lib_a-init.o)
 .ARM.attributes
                0x00000486       0x2e c:/program files (x86)/atmel/studio/7.0/toolchain/arm/arm-gnu-toolchain/bin/../lib/gcc/arm-none-eabi/6.3.1/../../../../arm-none-eabi/lib/thumb/v7e-m\libc.a(lib_a-itoa.o)
 .ARM.attributes
                0x000004b4       0x2e c:/program files (x86)/atmel/studio/7.0/toolchain/arm/arm-gnu-toolchain/bin/../lib/gcc/arm-none-eabi/6.3.1/../../../../arm-none-eabi/lib/thumb/v7e-m\libc.a(lib_a-utoa.o)
 .ARM.attributes
                0x000004e2       0x2e c:/program files (x86)/atmel/studio/7.0/toolchain/arm/arm-gnu-toolchain/bin/../lib/gcc/arm-none-eabi/6.3.1/../../../../arm-none-eabi/lib/thumb/v7e-m\libc.a(lib_a-__call_atexit.o)
 .ARM.attributes
                0x00000510       0x2e c:/program files (x86)/atmel/studio/7.0/toolchain/arm/arm-gnu-toolchain/bin/../lib/gcc/arm-none-eabi/6.3.1/../../../../arm-none-eabi/lib/thumb/v7e-m\libc.a(lib_a-atexit.o)
 .ARM.attributes
                0x0000053e       0x2e c:/program files (x86)/atmel/studio/7.0/toolchain/arm/arm-gnu-toolchain/bin/../lib/gcc/arm-none-eabi/6.3.1/../../../../arm-none-eabi/lib/thumb/v7e-m\libc.a(lib_a-fini.o)
 .ARM.attributes
                0x0000056c       0x2e c:/program files (x86)/atmel/studio/7.0/toolchain/arm/arm-gnu-toolchain/bin/../lib/gcc/arm-none-eabi/6.3.1/../../../../arm-none-eabi/lib/thumb/v7e-m\libc.a(lib_a-lock.o)
 .ARM.attributes
                0x0000059a       0x2e c:/program files (x86)/atmel/studio/7.0/toolchain/arm/arm-gnu-toolchain/bin/../lib/gcc/arm-none-eabi/6.3.1/../../../../arm-none-eabi/lib/thumb/v7e-m\libc.a(lib_a-__atexit.o)
 .ARM.attributes
                0x000005c8       0x1e c:/program files (x86)/atmel/studio/7.0/toolchain/arm/arm-gnu-toolchain/bin/../lib/gcc/arm-none-eabi/6.3.1/thumb/v7e-m/crtn.o

.comment        0x00000000       0x59
 .comment       0x00000000       0x59 src/ASF/sam/drivers/spi/spi.o
                                 0x5a (size before relaxing)
 .comment       0x00000059       0x5a src/ASF/sam/drivers/tc/tc.o
 .comment       0x00000059       0x5a src/gfx_mono_framebuffer.o
 .comment       0x00000059       0x5a src/gfx_mono_generic.o
 .comment       0x00000059       0x5a src/gfx_mono_text.o
 .comment       0x00000059       0x5a src/gfx_mono_ug_2832hsweg04.o
 .comment       0x00000059       0x5a src/ssd1306.o
 .comment       0x00000059       0x5a src/sysfont.o
 .comment       0x00000059       0x5a src/ASF/common/services/delay/sam/cycle_counter.o
 .comment       0x00000059       0x5a src/ASF/common/services/clock/same70/sysclk.o
 .comment       0x00000059       0x5a src/ASF/common/utils/interrupt/interrupt_sam_nvic.o
 .comment       0x00000059       0x5a src/ASF/sam/boards/same70_xplained/init.o
 .comment       0x00000059       0x5a src/ASF/sam/drivers/pio/pio.o
 .comment       0x00000059       0x5a src/ASF/sam/drivers/pio/pio_handler.o
 .comment       0x00000059       0x5a src/ASF/sam/drivers/pmc/pmc.o
 .comment       0x00000059       0x5a src/ASF/sam/utils/cmsis/same70/source/templates/gcc/startup_same70.o
 .comment       0x00000059       0x5a src/ASF/sam/utils/cmsis/same70/source/templates/system_same70.o
 .comment       0x00000059       0x5a src/main.o

.debug_info     0x00000000    0x16adf
 .debug_info    0x00000000     0x115d src/ASF/sam/drivers/spi/spi.o
 .debug_info    0x0000115d     0x1233 src/ASF/sam/drivers/tc/tc.o
 .debug_info    0x00002390      0xdea src/gfx_mono_framebuffer.o
 .debug_info    0x0000317a     0x1595 src/gfx_mono_generic.o
 .debug_info    0x0000470f      0xf82 src/gfx_mono_text.o
 .debug_info    0x00005691     0x11b8 src/gfx_mono_ug_2832hsweg04.o
 .debug_info    0x00006849     0x1fc6 src/ssd1306.o
 .debug_info    0x0000880f      0xb06 src/sysfont.o
 .debug_info    0x00009315      0xa45 src/ASF/common/services/delay/sam/cycle_counter.o
 .debug_info    0x00009d5a     0x1267 src/ASF/common/services/clock/same70/sysclk.o
 .debug_info    0x0000afc1      0xb01 src/ASF/common/utils/interrupt/interrupt_sam_nvic.o
 .debug_info    0x0000bac2     0x1bd7 src/ASF/sam/boards/same70_xplained/init.o
 .debug_info    0x0000d699     0x2150 src/ASF/sam/drivers/pio/pio.o
 .debug_info    0x0000f7e9     0x1b22 src/ASF/sam/drivers/pio/pio_handler.o
 .debug_info    0x0001130b     0x1e0e src/ASF/sam/drivers/pmc/pmc.o
 .debug_info    0x00013119     0x156a src/ASF/sam/utils/cmsis/same70/source/templates/gcc/startup_same70.o
 .debug_info    0x00014683      0x55b src/ASF/sam/utils/cmsis/same70/source/templates/system_same70.o
 .debug_info    0x00014bde     0x1f01 src/main.o

.debug_abbrev   0x00000000     0x332e
 .debug_abbrev  0x00000000      0x3a5 src/ASF/sam/drivers/spi/spi.o
 .debug_abbrev  0x000003a5      0x293 src/ASF/sam/drivers/tc/tc.o
 .debug_abbrev  0x00000638      0x289 src/gfx_mono_framebuffer.o
 .debug_abbrev  0x000008c1      0x2a7 src/gfx_mono_generic.o
 .debug_abbrev  0x00000b68      0x30f src/gfx_mono_text.o
 .debug_abbrev  0x00000e77      0x350 src/gfx_mono_ug_2832hsweg04.o
 .debug_abbrev  0x000011c7      0x363 src/ssd1306.o
 .debug_abbrev  0x0000152a      0x1b6 src/sysfont.o
 .debug_abbrev  0x000016e0      0x1b3 src/ASF/common/services/delay/sam/cycle_counter.o
 .debug_abbrev  0x00001893      0x31f src/ASF/common/services/clock/same70/sysclk.o
 .debug_abbrev  0x00001bb2      0x212 src/ASF/common/utils/interrupt/interrupt_sam_nvic.o
 .debug_abbrev  0x00001dc4      0x368 src/ASF/sam/boards/same70_xplained/init.o
 .debug_abbrev  0x0000212c      0x410 src/ASF/sam/drivers/pio/pio.o
 .debug_abbrev  0x0000253c      0x32f src/ASF/sam/drivers/pio/pio_handler.o
 .debug_abbrev  0x0000286b      0x369 src/ASF/sam/drivers/pmc/pmc.o
 .debug_abbrev  0x00002bd4      0x2e4 src/ASF/sam/utils/cmsis/same70/source/templates/gcc/startup_same70.o
 .debug_abbrev  0x00002eb8      0x102 src/ASF/sam/utils/cmsis/same70/source/templates/system_same70.o
 .debug_abbrev  0x00002fba      0x374 src/main.o

.debug_loc      0x00000000     0x5687
 .debug_loc     0x00000000      0x610 src/ASF/sam/drivers/spi/spi.o
 .debug_loc     0x00000610      0x5a4 src/ASF/sam/drivers/tc/tc.o
 .debug_loc     0x00000bb4      0x506 src/gfx_mono_framebuffer.o
 .debug_loc     0x000010ba      0xda8 src/gfx_mono_generic.o
 .debug_loc     0x00001e62      0x66a src/gfx_mono_text.o
 .debug_loc     0x000024cc      0x6ee src/gfx_mono_ug_2832hsweg04.o
 .debug_loc     0x00002bba      0x365 src/ssd1306.o
 .debug_loc     0x00002f1f      0x183 src/ASF/common/services/clock/same70/sysclk.o
 .debug_loc     0x000030a2      0x1e7 src/ASF/sam/boards/same70_xplained/init.o
 .debug_loc     0x00003289      0xea4 src/ASF/sam/drivers/pio/pio.o
 .debug_loc     0x0000412d      0x588 src/ASF/sam/drivers/pio/pio_handler.o
 .debug_loc     0x000046b5      0xce3 src/ASF/sam/drivers/pmc/pmc.o
 .debug_loc     0x00005398       0x77 src/ASF/sam/utils/cmsis/same70/source/templates/gcc/startup_same70.o
 .debug_loc     0x0000540f      0x278 src/main.o

.debug_aranges  0x00000000      0x898
 .debug_aranges
                0x00000000       0x90 src/ASF/sam/drivers/spi/spi.o
 .debug_aranges
                0x00000090       0xd0 src/ASF/sam/drivers/tc/tc.o
 .debug_aranges
                0x00000160       0x58 src/gfx_mono_framebuffer.o
 .debug_aranges
                0x000001b8       0x58 src/gfx_mono_generic.o
 .debug_aranges
                0x00000210       0x40 src/gfx_mono_text.o
 .debug_aranges
                0x00000250       0x60 src/gfx_mono_ug_2832hsweg04.o
 .debug_aranges
                0x000002b0       0x30 src/ssd1306.o
 .debug_aranges
                0x000002e0       0x18 src/sysfont.o
 .debug_aranges
                0x000002f8       0x20 src/ASF/common/services/delay/sam/cycle_counter.o
 .debug_aranges
                0x00000318       0x40 src/ASF/common/services/clock/same70/sysclk.o
 .debug_aranges
                0x00000358       0x28 src/ASF/common/utils/interrupt/interrupt_sam_nvic.o
 .debug_aranges
                0x00000380       0x20 src/ASF/sam/boards/same70_xplained/init.o
 .debug_aranges
                0x000003a0      0x1a8 src/ASF/sam/drivers/pio/pio.o
 .debug_aranges
                0x00000548       0x60 src/ASF/sam/drivers/pio/pio_handler.o
 .debug_aranges
                0x000005a8      0x250 src/ASF/sam/drivers/pmc/pmc.o
 .debug_aranges
                0x000007f8       0x28 src/ASF/sam/utils/cmsis/same70/source/templates/gcc/startup_same70.o
 .debug_aranges
                0x00000820       0x30 src/ASF/sam/utils/cmsis/same70/source/templates/system_same70.o
 .debug_aranges
                0x00000850       0x48 src/main.o

.debug_ranges   0x00000000      0x8d8
 .debug_ranges  0x00000000       0x80 src/ASF/sam/drivers/spi/spi.o
 .debug_ranges  0x00000080       0xc0 src/ASF/sam/drivers/tc/tc.o
 .debug_ranges  0x00000140       0x48 src/gfx_mono_framebuffer.o
 .debug_ranges  0x00000188       0x48 src/gfx_mono_generic.o
 .debug_ranges  0x000001d0       0x48 src/gfx_mono_text.o
 .debug_ranges  0x00000218       0x80 src/gfx_mono_ug_2832hsweg04.o
 .debug_ranges  0x00000298       0x20 src/ssd1306.o
 .debug_ranges  0x000002b8       0x10 src/ASF/common/services/delay/sam/cycle_counter.o
 .debug_ranges  0x000002c8       0x30 src/ASF/common/services/clock/same70/sysclk.o
 .debug_ranges  0x000002f8       0x18 src/ASF/common/utils/interrupt/interrupt_sam_nvic.o
 .debug_ranges  0x00000310       0x10 src/ASF/sam/boards/same70_xplained/init.o
 .debug_ranges  0x00000320      0x2a0 src/ASF/sam/drivers/pio/pio.o
 .debug_ranges  0x000005c0       0x68 src/ASF/sam/drivers/pio/pio_handler.o
 .debug_ranges  0x00000628      0x240 src/ASF/sam/drivers/pmc/pmc.o
 .debug_ranges  0x00000868       0x18 src/ASF/sam/utils/cmsis/same70/source/templates/gcc/startup_same70.o
 .debug_ranges  0x00000880       0x20 src/ASF/sam/utils/cmsis/same70/source/templates/system_same70.o
 .debug_ranges  0x000008a0       0x38 src/main.o

.debug_macro    0x00000000     0x986c
 .debug_macro   0x00000000      0x6d9 src/ASF/sam/drivers/spi/spi.o
 .debug_macro   0x000006d9       0x10 src/ASF/sam/drivers/spi/spi.o
 .debug_macro   0x000006e9       0x3a src/ASF/sam/drivers/spi/spi.o
 .debug_macro   0x00000723      0x2c6 src/ASF/sam/drivers/spi/spi.o
 .debug_macro   0x000009e9      0xa96 src/ASF/sam/drivers/spi/spi.o
 .debug_macro   0x0000147f       0x70 src/ASF/sam/drivers/spi/spi.o
 .debug_macro   0x000014ef       0x64 src/ASF/sam/drivers/spi/spi.o
 .debug_macro   0x00001553       0x5f src/ASF/sam/drivers/spi/spi.o
 .debug_macro   0x000015b2       0xac src/ASF/sam/drivers/spi/spi.o
 .debug_macro   0x0000165e      0x66d src/ASF/sam/drivers/tc/tc.o
 .debug_macro   0x00001ccb       0x52 src/ASF/sam/drivers/tc/tc.o
 .debug_macro   0x00001d1d       0x8d src/ASF/sam/drivers/tc/tc.o
 .debug_macro   0x00001daa       0x16 src/ASF/sam/drivers/tc/tc.o
 .debug_macro   0x00001dc0       0x57 src/ASF/sam/drivers/tc/tc.o
 .debug_macro   0x00001e17       0x1c src/ASF/sam/drivers/tc/tc.o
 .debug_macro   0x00001e33      0x7f4 src/gfx_mono_framebuffer.o
 .debug_macro   0x00002627       0x50 src/gfx_mono_framebuffer.o
 .debug_macro   0x00002677       0x22 src/gfx_mono_framebuffer.o
 .debug_macro   0x00002699       0x7b src/gfx_mono_framebuffer.o
 .debug_macro   0x00002714       0x28 src/gfx_mono_framebuffer.o
 .debug_macro   0x0000273c       0x23 src/gfx_mono_framebuffer.o
 .debug_macro   0x0000275f       0x94 src/gfx_mono_framebuffer.o
 .debug_macro   0x000027f3       0x40 src/gfx_mono_framebuffer.o
 .debug_macro   0x00002833       0x88 src/gfx_mono_framebuffer.o
 .debug_macro   0x000028bb      0x1ce src/gfx_mono_framebuffer.o
 .debug_macro   0x00002a89       0x16 src/gfx_mono_framebuffer.o
 .debug_macro   0x00002a9f       0x1c src/gfx_mono_framebuffer.o
 .debug_macro   0x00002abb       0x16 src/gfx_mono_framebuffer.o
 .debug_macro   0x00002ad1       0x28 src/gfx_mono_framebuffer.o
 .debug_macro   0x00002af9       0xd1 src/gfx_mono_framebuffer.o
 .debug_macro   0x00002bca       0x8b src/gfx_mono_framebuffer.o
 .debug_macro   0x00002c55      0x7f4 src/gfx_mono_generic.o
 .debug_macro   0x00003449      0x80d src/gfx_mono_text.o
 .debug_macro   0x00003c56      0x7f9 src/gfx_mono_ug_2832hsweg04.o
 .debug_macro   0x0000444f       0x28 src/gfx_mono_ug_2832hsweg04.o
 .debug_macro   0x00004477      0x7ce src/ssd1306.o
 .debug_macro   0x00004c45      0x69c src/sysfont.o
 .debug_macro   0x000052e1       0x3a src/sysfont.o
 .debug_macro   0x0000531b      0x665 src/ASF/common/services/delay/sam/cycle_counter.o
 .debug_macro   0x00005980       0x22 src/ASF/common/services/delay/sam/cycle_counter.o
 .debug_macro   0x000059a2      0x6d1 src/ASF/common/services/clock/same70/sysclk.o
 .debug_macro   0x00006073      0x2c0 src/ASF/common/services/clock/same70/sysclk.o
 .debug_macro   0x00006333      0x655 src/ASF/common/utils/interrupt/interrupt_sam_nvic.o
 .debug_macro   0x00006988      0x70b src/ASF/sam/boards/same70_xplained/init.o
 .debug_macro   0x00007093       0x82 src/ASF/sam/boards/same70_xplained/init.o
 .debug_macro   0x00007115      0x66b src/ASF/sam/drivers/pio/pio.o
 .debug_macro   0x00007780       0x8e src/ASF/sam/drivers/pio/pio.o
 .debug_macro   0x0000780e      0x676 src/ASF/sam/drivers/pio/pio_handler.o
 .debug_macro   0x00007e84      0x66b src/ASF/sam/drivers/pmc/pmc.o
 .debug_macro   0x000084ef       0x6a src/ASF/sam/drivers/pmc/pmc.o
 .debug_macro   0x00008559      0x664 src/ASF/sam/utils/cmsis/same70/source/templates/gcc/startup_same70.o
 .debug_macro   0x00008bbd       0x10 src/ASF/sam/utils/cmsis/same70/source/templates/gcc/startup_same70.o
 .debug_macro   0x00008bcd      0x455 src/ASF/sam/utils/cmsis/same70/source/templates/system_same70.o
 .debug_macro   0x00009022      0x84a src/main.o

.debug_line     0x00000000     0xe2c5
 .debug_line    0x00000000      0xc41 src/ASF/sam/drivers/spi/spi.o
 .debug_line    0x00000c41      0xb85 src/ASF/sam/drivers/tc/tc.o
 .debug_line    0x000017c6      0xeae src/gfx_mono_framebuffer.o
 .debug_line    0x00002674      0xf62 src/gfx_mono_generic.o
 .debug_line    0x000035d6      0xebc src/gfx_mono_text.o
 .debug_line    0x00004492      0xf36 src/gfx_mono_ug_2832hsweg04.o
 .debug_line    0x000053c8      0xe8b src/ssd1306.o
 .debug_line    0x00006253      0xa16 src/sysfont.o
 .debug_line    0x00006c69      0x9ed src/ASF/common/services/delay/sam/cycle_counter.o
 .debug_line    0x00007656      0xb4f src/ASF/common/services/clock/same70/sysclk.o
 .debug_line    0x000081a5      0xa01 src/ASF/common/utils/interrupt/interrupt_sam_nvic.o
 .debug_line    0x00008ba6      0xc04 src/ASF/sam/boards/same70_xplained/init.o
 .debug_line    0x000097aa      0xee3 src/ASF/sam/drivers/pio/pio.o
 .debug_line    0x0000a68d      0xabf src/ASF/sam/drivers/pio/pio_handler.o
 .debug_line    0x0000b14c     0x106b src/ASF/sam/drivers/pmc/pmc.o
 .debug_line    0x0000c1b7      0xa73 src/ASF/sam/utils/cmsis/same70/source/templates/gcc/startup_same70.o
 .debug_line    0x0000cc2a      0x7e9 src/ASF/sam/utils/cmsis/same70/source/templates/system_same70.o
 .debug_line    0x0000d413      0xeb2 src/main.o

.debug_str      0x00000000    0x8f988
 .debug_str     0x00000000    0x85e4d src/ASF/sam/drivers/spi/spi.o
                              0x8650a (size before relaxing)
 .debug_str     0x00085e4d      0x391 src/ASF/sam/drivers/tc/tc.o
                              0x82253 (size before relaxing)
 .debug_str     0x000861de     0x2b0d src/gfx_mono_framebuffer.o
                              0x88c3c (size before relaxing)
 .debug_str     0x00088ceb      0x257 src/gfx_mono_generic.o
                              0x88d80 (size before relaxing)
 .debug_str     0x00088f42      0x1eb src/gfx_mono_text.o
                              0x88d5b (size before relaxing)
 .debug_str     0x0008912d      0x117 src/gfx_mono_ug_2832hsweg04.o
                              0x88d1c (size before relaxing)
 .debug_str     0x00089244      0x60d src/ssd1306.o
                              0x88954 (size before relaxing)
 .debug_str     0x00089851     0x3edc src/sysfont.o
                              0x86137 (size before relaxing)
 .debug_str     0x0008d72d       0x35 src/ASF/common/services/delay/sam/cycle_counter.o
                              0x82070 (size before relaxing)
 .debug_str     0x0008d762      0x3f1 src/ASF/common/services/clock/same70/sysclk.o
                              0x8658e (size before relaxing)
 .debug_str     0x0008db53       0x94 src/ASF/common/utils/interrupt/interrupt_sam_nvic.o
                              0x81f40 (size before relaxing)
 .debug_str     0x0008dbe7      0x4f4 src/ASF/sam/boards/same70_xplained/init.o
                              0x8707e (size before relaxing)
 .debug_str     0x0008e0db      0x559 src/ASF/sam/drivers/pio/pio.o
                              0x82a96 (size before relaxing)
 .debug_str     0x0008e634      0x437 src/ASF/sam/drivers/pio/pio_handler.o
                              0x82bb8 (size before relaxing)
 .debug_str     0x0008ea6b      0x68e src/ASF/sam/drivers/pmc/pmc.o
                              0x82bfa (size before relaxing)
 .debug_str     0x0008f0f9      0x64c src/ASF/sam/utils/cmsis/same70/source/templates/gcc/startup_same70.o
                              0x8270d (size before relaxing)
 .debug_str     0x0008f745      0x137 src/ASF/sam/utils/cmsis/same70/source/templates/system_same70.o
                              0x72819 (size before relaxing)
 .debug_str     0x0008f87c      0x10c src/main.o
                              0x8d4ff (size before relaxing)

.debug_frame    0x00000000     0x1548
 .debug_frame   0x00000000      0x140 src/ASF/sam/drivers/spi/spi.o
 .debug_frame   0x00000140      0x1a8 src/ASF/sam/drivers/tc/tc.o
 .debug_frame   0x000002e8       0xdc src/gfx_mono_framebuffer.o
 .debug_frame   0x000003c4      0x168 src/gfx_mono_generic.o
 .debug_frame   0x0000052c       0xc8 src/gfx_mono_text.o
 .debug_frame   0x000005f4      0x124 src/gfx_mono_ug_2832hsweg04.o
 .debug_frame   0x00000718       0x6c src/ssd1306.o
 .debug_frame   0x00000784       0x20 src/ASF/common/services/delay/sam/cycle_counter.o
 .debug_frame   0x000007a4       0x88 src/ASF/common/services/clock/same70/sysclk.o
 .debug_frame   0x0000082c       0x30 src/ASF/common/utils/interrupt/interrupt_sam_nvic.o
 .debug_frame   0x0000085c       0x30 src/ASF/sam/boards/same70_xplained/init.o
 .debug_frame   0x0000088c      0x390 src/ASF/sam/drivers/pio/pio.o
 .debug_frame   0x00000c1c      0x110 src/ASF/sam/drivers/pio/pio_handler.o
 .debug_frame   0x00000d2c      0x494 src/ASF/sam/drivers/pmc/pmc.o
 .debug_frame   0x000011c0       0x38 src/ASF/sam/utils/cmsis/same70/source/templates/gcc/startup_same70.o
 .debug_frame   0x000011f8       0x40 src/ASF/sam/utils/cmsis/same70/source/templates/system_same70.o
 .debug_frame   0x00001238       0xc8 src/main.o
 .debug_frame   0x00001300       0x2c c:/program files (x86)/atmel/studio/7.0/toolchain/arm/arm-gnu-toolchain/bin/../lib/gcc/arm-none-eabi/6.3.1/../../../../arm-none-eabi/lib/thumb/v7e-m\libc.a(lib_a-init.o)
 .debug_frame   0x0000132c       0x3c c:/program files (x86)/atmel/studio/7.0/toolchain/arm/arm-gnu-toolchain/bin/../lib/gcc/arm-none-eabi/6.3.1/../../../../arm-none-eabi/lib/thumb/v7e-m\libc.a(lib_a-itoa.o)
 .debug_frame   0x00001368       0x4c c:/program files (x86)/atmel/studio/7.0/toolchain/arm/arm-gnu-toolchain/bin/../lib/gcc/arm-none-eabi/6.3.1/../../../../arm-none-eabi/lib/thumb/v7e-m\libc.a(lib_a-utoa.o)
 .debug_frame   0x000013b4       0x5c c:/program files (x86)/atmel/studio/7.0/toolchain/arm/arm-gnu-toolchain/bin/../lib/gcc/arm-none-eabi/6.3.1/../../../../arm-none-eabi/lib/thumb/v7e-m\libc.a(lib_a-__call_atexit.o)
 .debug_frame   0x00001410       0x20 c:/program files (x86)/atmel/studio/7.0/toolchain/arm/arm-gnu-toolchain/bin/../lib/gcc/arm-none-eabi/6.3.1/../../../../arm-none-eabi/lib/thumb/v7e-m\libc.a(lib_a-atexit.o)
 .debug_frame   0x00001430       0x34 c:/program files (x86)/atmel/studio/7.0/toolchain/arm/arm-gnu-toolchain/bin/../lib/gcc/arm-none-eabi/6.3.1/../../../../arm-none-eabi/lib/thumb/v7e-m\libc.a(lib_a-fini.o)
 .debug_frame   0x00001464       0xb0 c:/program files (x86)/atmel/studio/7.0/toolchain/arm/arm-gnu-toolchain/bin/../lib/gcc/arm-none-eabi/6.3.1/../../../../arm-none-eabi/lib/thumb/v7e-m\libc.a(lib_a-lock.o)
 .debug_frame   0x00001514       0x34 c:/program files (x86)/atmel/studio/7.0/toolchain/arm/arm-gnu-toolchain/bin/../lib/gcc/arm-none-eabi/6.3.1/../../../../arm-none-eabi/lib/thumb/v7e-m\libc.a(lib_a-__atexit.o)

Cross Reference Table

Symbol                                            File
ACC_Handler                                       src/ASF/sam/utils/cmsis/same70/source/templates/gcc/startup_same70.o
AES_Handler                                       src/ASF/sam/utils/cmsis/same70/source/templates/gcc/startup_same70.o
AFEC0_Handler                                     src/ASF/sam/utils/cmsis/same70/source/templates/gcc/startup_same70.o
AFEC1_Handler                                     src/ASF/sam/utils/cmsis/same70/source/templates/gcc/startup_same70.o
BusFault_Handler                                  src/ASF/sam/utils/cmsis/same70/source/templates/gcc/startup_same70.o
DACC_Handler                                      src/ASF/sam/utils/cmsis/same70/source/templates/gcc/startup_same70.o
DebugMon_Handler                                  src/ASF/sam/utils/cmsis/same70/source/templates/gcc/startup_same70.o
Dummy_Handler                                     src/ASF/sam/utils/cmsis/same70/source/templates/gcc/startup_same70.o
EFC_Handler                                       src/ASF/sam/utils/cmsis/same70/source/templates/gcc/startup_same70.o
GMAC_Handler                                      src/ASF/sam/utils/cmsis/same70/source/templates/gcc/startup_same70.o
HSMCI_Handler                                     src/ASF/sam/utils/cmsis/same70/source/templates/gcc/startup_same70.o
HardFault_Handler                                 src/ASF/sam/utils/cmsis/same70/source/templates/gcc/startup_same70.o
ICM_Handler                                       src/ASF/sam/utils/cmsis/same70/source/templates/gcc/startup_same70.o
ISI_Handler                                       src/ASF/sam/utils/cmsis/same70/source/templates/gcc/startup_same70.o
MCAN0_Handler                                     src/ASF/sam/utils/cmsis/same70/source/templates/gcc/startup_same70.o
MCAN1_Handler                                     src/ASF/sam/utils/cmsis/same70/source/templates/gcc/startup_same70.o
MemManage_Handler                                 src/ASF/sam/utils/cmsis/same70/source/templates/gcc/startup_same70.o
NMI_Handler                                       src/ASF/sam/utils/cmsis/same70/source/templates/gcc/startup_same70.o
PIOA_Handler                                      src/ASF/sam/drivers/pio/pio_handler.o
PIOB_Handler                                      src/ASF/sam/drivers/pio/pio_handler.o
PIOC_Handler                                      src/ASF/sam/drivers/pio/pio_handler.o
PIOD_Handler                                      src/ASF/sam/drivers/pio/pio_handler.o
PIOE_Handler                                      src/ASF/sam/drivers/pio/pio_handler.o
PMC_Handler                                       src/ASF/sam/utils/cmsis/same70/source/templates/gcc/startup_same70.o
PWM0_Handler                                      src/ASF/sam/utils/cmsis/same70/source/templates/gcc/startup_same70.o
PWM1_Handler                                      src/ASF/sam/utils/cmsis/same70/source/templates/gcc/startup_same70.o
PendSV_Handler                                    src/ASF/sam/utils/cmsis/same70/source/templates/gcc/startup_same70.o
QSPI_Handler                                      src/ASF/sam/utils/cmsis/same70/source/templates/gcc/startup_same70.o
RSTC_Handler                                      src/ASF/sam/utils/cmsis/same70/source/templates/gcc/startup_same70.o
RSWDT_Handler                                     src/ASF/sam/utils/cmsis/same70/source/templates/gcc/startup_same70.o
RTC_Handler                                       src/ASF/sam/utils/cmsis/same70/source/templates/gcc/startup_same70.o
RTT_Handler                                       src/ASF/sam/utils/cmsis/same70/source/templates/gcc/startup_same70.o
Reset_Handler                                     src/ASF/sam/utils/cmsis/same70/source/templates/gcc/startup_same70.o
SDRAMC_Handler                                    src/ASF/sam/utils/cmsis/same70/source/templates/gcc/startup_same70.o
SPI0_Handler                                      src/ASF/sam/utils/cmsis/same70/source/templates/gcc/startup_same70.o
SPI1_Handler                                      src/ASF/sam/utils/cmsis/same70/source/templates/gcc/startup_same70.o
SSC_Handler                                       src/ASF/sam/utils/cmsis/same70/source/templates/gcc/startup_same70.o
SUPC_Handler                                      src/ASF/sam/utils/cmsis/same70/source/templates/gcc/startup_same70.o
SVC_Handler                                       src/ASF/sam/utils/cmsis/same70/source/templates/gcc/startup_same70.o
SysTick_Handler                                   src/ASF/sam/utils/cmsis/same70/source/templates/gcc/startup_same70.o
SystemCoreClock                                   src/ASF/sam/utils/cmsis/same70/source/templates/system_same70.o
SystemCoreClockUpdate                             src/ASF/sam/utils/cmsis/same70/source/templates/system_same70.o
                                                  src/ASF/common/services/clock/same70/sysclk.o
SystemInit                                        src/ASF/sam/utils/cmsis/same70/source/templates/system_same70.o
TC0_Handler                                       src/main.o
                                                  src/ASF/sam/utils/cmsis/same70/source/templates/gcc/startup_same70.o
TC10_Handler                                      src/ASF/sam/utils/cmsis/same70/source/templates/gcc/startup_same70.o
TC11_Handler                                      src/ASF/sam/utils/cmsis/same70/source/templates/gcc/startup_same70.o
TC1_Handler                                       src/ASF/sam/utils/cmsis/same70/source/templates/gcc/startup_same70.o
TC2_Handler                                       src/ASF/sam/utils/cmsis/same70/source/templates/gcc/startup_same70.o
TC3_Handler                                       src/ASF/sam/utils/cmsis/same70/source/templates/gcc/startup_same70.o
TC4_Handler                                       src/ASF/sam/utils/cmsis/same70/source/templates/gcc/startup_same70.o
TC5_Handler                                       src/ASF/sam/utils/cmsis/same70/source/templates/gcc/startup_same70.o
TC6_Handler                                       src/ASF/sam/utils/cmsis/same70/source/templates/gcc/startup_same70.o
TC7_Handler                                       src/ASF/sam/utils/cmsis/same70/source/templates/gcc/startup_same70.o
TC8_Handler                                       src/ASF/sam/utils/cmsis/same70/source/templates/gcc/startup_same70.o
TC9_Handler                                       src/ASF/sam/utils/cmsis/same70/source/templates/gcc/startup_same70.o
TC_init                                           src/main.o
TRNG_Handler                                      src/ASF/sam/utils/cmsis/same70/source/templates/gcc/startup_same70.o
TWIHS0_Handler                                    src/ASF/sam/utils/cmsis/same70/source/templates/gcc/startup_same70.o
TWIHS1_Handler                                    src/ASF/sam/utils/cmsis/same70/source/templates/gcc/startup_same70.o
TWIHS2_Handler                                    src/ASF/sam/utils/cmsis/same70/source/templates/gcc/startup_same70.o
UART0_Handler                                     src/ASF/sam/utils/cmsis/same70/source/templates/gcc/startup_same70.o
UART1_Handler                                     src/ASF/sam/utils/cmsis/same70/source/templates/gcc/startup_same70.o
UART2_Handler                                     src/ASF/sam/utils/cmsis/same70/source/templates/gcc/startup_same70.o
UART3_Handler                                     src/ASF/sam/utils/cmsis/same70/source/templates/gcc/startup_same70.o
UART4_Handler                                     src/ASF/sam/utils/cmsis/same70/source/templates/gcc/startup_same70.o
USART0_Handler                                    src/ASF/sam/utils/cmsis/same70/source/templates/gcc/startup_same70.o
USART1_Handler                                    src/ASF/sam/utils/cmsis/same70/source/templates/gcc/startup_same70.o
USART2_Handler                                    src/ASF/sam/utils/cmsis/same70/source/templates/gcc/startup_same70.o
USBHS_Handler                                     src/ASF/sam/utils/cmsis/same70/source/templates/gcc/startup_same70.o
UsageFault_Handler                                src/ASF/sam/utils/cmsis/same70/source/templates/gcc/startup_same70.o
WDT_Handler                                       src/ASF/sam/utils/cmsis/same70/source/templates/gcc/startup_same70.o
XDMAC_Handler                                     src/ASF/sam/utils/cmsis/same70/source/templates/gcc/startup_same70.o
_Jv_RegisterClasses                               c:/program files (x86)/atmel/studio/7.0/toolchain/arm/arm-gnu-toolchain/bin/../lib/gcc/arm-none-eabi/6.3.1/thumb/v7e-m/crtbegin.o
__atexit_recursive_mutex                          c:/program files (x86)/atmel/studio/7.0/toolchain/arm/arm-gnu-toolchain/bin/../lib/gcc/arm-none-eabi/6.3.1/../../../../arm-none-eabi/lib/thumb/v7e-m\libc.a(lib_a-__call_atexit.o)
                                                  c:/program files (x86)/atmel/studio/7.0/toolchain/arm/arm-gnu-toolchain/bin/../lib/gcc/arm-none-eabi/6.3.1/../../../../arm-none-eabi/lib/thumb/v7e-m\libc.a(lib_a-__atexit.o)
__bss_end__                                       c:/program files (x86)/atmel/studio/7.0/toolchain/arm/arm-gnu-toolchain/bin/../lib/gcc/arm-none-eabi/6.3.1/../../../../arm-none-eabi/lib/thumb/v7e-m/crt0.o
__bss_start__                                     c:/program files (x86)/atmel/studio/7.0/toolchain/arm/arm-gnu-toolchain/bin/../lib/gcc/arm-none-eabi/6.3.1/../../../../arm-none-eabi/lib/thumb/v7e-m/crt0.o
__call_exitprocs                                  c:/program files (x86)/atmel/studio/7.0/toolchain/arm/arm-gnu-toolchain/bin/../lib/gcc/arm-none-eabi/6.3.1/../../../../arm-none-eabi/lib/thumb/v7e-m\libc.a(lib_a-__call_atexit.o)
                                                  c:/program files (x86)/atmel/studio/7.0/toolchain/arm/arm-gnu-toolchain/bin/../lib/gcc/arm-none-eabi/6.3.1/../../../../arm-none-eabi/lib/thumb/v7e-m\libc.a(lib_a-exit.o)
__deregister_frame_info                           c:/program files (x86)/atmel/studio/7.0/toolchain/arm/arm-gnu-toolchain/bin/../lib/gcc/arm-none-eabi/6.3.1/thumb/v7e-m/crtbegin.o
__dso_handle                                      c:/program files (x86)/atmel/studio/7.0/toolchain/arm/arm-gnu-toolchain/bin/../lib/gcc/arm-none-eabi/6.3.1/thumb/v7e-m/crtbegin.o
__fini_array_end                                  c:/program files (x86)/atmel/studio/7.0/toolchain/arm/arm-gnu-toolchain/bin/../lib/gcc/arm-none-eabi/6.3.1/../../../../arm-none-eabi/lib/thumb/v7e-m\libc.a(lib_a-fini.o)
__fini_array_start                                c:/program files (x86)/atmel/studio/7.0/toolchain/arm/arm-gnu-toolchain/bin/../lib/gcc/arm-none-eabi/6.3.1/../../../../arm-none-eabi/lib/thumb/v7e-m\libc.a(lib_a-fini.o)
__init_array_end                                  c:/program files (x86)/atmel/studio/7.0/toolchain/arm/arm-gnu-toolchain/bin/../lib/gcc/arm-none-eabi/6.3.1/../../../../arm-none-eabi/lib/thumb/v7e-m\libc.a(lib_a-init.o)
__init_array_start                                c:/program files (x86)/atmel/studio/7.0/toolchain/arm/arm-gnu-toolchain/bin/../lib/gcc/arm-none-eabi/6.3.1/../../../../arm-none-eabi/lib/thumb/v7e-m\libc.a(lib_a-init.o)
__itoa                                            c:/program files (x86)/atmel/studio/7.0/toolchain/arm/arm-gnu-toolchain/bin/../lib/gcc/arm-none-eabi/6.3.1/../../../../arm-none-eabi/lib/thumb/v7e-m\libc.a(lib_a-itoa.o)
__libc_fini                                       c:/program files (x86)/atmel/studio/7.0/toolchain/arm/arm-gnu-toolchain/bin/../lib/gcc/arm-none-eabi/6.3.1/../../../../arm-none-eabi/lib/thumb/v7e-m\libc.a(lib_a-__call_atexit.o)
__libc_fini_array                                 c:/program files (x86)/atmel/studio/7.0/toolchain/arm/arm-gnu-toolchain/bin/../lib/gcc/arm-none-eabi/6.3.1/../../../../arm-none-eabi/lib/thumb/v7e-m\libc.a(lib_a-fini.o)
                                                  c:/program files (x86)/atmel/studio/7.0/toolchain/arm/arm-gnu-toolchain/bin/../lib/gcc/arm-none-eabi/6.3.1/../../../../arm-none-eabi/lib/thumb/v7e-m\libc.a(lib_a-__call_atexit.o)
                                                  c:/program files (x86)/atmel/studio/7.0/toolchain/arm/arm-gnu-toolchain/bin/../lib/gcc/arm-none-eabi/6.3.1/../../../../arm-none-eabi/lib/thumb/v7e-m/crt0.o
__libc_init_array                                 c:/program files (x86)/atmel/studio/7.0/toolchain/arm/arm-gnu-toolchain/bin/../lib/gcc/arm-none-eabi/6.3.1/../../../../arm-none-eabi/lib/thumb/v7e-m\libc.a(lib_a-init.o)
                                                  src/ASF/sam/utils/cmsis/same70/source/templates/gcc/startup_same70.o
                                                  c:/program files (x86)/atmel/studio/7.0/toolchain/arm/arm-gnu-toolchain/bin/../lib/gcc/arm-none-eabi/6.3.1/../../../../arm-none-eabi/lib/thumb/v7e-m/crt0.o
__lock___arc4random_mutex                         c:/program files (x86)/atmel/studio/7.0/toolchain/arm/arm-gnu-toolchain/bin/../lib/gcc/arm-none-eabi/6.3.1/../../../../arm-none-eabi/lib/thumb/v7e-m\libc.a(lib_a-lock.o)
__lock___at_quick_exit_mutex                      c:/program files (x86)/atmel/studio/7.0/toolchain/arm/arm-gnu-toolchain/bin/../lib/gcc/arm-none-eabi/6.3.1/../../../../arm-none-eabi/lib/thumb/v7e-m\libc.a(lib_a-lock.o)
__lock___atexit_recursive_mutex                   c:/program files (x86)/atmel/studio/7.0/toolchain/arm/arm-gnu-toolchain/bin/../lib/gcc/arm-none-eabi/6.3.1/../../../../arm-none-eabi/lib/thumb/v7e-m\libc.a(lib_a-lock.o)
                                                  c:/program files (x86)/atmel/studio/7.0/toolchain/arm/arm-gnu-toolchain/bin/../lib/gcc/arm-none-eabi/6.3.1/../../../../arm-none-eabi/lib/thumb/v7e-m\libc.a(lib_a-__call_atexit.o)
__lock___dd_hash_mutex                            c:/program files (x86)/atmel/studio/7.0/toolchain/arm/arm-gnu-toolchain/bin/../lib/gcc/arm-none-eabi/6.3.1/../../../../arm-none-eabi/lib/thumb/v7e-m\libc.a(lib_a-lock.o)
__lock___env_recursive_mutex                      c:/program files (x86)/atmel/studio/7.0/toolchain/arm/arm-gnu-toolchain/bin/../lib/gcc/arm-none-eabi/6.3.1/../../../../arm-none-eabi/lib/thumb/v7e-m\libc.a(lib_a-lock.o)
__lock___malloc_recursive_mutex                   c:/program files (x86)/atmel/studio/7.0/toolchain/arm/arm-gnu-toolchain/bin/../lib/gcc/arm-none-eabi/6.3.1/../../../../arm-none-eabi/lib/thumb/v7e-m\libc.a(lib_a-lock.o)
__lock___sfp_recursive_mutex                      c:/program files (x86)/atmel/studio/7.0/toolchain/arm/arm-gnu-toolchain/bin/../lib/gcc/arm-none-eabi/6.3.1/../../../../arm-none-eabi/lib/thumb/v7e-m\libc.a(lib_a-lock.o)
__lock___sinit_recursive_mutex                    c:/program files (x86)/atmel/studio/7.0/toolchain/arm/arm-gnu-toolchain/bin/../lib/gcc/arm-none-eabi/6.3.1/../../../../arm-none-eabi/lib/thumb/v7e-m\libc.a(lib_a-lock.o)
__lock___tz_mutex                                 c:/program files (x86)/atmel/studio/7.0/toolchain/arm/arm-gnu-toolchain/bin/../lib/gcc/arm-none-eabi/6.3.1/../../../../arm-none-eabi/lib/thumb/v7e-m\libc.a(lib_a-lock.o)
__preinit_array_end                               c:/program files (x86)/atmel/studio/7.0/toolchain/arm/arm-gnu-toolchain/bin/../lib/gcc/arm-none-eabi/6.3.1/../../../../arm-none-eabi/lib/thumb/v7e-m\libc.a(lib_a-init.o)
__preinit_array_start                             c:/program files (x86)/atmel/studio/7.0/toolchain/arm/arm-gnu-toolchain/bin/../lib/gcc/arm-none-eabi/6.3.1/../../../../arm-none-eabi/lib/thumb/v7e-m\libc.a(lib_a-init.o)
__ram_end__                                       src/ASF/sam/utils/syscalls/gcc/syscalls.o
__register_exitproc                               c:/program files (x86)/atmel/studio/7.0/toolchain/arm/arm-gnu-toolchain/bin/../lib/gcc/arm-none-eabi/6.3.1/../../../../arm-none-eabi/lib/thumb/v7e-m\libc.a(lib_a-__atexit.o)
                                                  c:/program files (x86)/atmel/studio/7.0/toolchain/arm/arm-gnu-toolchain/bin/../lib/gcc/arm-none-eabi/6.3.1/../../../../arm-none-eabi/lib/thumb/v7e-m\libc.a(lib_a-atexit.o)
__register_frame_info                             c:/program files (x86)/atmel/studio/7.0/toolchain/arm/arm-gnu-toolchain/bin/../lib/gcc/arm-none-eabi/6.3.1/thumb/v7e-m/crtbegin.o
__retarget_lock_acquire                           c:/program files (x86)/atmel/studio/7.0/toolchain/arm/arm-gnu-toolchain/bin/../lib/gcc/arm-none-eabi/6.3.1/../../../../arm-none-eabi/lib/thumb/v7e-m\libc.a(lib_a-lock.o)
__retarget_lock_acquire_recursive                 c:/program files (x86)/atmel/studio/7.0/toolchain/arm/arm-gnu-toolchain/bin/../lib/gcc/arm-none-eabi/6.3.1/../../../../arm-none-eabi/lib/thumb/v7e-m\libc.a(lib_a-lock.o)
                                                  c:/program files (x86)/atmel/studio/7.0/toolchain/arm/arm-gnu-toolchain/bin/../lib/gcc/arm-none-eabi/6.3.1/../../../../arm-none-eabi/lib/thumb/v7e-m\libc.a(lib_a-__atexit.o)
                                                  c:/program files (x86)/atmel/studio/7.0/toolchain/arm/arm-gnu-toolchain/bin/../lib/gcc/arm-none-eabi/6.3.1/../../../../arm-none-eabi/lib/thumb/v7e-m\libc.a(lib_a-__call_atexit.o)
__retarget_lock_close                             c:/program files (x86)/atmel/studio/7.0/toolchain/arm/arm-gnu-toolchain/bin/../lib/gcc/arm-none-eabi/6.3.1/../../../../arm-none-eabi/lib/thumb/v7e-m\libc.a(lib_a-lock.o)
__retarget_lock_close_recursive                   c:/program files (x86)/atmel/studio/7.0/toolchain/arm/arm-gnu-toolchain/bin/../lib/gcc/arm-none-eabi/6.3.1/../../../../arm-none-eabi/lib/thumb/v7e-m\libc.a(lib_a-lock.o)
__retarget_lock_init                              c:/program files (x86)/atmel/studio/7.0/toolchain/arm/arm-gnu-toolchain/bin/../lib/gcc/arm-none-eabi/6.3.1/../../../../arm-none-eabi/lib/thumb/v7e-m\libc.a(lib_a-lock.o)
__retarget_lock_init_recursive                    c:/program files (x86)/atmel/studio/7.0/toolchain/arm/arm-gnu-toolchain/bin/../lib/gcc/arm-none-eabi/6.3.1/../../../../arm-none-eabi/lib/thumb/v7e-m\libc.a(lib_a-lock.o)
__retarget_lock_release                           c:/program files (x86)/atmel/studio/7.0/toolchain/arm/arm-gnu-toolchain/bin/../lib/gcc/arm-none-eabi/6.3.1/../../../../arm-none-eabi/lib/thumb/v7e-m\libc.a(lib_a-lock.o)
__retarget_lock_release_recursive                 c:/program files (x86)/atmel/studio/7.0/toolchain/arm/arm-gnu-toolchain/bin/../lib/gcc/arm-none-eabi/6.3.1/../../../../arm-none-eabi/lib/thumb/v7e-m\libc.a(lib_a-lock.o)
                                                  c:/program files (x86)/atmel/studio/7.0/toolchain/arm/arm-gnu-toolchain/bin/../lib/gcc/arm-none-eabi/6.3.1/../../../../arm-none-eabi/lib/thumb/v7e-m\libc.a(lib_a-__atexit.o)
                                                  c:/program files (x86)/atmel/studio/7.0/toolchain/arm/arm-gnu-toolchain/bin/../lib/gcc/arm-none-eabi/6.3.1/../../../../arm-none-eabi/lib/thumb/v7e-m\libc.a(lib_a-__call_atexit.o)
__retarget_lock_try_acquire                       c:/program files (x86)/atmel/studio/7.0/toolchain/arm/arm-gnu-toolchain/bin/../lib/gcc/arm-none-eabi/6.3.1/../../../../arm-none-eabi/lib/thumb/v7e-m\libc.a(lib_a-lock.o)
__retarget_lock_try_acquire_recursive             c:/program files (x86)/atmel/studio/7.0/toolchain/arm/arm-gnu-toolchain/bin/../lib/gcc/arm-none-eabi/6.3.1/../../../../arm-none-eabi/lib/thumb/v7e-m\libc.a(lib_a-lock.o)
__stack                                           c:/program files (x86)/atmel/studio/7.0/toolchain/arm/arm-gnu-toolchain/bin/../lib/gcc/arm-none-eabi/6.3.1/../../../../arm-none-eabi/lib/thumb/v7e-m/crt0.o
__utoa                                            c:/program files (x86)/atmel/studio/7.0/toolchain/arm/arm-gnu-toolchain/bin/../lib/gcc/arm-none-eabi/6.3.1/../../../../arm-none-eabi/lib/thumb/v7e-m\libc.a(lib_a-utoa.o)
                                                  c:/program files (x86)/atmel/studio/7.0/toolchain/arm/arm-gnu-toolchain/bin/../lib/gcc/arm-none-eabi/6.3.1/../../../../arm-none-eabi/lib/thumb/v7e-m\libc.a(lib_a-itoa.o)
_close                                            src/ASF/sam/utils/syscalls/gcc/syscalls.o
_end                                              src/ASF/sam/utils/syscalls/gcc/syscalls.o
_erelocate                                        src/ASF/sam/utils/cmsis/same70/source/templates/gcc/startup_same70.o
_estack                                           src/ASF/sam/utils/cmsis/same70/source/templates/gcc/startup_same70.o
_etext                                            src/ASF/sam/utils/cmsis/same70/source/templates/gcc/startup_same70.o
_exit                                             src/ASF/sam/utils/syscalls/gcc/syscalls.o
                                                  c:/program files (x86)/atmel/studio/7.0/toolchain/arm/arm-gnu-toolchain/bin/../lib/gcc/arm-none-eabi/6.3.1/../../../../arm-none-eabi/lib/thumb/v7e-m\libc.a(lib_a-exit.o)
_ezero                                            src/ASF/sam/utils/cmsis/same70/source/templates/gcc/startup_same70.o
_fini                                             c:/program files (x86)/atmel/studio/7.0/toolchain/arm/arm-gnu-toolchain/bin/../lib/gcc/arm-none-eabi/6.3.1/thumb/v7e-m/crti.o
                                                  c:/program files (x86)/atmel/studio/7.0/toolchain/arm/arm-gnu-toolchain/bin/../lib/gcc/arm-none-eabi/6.3.1/../../../../arm-none-eabi/lib/thumb/v7e-m\libc.a(lib_a-fini.o)
_fstat                                            src/ASF/sam/utils/syscalls/gcc/syscalls.o
_getpid                                           src/ASF/sam/utils/syscalls/gcc/syscalls.o
_global_impure_ptr                                c:/program files (x86)/atmel/studio/7.0/toolchain/arm/arm-gnu-toolchain/bin/../lib/gcc/arm-none-eabi/6.3.1/../../../../arm-none-eabi/lib/thumb/v7e-m\libc.a(lib_a-impure.o)
                                                  c:/program files (x86)/atmel/studio/7.0/toolchain/arm/arm-gnu-toolchain/bin/../lib/gcc/arm-none-eabi/6.3.1/../../../../arm-none-eabi/lib/thumb/v7e-m\libc.a(lib_a-__atexit.o)
                                                  c:/program files (x86)/atmel/studio/7.0/toolchain/arm/arm-gnu-toolchain/bin/../lib/gcc/arm-none-eabi/6.3.1/../../../../arm-none-eabi/lib/thumb/v7e-m\libc.a(lib_a-__call_atexit.o)
                                                  c:/program files (x86)/atmel/studio/7.0/toolchain/arm/arm-gnu-toolchain/bin/../lib/gcc/arm-none-eabi/6.3.1/../../../../arm-none-eabi/lib/thumb/v7e-m\libc.a(lib_a-exit.o)
_impure_ptr                                       c:/program files (x86)/atmel/studio/7.0/toolchain/arm/arm-gnu-toolchain/bin/../lib/gcc/arm-none-eabi/6.3.1/../../../../arm-none-eabi/lib/thumb/v7e-m\libc.a(lib_a-impure.o)
_init                                             c:/program files (x86)/atmel/studio/7.0/toolchain/arm/arm-gnu-toolchain/bin/../lib/gcc/arm-none-eabi/6.3.1/thumb/v7e-m/crti.o
                                                  c:/program files (x86)/atmel/studio/7.0/toolchain/arm/arm-gnu-toolchain/bin/../lib/gcc/arm-none-eabi/6.3.1/../../../../arm-none-eabi/lib/thumb/v7e-m\libc.a(lib_a-init.o)
_isatty                                           src/ASF/sam/utils/syscalls/gcc/syscalls.o
_kill                                             src/ASF/sam/utils/syscalls/gcc/syscalls.o
_lseek                                            src/ASF/sam/utils/syscalls/gcc/syscalls.o
_mainCRTStartup                                   c:/program files (x86)/atmel/studio/7.0/toolchain/arm/arm-gnu-toolchain/bin/../lib/gcc/arm-none-eabi/6.3.1/../../../../arm-none-eabi/lib/thumb/v7e-m/crt0.o
_sbrk                                             src/ASF/sam/utils/syscalls/gcc/syscalls.o
_sfixed                                           src/ASF/sam/utils/cmsis/same70/source/templates/gcc/startup_same70.o
_srelocate                                        src/ASF/sam/utils/cmsis/same70/source/templates/gcc/startup_same70.o
_start                                            c:/program files (x86)/atmel/studio/7.0/toolchain/arm/arm-gnu-toolchain/bin/../lib/gcc/arm-none-eabi/6.3.1/../../../../arm-none-eabi/lib/thumb/v7e-m/crt0.o
_szero                                            src/ASF/sam/utils/cmsis/same70/source/templates/gcc/startup_same70.o
atexit                                            c:/program files (x86)/atmel/studio/7.0/toolchain/arm/arm-gnu-toolchain/bin/../lib/gcc/arm-none-eabi/6.3.1/../../../../arm-none-eabi/lib/thumb/v7e-m\libc.a(lib_a-atexit.o)
                                                  c:/program files (x86)/atmel/studio/7.0/toolchain/arm/arm-gnu-toolchain/bin/../lib/gcc/arm-none-eabi/6.3.1/../../../../arm-none-eabi/lib/thumb/v7e-m\libc.a(lib_a-__call_atexit.o)
                                                  c:/program files (x86)/atmel/studio/7.0/toolchain/arm/arm-gnu-toolchain/bin/../lib/gcc/arm-none-eabi/6.3.1/../../../../arm-none-eabi/lib/thumb/v7e-m/crt0.o
board_init                                        src/ASF/sam/boards/same70_xplained/init.o
                                                  src/main.o
but1_callback                                     src/main.o
but1_flag                                         src/main.o
cpu_irq_enter_critical                            src/ASF/common/utils/interrupt/interrupt_sam_nvic.o
cpu_irq_leave_critical                            src/ASF/common/utils/interrupt/interrupt_sam_nvic.o
displ_value                                       src/main.o
exception_table                                   src/ASF/sam/utils/cmsis/same70/source/templates/gcc/startup_same70.o
exit                                              c:/program files (x86)/atmel/studio/7.0/toolchain/arm/arm-gnu-toolchain/bin/../lib/gcc/arm-none-eabi/6.3.1/../../../../arm-none-eabi/lib/thumb/v7e-m\libc.a(lib_a-exit.o)
                                                  c:/program files (x86)/atmel/studio/7.0/toolchain/arm/arm-gnu-toolchain/bin/../lib/gcc/arm-none-eabi/6.3.1/../../../../arm-none-eabi/lib/thumb/v7e-m/crt0.o
free                                              c:/program files (x86)/atmel/studio/7.0/toolchain/arm/arm-gnu-toolchain/bin/../lib/gcc/arm-none-eabi/6.3.1/../../../../arm-none-eabi/lib/thumb/v7e-m\libc.a(lib_a-__call_atexit.o)
g_interrupt_enabled                               src/ASF/common/utils/interrupt/interrupt_sam_nvic.o
                                                  src/ASF/sam/utils/cmsis/same70/source/templates/gcc/startup_same70.o
                                                  src/ASF/sam/drivers/pmc/sleep.o
                                                  src/ASF/sam/drivers/mpu/mpu.o
gfx_mono_draw_char                                src/gfx_mono_text.o
gfx_mono_draw_progmem_string                      src/gfx_mono_text.o
gfx_mono_draw_string                              src/gfx_mono_text.o
                                                  src/main.o
gfx_mono_framebuffer_draw_pixel                   src/gfx_mono_framebuffer.o
gfx_mono_framebuffer_get_byte                     src/gfx_mono_framebuffer.o
                                                  src/gfx_mono_ug_2832hsweg04.o
gfx_mono_framebuffer_get_page                     src/gfx_mono_framebuffer.o
                                                  src/gfx_mono_ug_2832hsweg04.o
gfx_mono_framebuffer_get_pixel                    src/gfx_mono_framebuffer.o
gfx_mono_framebuffer_mask_byte                    src/gfx_mono_framebuffer.o
gfx_mono_framebuffer_put_byte                     src/gfx_mono_framebuffer.o
                                                  src/gfx_mono_ug_2832hsweg04.o
gfx_mono_framebuffer_put_page                     src/gfx_mono_framebuffer.o
                                                  src/gfx_mono_ug_2832hsweg04.o
gfx_mono_generic_draw_circle                      src/gfx_mono_generic.o
gfx_mono_generic_draw_filled_circle               src/gfx_mono_generic.o
gfx_mono_generic_draw_filled_rect                 src/gfx_mono_generic.o
                                                  src/main.o
                                                  src/gfx_mono_text.o
gfx_mono_generic_draw_horizontal_line             src/gfx_mono_generic.o
gfx_mono_generic_draw_line                        src/gfx_mono_generic.o
gfx_mono_generic_draw_rect                        src/gfx_mono_generic.o
gfx_mono_generic_draw_vertical_line               src/gfx_mono_generic.o
gfx_mono_generic_put_bitmap                       src/gfx_mono_generic.o
gfx_mono_get_progmem_string_bounding_box          src/gfx_mono_text.o
gfx_mono_get_string_bounding_box                  src/gfx_mono_text.o
gfx_mono_set_framebuffer                          src/gfx_mono_framebuffer.o
                                                  src/gfx_mono_ug_2832hsweg04.o
gfx_mono_ssd1306_draw_pixel                       src/gfx_mono_ug_2832hsweg04.o
                                                  src/gfx_mono_text.o
                                                  src/gfx_mono_generic.o
gfx_mono_ssd1306_get_byte                         src/gfx_mono_ug_2832hsweg04.o
                                                  src/gfx_mono_generic.o
                                                  src/gfx_mono_framebuffer.o
gfx_mono_ssd1306_get_page                         src/gfx_mono_ug_2832hsweg04.o
gfx_mono_ssd1306_get_pixel                        src/gfx_mono_ug_2832hsweg04.o
gfx_mono_ssd1306_init                             src/gfx_mono_ug_2832hsweg04.o
                                                  src/main.o
gfx_mono_ssd1306_mask_byte                        src/gfx_mono_ug_2832hsweg04.o
                                                  src/gfx_mono_generic.o
gfx_mono_ssd1306_put_byte                         src/gfx_mono_ug_2832hsweg04.o
                                                  src/gfx_mono_generic.o
                                                  src/gfx_mono_framebuffer.o
gfx_mono_ssd1306_put_framebuffer                  src/gfx_mono_ug_2832hsweg04.o
gfx_mono_ssd1306_put_page                         src/gfx_mono_ug_2832hsweg04.o
                                                  src/gfx_mono_generic.o
hardware_init_hook                                c:/program files (x86)/atmel/studio/7.0/toolchain/arm/arm-gnu-toolchain/bin/../lib/gcc/arm-none-eabi/6.3.1/../../../../arm-none-eabi/lib/thumb/v7e-m/crt0.o
io_init                                           src/main.o
itoa                                              c:/program files (x86)/atmel/studio/7.0/toolchain/arm/arm-gnu-toolchain/bin/../lib/gcc/arm-none-eabi/6.3.1/../../../../arm-none-eabi/lib/thumb/v7e-m\libc.a(lib_a-itoa.o)
                                                  src/main.o
link                                              src/ASF/sam/utils/syscalls/gcc/syscalls.o
main                                              src/main.o
                                                  src/ASF/sam/utils/cmsis/same70/source/templates/gcc/startup_same70.o
                                                  c:/program files (x86)/atmel/studio/7.0/toolchain/arm/arm-gnu-toolchain/bin/../lib/gcc/arm-none-eabi/6.3.1/../../../../arm-none-eabi/lib/thumb/v7e-m/crt0.o
malloc                                            c:/program files (x86)/atmel/studio/7.0/toolchain/arm/arm-gnu-toolchain/bin/../lib/gcc/arm-none-eabi/6.3.1/../../../../arm-none-eabi/lib/thumb/v7e-m\libc.a(lib_a-__atexit.o)
memset                                            c:/program files (x86)/atmel/studio/7.0/toolchain/arm/arm-gnu-toolchain/bin/../lib/gcc/arm-none-eabi/6.3.1/../../../../arm-none-eabi/lib/thumb/v7e-m\libc.a(lib_a-memset.o)
                                                  c:/program files (x86)/atmel/studio/7.0/toolchain/arm/arm-gnu-toolchain/bin/../lib/gcc/arm-none-eabi/6.3.1/../../../../arm-none-eabi/lib/thumb/v7e-m/crt0.o
mpu_cal_mpu_region_size                           src/ASF/sam/drivers/mpu/mpu.o
mpu_disable_region                                src/ASF/sam/drivers/mpu/mpu.o
mpu_enable                                        src/ASF/sam/drivers/mpu/mpu.o
mpu_set_region                                    src/ASF/sam/drivers/mpu/mpu.o
mpu_set_region_num                                src/ASF/sam/drivers/mpu/mpu.o
mpu_update_regions                                src/ASF/sam/drivers/mpu/mpu.o
pin_toggle                                        src/main.o
pio_capture_disable                               src/ASF/sam/drivers/pio/pio.o
pio_capture_disable_interrupt                     src/ASF/sam/drivers/pio/pio.o
pio_capture_enable                                src/ASF/sam/drivers/pio/pio.o
pio_capture_enable_flag                           src/ASF/sam/drivers/pio/pio.o
pio_capture_enable_interrupt                      src/ASF/sam/drivers/pio/pio.o
pio_capture_get_interrupt_mask                    src/ASF/sam/drivers/pio/pio.o
pio_capture_get_interrupt_status                  src/ASF/sam/drivers/pio/pio.o
pio_capture_read                                  src/ASF/sam/drivers/pio/pio.o
pio_capture_set_mode                              src/ASF/sam/drivers/pio/pio.o
pio_clear                                         src/ASF/sam/drivers/pio/pio.o
                                                  src/main.o
pio_configure                                     src/ASF/sam/drivers/pio/pio.o
                                                  src/main.o
                                                  src/ssd1306.o
pio_configure_interrupt                           src/ASF/sam/drivers/pio/pio.o
                                                  src/ASF/sam/drivers/pio/pio_handler.o
pio_configure_pin                                 src/ASF/sam/drivers/pio/pio.o
pio_configure_pin_group                           src/ASF/sam/drivers/pio/pio.o
pio_disable_interrupt                             src/ASF/sam/drivers/pio/pio.o
                                                  src/ASF/sam/drivers/pio/pio_handler.o
pio_disable_output_write                          src/ASF/sam/drivers/pio/pio.o
pio_disable_pin_interrupt                         src/ASF/sam/drivers/pio/pio.o
pio_enable_interrupt                              src/ASF/sam/drivers/pio/pio.o
                                                  src/main.o
                                                  src/ASF/sam/drivers/pio/pio_handler.o
pio_enable_output_write                           src/ASF/sam/drivers/pio/pio.o
pio_enable_pin_interrupt                          src/ASF/sam/drivers/pio/pio.o
pio_get                                           src/ASF/sam/drivers/pio/pio.o
pio_get_interrupt_mask                            src/ASF/sam/drivers/pio/pio.o
                                                  src/ASF/sam/drivers/pio/pio_handler.o
pio_get_interrupt_status                          src/ASF/sam/drivers/pio/pio.o
                                                  src/ASF/sam/drivers/pio/pio_handler.o
pio_get_multi_driver_status                       src/ASF/sam/drivers/pio/pio.o
pio_get_output_data_status                        src/ASF/sam/drivers/pio/pio.o
                                                  src/main.o
pio_get_output_write_status                       src/ASF/sam/drivers/pio/pio.o
pio_get_pin_group                                 src/ASF/sam/drivers/pio/pio.o
                                                  src/ASF/sam/drivers/pio/pio_handler.o
pio_get_pin_group_id                              src/ASF/sam/drivers/pio/pio.o
                                                  src/ASF/sam/drivers/pio/pio_handler.o
pio_get_pin_group_mask                            src/ASF/sam/drivers/pio/pio.o
                                                  src/ASF/sam/drivers/pio/pio_handler.o
pio_get_pin_value                                 src/ASF/sam/drivers/pio/pio.o
pio_get_schmitt_trigger                           src/ASF/sam/drivers/pio/pio.o
pio_get_writeprotect_status                       src/ASF/sam/drivers/pio/pio.o
pio_handler_process                               src/ASF/sam/drivers/pio/pio_handler.o
pio_handler_set                                   src/ASF/sam/drivers/pio/pio_handler.o
                                                  src/main.o
pio_handler_set_pin                               src/ASF/sam/drivers/pio/pio_handler.o
pio_handler_set_priority                          src/ASF/sam/drivers/pio/pio_handler.o
pio_pull_down                                     src/ASF/sam/drivers/pio/pio.o
pio_pull_up                                       src/ASF/sam/drivers/pio/pio.o
pio_set                                           src/ASF/sam/drivers/pio/pio.o
                                                  src/main.o
pio_set_additional_interrupt_mode                 src/ASF/sam/drivers/pio/pio.o
pio_set_debounce_filter                           src/ASF/sam/drivers/pio/pio.o
pio_set_input                                     src/ASF/sam/drivers/pio/pio.o
pio_set_io_drive                                  src/ASF/sam/drivers/pio/pio.o
pio_set_multi_driver                              src/ASF/sam/drivers/pio/pio.o
pio_set_output                                    src/ASF/sam/drivers/pio/pio.o
pio_set_peripheral                                src/ASF/sam/drivers/pio/pio.o
pio_set_pin_group_high                            src/ASF/sam/drivers/pio/pio.o
pio_set_pin_group_low                             src/ASF/sam/drivers/pio/pio.o
pio_set_pin_high                                  src/ASF/sam/drivers/pio/pio.o
pio_set_pin_low                                   src/ASF/sam/drivers/pio/pio.o
pio_set_schmitt_trigger                           src/ASF/sam/drivers/pio/pio.o
pio_set_writeprotect                              src/ASF/sam/drivers/pio/pio.o
pio_sync_output_write                             src/ASF/sam/drivers/pio/pio.o
pio_toggle_pin                                    src/ASF/sam/drivers/pio/pio.o
pio_toggle_pin_group                              src/ASF/sam/drivers/pio/pio.o
pmc_clr_fast_startup_input                        src/ASF/sam/drivers/pmc/pmc.o
pmc_disable_all_pck                               src/ASF/sam/drivers/pmc/pmc.o
pmc_disable_all_periph_clk                        src/ASF/sam/drivers/pmc/pmc.o
pmc_disable_clock_failure_detector                src/ASF/sam/drivers/pmc/pmc.o
pmc_disable_interrupt                             src/ASF/sam/drivers/pmc/pmc.o
pmc_disable_pck                                   src/ASF/sam/drivers/pmc/pmc.o
pmc_disable_periph_clk                            src/ASF/sam/drivers/pmc/pmc.o
                                                  src/ASF/sam/drivers/spi/spi.o
pmc_disable_pllack                                src/ASF/sam/drivers/pmc/pmc.o
                                                  src/ASF/sam/drivers/pmc/sleep.o
                                                  src/ASF/common/services/clock/same70/sysclk.o
pmc_disable_sclk_osc_freq_monitor                 src/ASF/sam/drivers/pmc/pmc.o
pmc_disable_sleepwalking                          src/ASF/sam/drivers/pmc/pmc.o
pmc_disable_udpck                                 src/ASF/sam/drivers/pmc/pmc.o
                                                  src/ASF/common/services/clock/same70/sysclk.o
pmc_disable_upll_clock                            src/ASF/sam/drivers/pmc/pmc.o
pmc_enable_all_pck                                src/ASF/sam/drivers/pmc/pmc.o
pmc_enable_all_periph_clk                         src/ASF/sam/drivers/pmc/pmc.o
pmc_enable_backupmode                             src/ASF/sam/drivers/pmc/pmc.o
pmc_enable_clock_failure_detector                 src/ASF/sam/drivers/pmc/pmc.o
pmc_enable_interrupt                              src/ASF/sam/drivers/pmc/pmc.o
pmc_enable_pck                                    src/ASF/sam/drivers/pmc/pmc.o
pmc_enable_periph_clk                             src/ASF/sam/drivers/pmc/pmc.o
                                                  src/main.o
                                                  src/ASF/sam/boards/same70_xplained/init.o
                                                  src/ASF/sam/drivers/spi/spi.o
pmc_enable_pllack                                 src/ASF/sam/drivers/pmc/pmc.o
pmc_enable_sclk_osc_freq_monitor                  src/ASF/sam/drivers/pmc/pmc.o
pmc_enable_sleepmode                              src/ASF/sam/drivers/pmc/pmc.o
pmc_enable_sleepwalking                           src/ASF/sam/drivers/pmc/pmc.o
pmc_enable_udpck                                  src/ASF/sam/drivers/pmc/pmc.o
                                                  src/ASF/common/services/clock/same70/sysclk.o
pmc_enable_upll_clock                             src/ASF/sam/drivers/pmc/pmc.o
                                                  src/ASF/common/services/clock/same70/sysclk.o
pmc_enable_waitmode                               src/ASF/sam/drivers/pmc/pmc.o
                                                  src/ASF/sam/drivers/pmc/sleep.o
pmc_get_active_status0                            src/ASF/sam/drivers/pmc/pmc.o
pmc_get_active_status1                            src/ASF/sam/drivers/pmc/pmc.o
pmc_get_interrupt_mask                            src/ASF/sam/drivers/pmc/pmc.o
pmc_get_sleepwalking_status0                      src/ASF/sam/drivers/pmc/pmc.o
pmc_get_sleepwalking_status1                      src/ASF/sam/drivers/pmc/pmc.o
pmc_get_status                                    src/ASF/sam/drivers/pmc/pmc.o
pmc_get_writeprotect_status                       src/ASF/sam/drivers/pmc/pmc.o
pmc_is_locked_pllack                              src/ASF/sam/drivers/pmc/pmc.o
                                                  src/ASF/common/services/clock/same70/sysclk.o
pmc_is_locked_upll                                src/ASF/sam/drivers/pmc/pmc.o
pmc_is_pck_enabled                                src/ASF/sam/drivers/pmc/pmc.o
pmc_is_periph_clk_enabled                         src/ASF/sam/drivers/pmc/pmc.o
pmc_is_wakeup_clocks_restored                     src/ASF/sam/drivers/pmc/sleep.o
pmc_mainck_osc_select                             src/ASF/sam/drivers/pmc/pmc.o
pmc_mck_set_division                              src/ASF/sam/drivers/pmc/pmc.o
                                                  src/ASF/common/services/clock/same70/sysclk.o
pmc_mck_set_prescaler                             src/ASF/sam/drivers/pmc/pmc.o
                                                  src/ASF/common/services/clock/same70/sysclk.o
pmc_mck_set_source                                src/ASF/sam/drivers/pmc/pmc.o
                                                  src/ASF/common/services/clock/same70/sysclk.o
pmc_osc_bypass_main_xtal                          src/ASF/sam/drivers/pmc/pmc.o
pmc_osc_disable_fastrc                            src/ASF/sam/drivers/pmc/pmc.o